[0.168s] DEBUG:colcon:Command line arguments: ['/usr/bin/colcon', 'build', '--packages-select', 'tuw_hardware_trinamic_driver']
[0.169s] DEBUG:colcon:Parsed command line arguments: Namespace(log_base=None, log_level=None, verb_name='build', build_base='build', install_base='install', merge_install=False, symlink_install=False, test_result_base=None, continue_on_error=False, executor='parallel', parallel_workers=14, event_handlers=None, ignore_user_meta=False, metas=['./colcon.meta'], base_paths=['.'], packages_ignore=None, packages_ignore_regex=None, paths=None, packages_up_to=None, packages_up_to_regex=None, packages_above=None, packages_above_and_dependencies=None, packages_above_depth=None, packages_select_by_dep=None, packages_skip_by_dep=None, packages_skip_up_to=None, packages_select_build_failed=False, packages_skip_build_finished=False, packages_select_test_failures=False, packages_skip_test_passed=False, packages_select=['tuw_hardware_trinamic_driver'], packages_skip=None, packages_select_regex=None, packages_skip_regex=None, packages_start=None, packages_end=None, allow_overriding=[], cmake_args=None, cmake_target=None, cmake_target_skip_unavailable=False, cmake_clean_cache=False, cmake_clean_first=False, cmake_force_configure=False, ament_cmake_args=None, catkin_cmake_args=None, catkin_skip_building_tests=False, mixin_files=None, mixin=None, verb_parser=<colcon_mixin.mixin.mixin_argument.MixinArgumentDecorator object at 0x7dfcb72b5040>, verb_extension=<colcon_core.verb.build.BuildVerb object at 0x7dfcb72b4e30>, main=<bound method BuildVerb.main of <colcon_core.verb.build.BuildVerb object at 0x7dfcb72b4e30>>, mixin_verb=('build',))
[0.224s] Level 1:colcon.colcon_core.package_discovery:discover_packages(colcon_meta) check parameters
[0.224s] Level 1:colcon.colcon_core.package_discovery:discover_packages(recursive) check parameters
[0.224s] Level 1:colcon.colcon_core.package_discovery:discover_packages(ignore) check parameters
[0.224s] Level 1:colcon.colcon_core.package_discovery:discover_packages(path) check parameters
[0.224s] Level 1:colcon.colcon_core.package_discovery:discover_packages(colcon_meta) discover
[0.224s] Level 1:colcon.colcon_core.package_discovery:discover_packages(recursive) discover
[0.224s] INFO:colcon.colcon_core.package_discovery:Crawling recursively for packages in '/home/coffee/Documents/Studium/TU/bachelorarbeit/tuw_hardware_interface'
[0.224s] Level 1:colcon.colcon_core.package_identification:_identify(.) by extensions ['ignore', 'ignore_ament_install']
[0.225s] Level 1:colcon.colcon_core.package_identification:_identify(.) by extension 'ignore'
[0.225s] Level 1:colcon.colcon_core.package_identification:_identify(.) by extension 'ignore_ament_install'
[0.225s] Level 1:colcon.colcon_core.package_identification:_identify(.) by extensions ['colcon_pkg']
[0.225s] Level 1:colcon.colcon_core.package_identification:_identify(.) by extension 'colcon_pkg'
[0.225s] Level 1:colcon.colcon_core.package_identification:_identify(.) by extensions ['colcon_meta']
[0.225s] Level 1:colcon.colcon_core.package_identification:_identify(.) by extension 'colcon_meta'
[0.225s] Level 1:colcon.colcon_core.package_identification:_identify(.) by extensions ['ros']
[0.225s] Level 1:colcon.colcon_core.package_identification:_identify(.) by extension 'ros'
[0.265s] Level 1:colcon.colcon_core.package_identification:_identify(.) by extensions ['cmake', 'python']
[0.266s] Level 1:colcon.colcon_core.package_identification:_identify(.) by extension 'cmake'
[0.266s] Level 1:colcon.colcon_core.package_identification:_identify(.) by extension 'python'
[0.266s] Level 1:colcon.colcon_core.package_identification:_identify(.) by extensions ['python_setup_py']
[0.266s] Level 1:colcon.colcon_core.package_identification:_identify(.) by extension 'python_setup_py'
[0.266s] Level 1:colcon.colcon_core.package_identification:_identify(build) by extensions ['ignore', 'ignore_ament_install']
[0.266s] Level 1:colcon.colcon_core.package_identification:_identify(build) by extension 'ignore'
[0.266s] Level 1:colcon.colcon_core.package_identification:_identify(build) ignored
[0.266s] Level 1:colcon.colcon_core.package_identification:_identify(install) by extensions ['ignore', 'ignore_ament_install']
[0.266s] Level 1:colcon.colcon_core.package_identification:_identify(install) by extension 'ignore'
[0.266s] Level 1:colcon.colcon_core.package_identification:_identify(install) ignored
[0.267s] Level 1:colcon.colcon_core.package_identification:_identify(log) by extensions ['ignore', 'ignore_ament_install']
[0.267s] Level 1:colcon.colcon_core.package_identification:_identify(log) by extension 'ignore'
[0.267s] Level 1:colcon.colcon_core.package_identification:_identify(log) ignored
[0.267s] Level 1:colcon.colcon_core.package_identification:_identify(src) by extensions ['ignore', 'ignore_ament_install']
[0.267s] Level 1:colcon.colcon_core.package_identification:_identify(src) by extension 'ignore'
[0.267s] Level 1:colcon.colcon_core.package_identification:_identify(src) by extension 'ignore_ament_install'
[0.267s] Level 1:colcon.colcon_core.package_identification:_identify(src) by extensions ['colcon_pkg']
[0.267s] Level 1:colcon.colcon_core.package_identification:_identify(src) by extension 'colcon_pkg'
[0.267s] Level 1:colcon.colcon_core.package_identification:_identify(src) by extensions ['colcon_meta']
[0.267s] Level 1:colcon.colcon_core.package_identification:_identify(src) by extension 'colcon_meta'
[0.267s] Level 1:colcon.colcon_core.package_identification:_identify(src) by extensions ['ros']
[0.267s] Level 1:colcon.colcon_core.package_identification:_identify(src) by extension 'ros'
[0.267s] Level 1:colcon.colcon_core.package_identification:_identify(src) by extensions ['cmake', 'python']
[0.267s] Level 1:colcon.colcon_core.package_identification:_identify(src) by extension 'cmake'
[0.267s] Level 1:colcon.colcon_core.package_identification:_identify(src) by extension 'python'
[0.268s] Level 1:colcon.colcon_core.package_identification:_identify(src) by extensions ['python_setup_py']
[0.268s] Level 1:colcon.colcon_core.package_identification:_identify(src) by extension 'python_setup_py'
[0.268s] Level 1:colcon.colcon_core.package_identification:_identify(src/delete) by extensions ['ignore', 'ignore_ament_install']
[0.268s] Level 1:colcon.colcon_core.package_identification:_identify(src/delete) by extension 'ignore'
[0.268s] Level 1:colcon.colcon_core.package_identification:_identify(src/delete) by extension 'ignore_ament_install'
[0.268s] Level 1:colcon.colcon_core.package_identification:_identify(src/delete) by extensions ['colcon_pkg']
[0.268s] Level 1:colcon.colcon_core.package_identification:_identify(src/delete) by extension 'colcon_pkg'
[0.268s] Level 1:colcon.colcon_core.package_identification:_identify(src/delete) by extensions ['colcon_meta']
[0.268s] Level 1:colcon.colcon_core.package_identification:_identify(src/delete) by extension 'colcon_meta'
[0.268s] Level 1:colcon.colcon_core.package_identification:_identify(src/delete) by extensions ['ros']
[0.268s] Level 1:colcon.colcon_core.package_identification:_identify(src/delete) by extension 'ros'
[0.268s] Level 1:colcon.colcon_core.package_identification:_identify(src/delete) by extensions ['cmake', 'python']
[0.268s] Level 1:colcon.colcon_core.package_identification:_identify(src/delete) by extension 'cmake'
[0.268s] Level 1:colcon.colcon_core.package_identification:_identify(src/delete) by extension 'python'
[0.268s] Level 1:colcon.colcon_core.package_identification:_identify(src/delete) by extensions ['python_setup_py']
[0.268s] Level 1:colcon.colcon_core.package_identification:_identify(src/delete) by extension 'python_setup_py'
[0.268s] Level 1:colcon.colcon_core.package_identification:_identify(src/delete/tuw_hardware_interface) by extensions ['ignore', 'ignore_ament_install']
[0.269s] Level 1:colcon.colcon_core.package_identification:_identify(src/delete/tuw_hardware_interface) by extension 'ignore'
[0.269s] Level 1:colcon.colcon_core.package_identification:_identify(src/delete/tuw_hardware_interface) by extension 'ignore_ament_install'
[0.269s] Level 1:colcon.colcon_core.package_identification:_identify(src/delete/tuw_hardware_interface) by extensions ['colcon_pkg']
[0.269s] Level 1:colcon.colcon_core.package_identification:_identify(src/delete/tuw_hardware_interface) by extension 'colcon_pkg'
[0.269s] Level 1:colcon.colcon_core.package_identification:_identify(src/delete/tuw_hardware_interface) by extensions ['colcon_meta']
[0.269s] Level 1:colcon.colcon_core.package_identification:_identify(src/delete/tuw_hardware_interface) by extension 'colcon_meta'
[0.269s] Level 1:colcon.colcon_core.package_identification:_identify(src/delete/tuw_hardware_interface) by extensions ['ros']
[0.269s] Level 1:colcon.colcon_core.package_identification:_identify(src/delete/tuw_hardware_interface) by extension 'ros'
[0.272s] DEBUG:colcon.colcon_core.package_identification:Package 'src/delete/tuw_hardware_interface' with type 'ros.catkin' and name 'tuw_hardware_interface'
[0.273s] Level 1:colcon.colcon_core.package_identification:_identify(src/delete/tuw_hardware_interface_dynamixel) by extensions ['ignore', 'ignore_ament_install']
[0.273s] Level 1:colcon.colcon_core.package_identification:_identify(src/delete/tuw_hardware_interface_dynamixel) by extension 'ignore'
[0.273s] Level 1:colcon.colcon_core.package_identification:_identify(src/delete/tuw_hardware_interface_dynamixel) by extension 'ignore_ament_install'
[0.273s] Level 1:colcon.colcon_core.package_identification:_identify(src/delete/tuw_hardware_interface_dynamixel) by extensions ['colcon_pkg']
[0.273s] Level 1:colcon.colcon_core.package_identification:_identify(src/delete/tuw_hardware_interface_dynamixel) by extension 'colcon_pkg'
[0.273s] Level 1:colcon.colcon_core.package_identification:_identify(src/delete/tuw_hardware_interface_dynamixel) by extensions ['colcon_meta']
[0.273s] Level 1:colcon.colcon_core.package_identification:_identify(src/delete/tuw_hardware_interface_dynamixel) by extension 'colcon_meta'
[0.273s] Level 1:colcon.colcon_core.package_identification:_identify(src/delete/tuw_hardware_interface_dynamixel) by extensions ['ros']
[0.273s] Level 1:colcon.colcon_core.package_identification:_identify(src/delete/tuw_hardware_interface_dynamixel) by extension 'ros'
[0.274s] DEBUG:colcon.colcon_core.package_identification:Package 'src/delete/tuw_hardware_interface_dynamixel' with type 'ros.catkin' and name 'tuw_hardware_interface_dynamixel'
[0.274s] Level 1:colcon.colcon_core.package_identification:_identify(src/delete/tuw_hardware_interface_template) by extensions ['ignore', 'ignore_ament_install']
[0.274s] Level 1:colcon.colcon_core.package_identification:_identify(src/delete/tuw_hardware_interface_template) by extension 'ignore'
[0.274s] Level 1:colcon.colcon_core.package_identification:_identify(src/delete/tuw_hardware_interface_template) by extension 'ignore_ament_install'
[0.275s] Level 1:colcon.colcon_core.package_identification:_identify(src/delete/tuw_hardware_interface_template) by extensions ['colcon_pkg']
[0.275s] Level 1:colcon.colcon_core.package_identification:_identify(src/delete/tuw_hardware_interface_template) by extension 'colcon_pkg'
[0.275s] Level 1:colcon.colcon_core.package_identification:_identify(src/delete/tuw_hardware_interface_template) by extensions ['colcon_meta']
[0.275s] Level 1:colcon.colcon_core.package_identification:_identify(src/delete/tuw_hardware_interface_template) by extension 'colcon_meta'
[0.275s] Level 1:colcon.colcon_core.package_identification:_identify(src/delete/tuw_hardware_interface_template) by extensions ['ros']
[0.275s] Level 1:colcon.colcon_core.package_identification:_identify(src/delete/tuw_hardware_interface_template) by extension 'ros'
[0.276s] DEBUG:colcon.colcon_core.package_identification:Package 'src/delete/tuw_hardware_interface_template' with type 'ros.catkin' and name 'tuw_hardware_interface_template'
[0.276s] Level 1:colcon.colcon_core.package_identification:_identify(src/delete/tuw_hardware_interface_trinamic) by extensions ['ignore', 'ignore_ament_install']
[0.276s] Level 1:colcon.colcon_core.package_identification:_identify(src/delete/tuw_hardware_interface_trinamic) by extension 'ignore'
[0.276s] Level 1:colcon.colcon_core.package_identification:_identify(src/delete/tuw_hardware_interface_trinamic) by extension 'ignore_ament_install'
[0.276s] Level 1:colcon.colcon_core.package_identification:_identify(src/delete/tuw_hardware_interface_trinamic) by extensions ['colcon_pkg']
[0.276s] Level 1:colcon.colcon_core.package_identification:_identify(src/delete/tuw_hardware_interface_trinamic) by extension 'colcon_pkg'
[0.276s] Level 1:colcon.colcon_core.package_identification:_identify(src/delete/tuw_hardware_interface_trinamic) by extensions ['colcon_meta']
[0.276s] Level 1:colcon.colcon_core.package_identification:_identify(src/delete/tuw_hardware_interface_trinamic) by extension 'colcon_meta'
[0.276s] Level 1:colcon.colcon_core.package_identification:_identify(src/delete/tuw_hardware_interface_trinamic) by extensions ['ros']
[0.276s] Level 1:colcon.colcon_core.package_identification:_identify(src/delete/tuw_hardware_interface_trinamic) by extension 'ros'
[0.277s] DEBUG:colcon.colcon_core.package_identification:Package 'src/delete/tuw_hardware_interface_trinamic' with type 'ros.catkin' and name 'tuw_hardware_interface_trinamic'
[0.277s] Level 1:colcon.colcon_core.package_identification:_identify(src/tuw_hardware_trinamic_driver) by extensions ['ignore', 'ignore_ament_install']
[0.277s] Level 1:colcon.colcon_core.package_identification:_identify(src/tuw_hardware_trinamic_driver) by extension 'ignore'
[0.277s] Level 1:colcon.colcon_core.package_identification:_identify(src/tuw_hardware_trinamic_driver) by extension 'ignore_ament_install'
[0.277s] Level 1:colcon.colcon_core.package_identification:_identify(src/tuw_hardware_trinamic_driver) by extensions ['colcon_pkg']
[0.278s] Level 1:colcon.colcon_core.package_identification:_identify(src/tuw_hardware_trinamic_driver) by extension 'colcon_pkg'
[0.278s] Level 1:colcon.colcon_core.package_identification:_identify(src/tuw_hardware_trinamic_driver) by extensions ['colcon_meta']
[0.278s] Level 1:colcon.colcon_core.package_identification:_identify(src/tuw_hardware_trinamic_driver) by extension 'colcon_meta'
[0.278s] Level 1:colcon.colcon_core.package_identification:_identify(src/tuw_hardware_trinamic_driver) by extensions ['ros']
[0.278s] Level 1:colcon.colcon_core.package_identification:_identify(src/tuw_hardware_trinamic_driver) by extension 'ros'
[0.278s] DEBUG:colcon.colcon_core.package_identification:Package 'src/tuw_hardware_trinamic_driver' with type 'ros.ament_cmake' and name 'tuw_hardware_trinamic_driver'
[0.278s] Level 1:colcon.colcon_core.package_discovery:discover_packages(recursive) using defaults
[0.278s] Level 1:colcon.colcon_core.package_discovery:discover_packages(ignore) discover
[0.278s] Level 1:colcon.colcon_core.package_discovery:discover_packages(ignore) using defaults
[0.279s] Level 1:colcon.colcon_core.package_discovery:discover_packages(path) discover
[0.279s] Level 1:colcon.colcon_core.package_discovery:discover_packages(path) using defaults
[0.308s] INFO:colcon.colcon_core.package_selection:Skipping not selected package 'tuw_hardware_interface' in 'src/delete/tuw_hardware_interface'
[0.308s] INFO:colcon.colcon_core.package_selection:Skipping not selected package 'tuw_hardware_interface_template' in 'src/delete/tuw_hardware_interface_template'
[0.308s] INFO:colcon.colcon_core.package_selection:Skipping not selected package 'tuw_hardware_interface_dynamixel' in 'src/delete/tuw_hardware_interface_dynamixel'
[0.308s] INFO:colcon.colcon_core.package_selection:Skipping not selected package 'tuw_hardware_interface_trinamic' in 'src/delete/tuw_hardware_interface_trinamic'
[0.309s] Level 1:colcon.colcon_core.package_discovery:discover_packages(prefix_path) check parameters
[0.309s] Level 1:colcon.colcon_core.package_discovery:discover_packages(prefix_path) discover
[0.313s] DEBUG:colcon.colcon_installed_package_information.package_discovery:Found 435 installed packages in /opt/ros/jazzy
[0.315s] Level 1:colcon.colcon_core.package_discovery:discover_packages(prefix_path) using defaults
[0.391s] Level 5:colcon.colcon_core.verb:set package 'tuw_hardware_trinamic_driver' build argument 'cmake_args' from command line to 'None'
[0.391s] Level 5:colcon.colcon_core.verb:set package 'tuw_hardware_trinamic_driver' build argument 'cmake_target' from command line to 'None'
[0.391s] Level 5:colcon.colcon_core.verb:set package 'tuw_hardware_trinamic_driver' build argument 'cmake_target_skip_unavailable' from command line to 'False'
[0.391s] Level 5:colcon.colcon_core.verb:set package 'tuw_hardware_trinamic_driver' build argument 'cmake_clean_cache' from command line to 'False'
[0.392s] Level 5:colcon.colcon_core.verb:set package 'tuw_hardware_trinamic_driver' build argument 'cmake_clean_first' from command line to 'False'
[0.392s] Level 5:colcon.colcon_core.verb:set package 'tuw_hardware_trinamic_driver' build argument 'cmake_force_configure' from command line to 'False'
[0.392s] Level 5:colcon.colcon_core.verb:set package 'tuw_hardware_trinamic_driver' build argument 'ament_cmake_args' from command line to 'None'
[0.392s] Level 5:colcon.colcon_core.verb:set package 'tuw_hardware_trinamic_driver' build argument 'catkin_cmake_args' from command line to 'None'
[0.392s] Level 5:colcon.colcon_core.verb:set package 'tuw_hardware_trinamic_driver' build argument 'catkin_skip_building_tests' from command line to 'False'
[0.392s] DEBUG:colcon.colcon_core.verb:Building package 'tuw_hardware_trinamic_driver' with the following arguments: {'ament_cmake_args': None, 'build_base': '/home/coffee/Documents/Studium/TU/bachelorarbeit/tuw_hardware_interface/build/tuw_hardware_trinamic_driver', 'catkin_cmake_args': None, 'catkin_skip_building_tests': False, 'cmake_args': None, 'cmake_clean_cache': False, 'cmake_clean_first': False, 'cmake_force_configure': False, 'cmake_target': None, 'cmake_target_skip_unavailable': False, 'install_base': '/home/coffee/Documents/Studium/TU/bachelorarbeit/tuw_hardware_interface/install/tuw_hardware_trinamic_driver', 'merge_install': False, 'path': '/home/coffee/Documents/Studium/TU/bachelorarbeit/tuw_hardware_interface/src/tuw_hardware_trinamic_driver', 'symlink_install': False, 'test_result_base': None}
[0.392s] INFO:colcon.colcon_core.executor:Executing jobs using 'parallel' executor
[0.393s] DEBUG:colcon.colcon_parallel_executor.executor.parallel:run_until_complete
[0.394s] INFO:colcon.colcon_ros.task.ament_cmake.build:Building ROS package in '/home/coffee/Documents/Studium/TU/bachelorarbeit/tuw_hardware_interface/src/tuw_hardware_trinamic_driver' with build type 'ament_cmake'
[0.394s] INFO:colcon.colcon_cmake.task.cmake.build:Building CMake package in '/home/coffee/Documents/Studium/TU/bachelorarbeit/tuw_hardware_interface/src/tuw_hardware_trinamic_driver'
[0.397s] INFO:colcon.colcon_core.plugin_system:Skipping extension 'colcon_core.shell.bat': Not used on non-Windows systems
[0.397s] INFO:colcon.colcon_core.shell:Skip shell extension 'powershell' for command environment: Not usable outside of PowerShell
[0.397s] DEBUG:colcon.colcon_core.shell:Skip shell extension 'dsv' for command environment
[0.413s] DEBUG:colcon.colcon_core.event_handler.log_command:Invoking command in '/home/coffee/Documents/Studium/TU/bachelorarbeit/tuw_hardware_interface/build/tuw_hardware_trinamic_driver': CMAKE_PREFIX_PATH=${CMAKE_PREFIX_PATH}:/opt/ros/jazzy DEBUGINFOD_URLS=https://debuginfod.ubuntu.com /usr/bin/cmake --build /home/coffee/Documents/Studium/TU/bachelorarbeit/tuw_hardware_interface/build/tuw_hardware_trinamic_driver -- -j14 -l14
[5.523s] DEBUG:colcon.colcon_core.event_handler.log_command:Invoked command in '/home/coffee/Documents/Studium/TU/bachelorarbeit/tuw_hardware_interface/build/tuw_hardware_trinamic_driver' returned '0': CMAKE_PREFIX_PATH=${CMAKE_PREFIX_PATH}:/opt/ros/jazzy DEBUGINFOD_URLS=https://debuginfod.ubuntu.com /usr/bin/cmake --build /home/coffee/Documents/Studium/TU/bachelorarbeit/tuw_hardware_interface/build/tuw_hardware_trinamic_driver -- -j14 -l14
[5.545s] DEBUG:colcon.colcon_core.event_handler.log_command:Invoking command in '/home/coffee/Documents/Studium/TU/bachelorarbeit/tuw_hardware_interface/build/tuw_hardware_trinamic_driver': CMAKE_PREFIX_PATH=${CMAKE_PREFIX_PATH}:/opt/ros/jazzy DEBUGINFOD_URLS=https://debuginfod.ubuntu.com /usr/bin/cmake --install /home/coffee/Documents/Studium/TU/bachelorarbeit/tuw_hardware_interface/build/tuw_hardware_trinamic_driver
[5.573s] Level 1:colcon.colcon_core.environment:create_environment_scripts_only(tuw_hardware_trinamic_driver)
[5.574s] DEBUG:colcon.colcon_core.event_handler.log_command:Invoked command in '/home/coffee/Documents/Studium/TU/bachelorarbeit/tuw_hardware_interface/build/tuw_hardware_trinamic_driver' returned '0': CMAKE_PREFIX_PATH=${CMAKE_PREFIX_PATH}:/opt/ros/jazzy DEBUGINFOD_URLS=https://debuginfod.ubuntu.com /usr/bin/cmake --install /home/coffee/Documents/Studium/TU/bachelorarbeit/tuw_hardware_interface/build/tuw_hardware_trinamic_driver
[5.577s] Level 1:colcon.colcon_core.environment:checking '/home/coffee/Documents/Studium/TU/bachelorarbeit/tuw_hardware_interface/install/tuw_hardware_trinamic_driver' for CMake module files
[5.578s] Level 1:colcon.colcon_core.environment:checking '/home/coffee/Documents/Studium/TU/bachelorarbeit/tuw_hardware_interface/install/tuw_hardware_trinamic_driver' for CMake config files
[5.579s] Level 1:colcon.colcon_core.shell:create_environment_hook('tuw_hardware_trinamic_driver', 'cmake_prefix_path')
[5.579s] INFO:colcon.colcon_core.shell:Creating environment hook '/home/coffee/Documents/Studium/TU/bachelorarbeit/tuw_hardware_interface/install/tuw_hardware_trinamic_driver/share/tuw_hardware_trinamic_driver/hook/cmake_prefix_path.ps1'
[5.580s] INFO:colcon.colcon_core.shell:Creating environment descriptor '/home/coffee/Documents/Studium/TU/bachelorarbeit/tuw_hardware_interface/install/tuw_hardware_trinamic_driver/share/tuw_hardware_trinamic_driver/hook/cmake_prefix_path.dsv'
[5.581s] INFO:colcon.colcon_core.shell:Creating environment hook '/home/coffee/Documents/Studium/TU/bachelorarbeit/tuw_hardware_interface/install/tuw_hardware_trinamic_driver/share/tuw_hardware_trinamic_driver/hook/cmake_prefix_path.sh'
[5.582s] Level 1:colcon.colcon_core.environment:checking '/home/coffee/Documents/Studium/TU/bachelorarbeit/tuw_hardware_interface/install/tuw_hardware_trinamic_driver/lib'
[5.583s] Level 1:colcon.colcon_core.environment:checking '/home/coffee/Documents/Studium/TU/bachelorarbeit/tuw_hardware_interface/install/tuw_hardware_trinamic_driver/bin'
[5.583s] Level 1:colcon.colcon_core.environment:checking '/home/coffee/Documents/Studium/TU/bachelorarbeit/tuw_hardware_interface/install/tuw_hardware_trinamic_driver/lib/pkgconfig/tuw_hardware_trinamic_driver.pc'
[5.583s] Level 1:colcon.colcon_core.environment:checking '/home/coffee/Documents/Studium/TU/bachelorarbeit/tuw_hardware_interface/install/tuw_hardware_trinamic_driver/lib/python3.12/site-packages'
[5.584s] Level 1:colcon.colcon_core.environment:checking '/home/coffee/Documents/Studium/TU/bachelorarbeit/tuw_hardware_interface/install/tuw_hardware_trinamic_driver/bin'
[5.584s] INFO:colcon.colcon_core.shell:Creating package script '/home/coffee/Documents/Studium/TU/bachelorarbeit/tuw_hardware_interface/install/tuw_hardware_trinamic_driver/share/tuw_hardware_trinamic_driver/package.ps1'
[5.586s] INFO:colcon.colcon_core.shell:Creating package descriptor '/home/coffee/Documents/Studium/TU/bachelorarbeit/tuw_hardware_interface/install/tuw_hardware_trinamic_driver/share/tuw_hardware_trinamic_driver/package.dsv'
[5.587s] INFO:colcon.colcon_core.shell:Creating package script '/home/coffee/Documents/Studium/TU/bachelorarbeit/tuw_hardware_interface/install/tuw_hardware_trinamic_driver/share/tuw_hardware_trinamic_driver/package.sh'
[5.588s] INFO:colcon.colcon_core.shell:Creating package script '/home/coffee/Documents/Studium/TU/bachelorarbeit/tuw_hardware_interface/install/tuw_hardware_trinamic_driver/share/tuw_hardware_trinamic_driver/package.bash'
[5.589s] INFO:colcon.colcon_core.shell:Creating package script '/home/coffee/Documents/Studium/TU/bachelorarbeit/tuw_hardware_interface/install/tuw_hardware_trinamic_driver/share/tuw_hardware_trinamic_driver/package.zsh'
[5.589s] Level 1:colcon.colcon_core.environment:create_file_with_runtime_dependencies(/home/coffee/Documents/Studium/TU/bachelorarbeit/tuw_hardware_interface/install/tuw_hardware_trinamic_driver/share/colcon-core/packages/tuw_hardware_trinamic_driver)
[5.590s] Level 1:colcon.colcon_core.environment:create_environment_scripts_only(tuw_hardware_trinamic_driver)
[5.591s] Level 1:colcon.colcon_core.environment:checking '/home/coffee/Documents/Studium/TU/bachelorarbeit/tuw_hardware_interface/install/tuw_hardware_trinamic_driver' for CMake module files
[5.592s] Level 1:colcon.colcon_core.environment:checking '/home/coffee/Documents/Studium/TU/bachelorarbeit/tuw_hardware_interface/install/tuw_hardware_trinamic_driver' for CMake config files
[5.592s] Level 1:colcon.colcon_core.shell:create_environment_hook('tuw_hardware_trinamic_driver', 'cmake_prefix_path')
[5.592s] INFO:colcon.colcon_core.shell:Creating environment hook '/home/coffee/Documents/Studium/TU/bachelorarbeit/tuw_hardware_interface/install/tuw_hardware_trinamic_driver/share/tuw_hardware_trinamic_driver/hook/cmake_prefix_path.ps1'
[5.593s] INFO:colcon.colcon_core.shell:Creating environment descriptor '/home/coffee/Documents/Studium/TU/bachelorarbeit/tuw_hardware_interface/install/tuw_hardware_trinamic_driver/share/tuw_hardware_trinamic_driver/hook/cmake_prefix_path.dsv'
[5.593s] INFO:colcon.colcon_core.shell:Creating environment hook '/home/coffee/Documents/Studium/TU/bachelorarbeit/tuw_hardware_interface/install/tuw_hardware_trinamic_driver/share/tuw_hardware_trinamic_driver/hook/cmake_prefix_path.sh'
[5.594s] Level 1:colcon.colcon_core.environment:checking '/home/coffee/Documents/Studium/TU/bachelorarbeit/tuw_hardware_interface/install/tuw_hardware_trinamic_driver/lib'
[5.594s] Level 1:colcon.colcon_core.environment:checking '/home/coffee/Documents/Studium/TU/bachelorarbeit/tuw_hardware_interface/install/tuw_hardware_trinamic_driver/bin'
[5.595s] Level 1:colcon.colcon_core.environment:checking '/home/coffee/Documents/Studium/TU/bachelorarbeit/tuw_hardware_interface/install/tuw_hardware_trinamic_driver/lib/pkgconfig/tuw_hardware_trinamic_driver.pc'
[5.595s] Level 1:colcon.colcon_core.environment:checking '/home/coffee/Documents/Studium/TU/bachelorarbeit/tuw_hardware_interface/install/tuw_hardware_trinamic_driver/lib/python3.12/site-packages'
[5.595s] Level 1:colcon.colcon_core.environment:checking '/home/coffee/Documents/Studium/TU/bachelorarbeit/tuw_hardware_interface/install/tuw_hardware_trinamic_driver/bin'
[5.596s] INFO:colcon.colcon_core.shell:Creating package script '/home/coffee/Documents/Studium/TU/bachelorarbeit/tuw_hardware_interface/install/tuw_hardware_trinamic_driver/share/tuw_hardware_trinamic_driver/package.ps1'
[5.597s] INFO:colcon.colcon_core.shell:Creating package descriptor '/home/coffee/Documents/Studium/TU/bachelorarbeit/tuw_hardware_interface/install/tuw_hardware_trinamic_driver/share/tuw_hardware_trinamic_driver/package.dsv'
[5.597s] INFO:colcon.colcon_core.shell:Creating package script '/home/coffee/Documents/Studium/TU/bachelorarbeit/tuw_hardware_interface/install/tuw_hardware_trinamic_driver/share/tuw_hardware_trinamic_driver/package.sh'
[5.598s] INFO:colcon.colcon_core.shell:Creating package script '/home/coffee/Documents/Studium/TU/bachelorarbeit/tuw_hardware_interface/install/tuw_hardware_trinamic_driver/share/tuw_hardware_trinamic_driver/package.bash'
[5.599s] INFO:colcon.colcon_core.shell:Creating package script '/home/coffee/Documents/Studium/TU/bachelorarbeit/tuw_hardware_interface/install/tuw_hardware_trinamic_driver/share/tuw_hardware_trinamic_driver/package.zsh'
[5.600s] Level 1:colcon.colcon_core.environment:create_file_with_runtime_dependencies(/home/coffee/Documents/Studium/TU/bachelorarbeit/tuw_hardware_interface/install/tuw_hardware_trinamic_driver/share/colcon-core/packages/tuw_hardware_trinamic_driver)
[5.600s] DEBUG:colcon.colcon_parallel_executor.executor.parallel:closing loop
[5.601s] DEBUG:colcon.colcon_parallel_executor.executor.parallel:loop closed
[5.601s] DEBUG:colcon.colcon_parallel_executor.executor.parallel:run_until_complete finished with '0'
[5.601s] DEBUG:colcon.colcon_core.event_reactor:joining thread
[5.638s] INFO:colcon.colcon_core.plugin_system:Skipping extension 'colcon_notification.desktop_notification.terminal_notifier': Not used on non-Darwin systems
[5.638s] INFO:colcon.colcon_core.plugin_system:Skipping extension 'colcon_notification.desktop_notification.win32': Not used on non-Windows systems
[5.638s] INFO:colcon.colcon_notification.desktop_notification:Sending desktop notification using 'notify2'
[5.668s] DEBUG:colcon.colcon_core.event_reactor:joined thread
[5.668s] INFO:colcon.colcon_core.shell:Creating prefix script '/home/coffee/Documents/Studium/TU/bachelorarbeit/tuw_hardware_interface/install/local_setup.ps1'
[5.670s] INFO:colcon.colcon_core.shell:Creating prefix util module '/home/coffee/Documents/Studium/TU/bachelorarbeit/tuw_hardware_interface/install/_local_setup_util_ps1.py'
[5.672s] INFO:colcon.colcon_core.shell:Creating prefix chain script '/home/coffee/Documents/Studium/TU/bachelorarbeit/tuw_hardware_interface/install/setup.ps1'
[5.674s] INFO:colcon.colcon_core.shell:Creating prefix script '/home/coffee/Documents/Studium/TU/bachelorarbeit/tuw_hardware_interface/install/local_setup.sh'
[5.674s] INFO:colcon.colcon_core.shell:Creating prefix util module '/home/coffee/Documents/Studium/TU/bachelorarbeit/tuw_hardware_interface/install/_local_setup_util_sh.py'
[5.675s] INFO:colcon.colcon_core.shell:Creating prefix chain script '/home/coffee/Documents/Studium/TU/bachelorarbeit/tuw_hardware_interface/install/setup.sh'
[5.677s] INFO:colcon.colcon_core.shell:Creating prefix script '/home/coffee/Documents/Studium/TU/bachelorarbeit/tuw_hardware_interface/install/local_setup.bash'
[5.678s] INFO:colcon.colcon_core.shell:Creating prefix chain script '/home/coffee/Documents/Studium/TU/bachelorarbeit/tuw_hardware_interface/install/setup.bash'
[5.679s] INFO:colcon.colcon_core.shell:Creating prefix script '/home/coffee/Documents/Studium/TU/bachelorarbeit/tuw_hardware_interface/install/local_setup.zsh'
[5.680s] INFO:colcon.colcon_core.shell:Creating prefix chain script '/home/coffee/Documents/Studium/TU/bachelorarbeit/tuw_hardware_interface/install/setup.zsh'
