[0.024s] Invoking command in '/home/coffee/Documents/Studium/TU/bachelorarbeit/tuw_hardware_interface/build/tuw_hardware_trinamic_driver': CMAKE_PREFIX_PATH=${CMAKE_PREFIX_PATH}:/opt/ros/jazzy DEBUGINFOD_URLS=https://debuginfod.ubuntu.com /usr/bin/cmake --build /home/coffee/Documents/Studium/TU/bachelorarbeit/tuw_hardware_interface/build/tuw_hardware_trinamic_driver -- -j14 -l14
[0.163s] [ 33%] [32mBuilding CXX object CMakeFiles/trinamic_test_node.dir/src/tuw_hardware_trinamic_connection.cpp.o[0m
[0.969s] [01m[K/home/coffee/Documents/Studium/TU/bachelorarbeit/tuw_hardware_interface/src/tuw_hardware_trinamic_driver/src/tuw_hardware_trinamic_connection.cpp:[m[K In constructor ‘[01m[Ktmcm1640::TMCM1640Connection::[01;32m[KTMCM1640Connection[m[K(std::string)[m[K’:
[0.970s] [01m[K/home/coffee/Documents/Studium/TU/bachelorarbeit/tuw_hardware_interface/src/tuw_hardware_trinamic_driver/src/tuw_hardware_trinamic_connection.cpp:14:106:[m[K [01;31m[Kerror: [m[Kno matching function for call to ‘[01m[Kboost::basic_format<char>::basic_format(const char [24], int&, char*)[m[K’
[0.970s]    14 |             std::string error_message = (boost::format("Error %i from open: %s\n", errno, strerror(errno)[01;31m[K)[m[K).str();
[0.970s]       |                                                                                                          [01;31m[K^[m[K
[0.970s] In file included from [01m[K/usr/include/boost/format.hpp:47[m[K,
[0.970s]                  from [01m[K/home/coffee/Documents/Studium/TU/bachelorarbeit/tuw_hardware_interface/src/tuw_hardware_trinamic_driver/src/tuw_hardware_trinamic_connection.cpp:3[m[K:
[0.970s] [01m[K/usr/include/boost/format/format_implementation.hpp:46:5:[m[K [01;36m[Knote: [m[Kcandidate: ‘[01m[Kboost::basic_format<Ch, Tr, Alloc>::[01;32m[Kbasic_format[m[K(const string_type&, const std::locale&) [35m[K[with Ch = char; Tr = std::char_traits<char>; Alloc = std::allocator<char>; string_type = std::__cxx11::basic_string<char>][m[K[m[K’
[0.970s]    46 |     [01;36m[Kbasic_format<Ch, Tr, Alloc>[m[K:: basic_format(const string_type& s, const std::locale & loc)
[0.971s]       |     [01;36m[K^~~~~~~~~~~~~~~~~~~~~~~~~~~[m[K
[0.971s] [01m[K/usr/include/boost/format/format_implementation.hpp:46:5:[m[K [01;36m[Knote: [m[K  candidate expects 2 arguments, 3 provided
[0.971s] [01m[K/usr/include/boost/format/format_implementation.hpp:38:5:[m[K [01;36m[Knote: [m[Kcandidate: ‘[01m[Kboost::basic_format<Ch, Tr, Alloc>::[01;32m[Kbasic_format[m[K(const Ch*, const std::locale&) [35m[K[with Ch = char; Tr = std::char_traits<char>; Alloc = std::allocator<char>][m[K[m[K’
[0.971s]    38 |     [01;36m[Kbasic_format<Ch, Tr, Alloc>[m[K:: basic_format(const Ch* s, const std::locale & loc)
[0.972s]       |     [01;36m[K^~~~~~~~~~~~~~~~~~~~~~~~~~~[m[K
[0.972s] [01m[K/usr/include/boost/format/format_implementation.hpp:38:5:[m[K [01;36m[Knote: [m[K  candidate expects 2 arguments, 3 provided
[0.972s] [01m[K/usr/include/boost/format/format_implementation.hpp:68:5:[m[K [01;36m[Knote: [m[Kcandidate: ‘[01m[Kboost::basic_format<Ch, Tr, Alloc>::[01;32m[Kbasic_format[m[K(const boost::basic_format<Ch, Tr, Alloc>&) [35m[K[with Ch = char; Tr = std::char_traits<char>; Alloc = std::allocator<char>][m[K[m[K’
[0.973s]    68 |     [01;36m[Kbasic_format<Ch, Tr, Alloc>[m[K:: basic_format(const basic_format& x)
[0.973s]       |     [01;36m[K^~~~~~~~~~~~~~~~~~~~~~~~~~~[m[K
[0.973s] [01m[K/usr/include/boost/format/format_implementation.hpp:68:5:[m[K [01;36m[Knote: [m[K  candidate expects 1 argument, 3 provided
[0.973s] [01m[K/usr/include/boost/format/format_implementation.hpp:60:5:[m[K [01;36m[Knote: [m[Kcandidate: ‘[01m[Kboost::basic_format<Ch, Tr, Alloc>::[01;32m[Kbasic_format[m[K(const string_type&) [35m[K[with Ch = char; Tr = std::char_traits<char>; Alloc = std::allocator<char>; string_type = std::__cxx11::basic_string<char>][m[K[m[K’
[0.974s]    60 |     [01;36m[Kbasic_format<Ch, Tr, Alloc>[m[K:: basic_format(const string_type& s)
[0.974s]       |     [01;36m[K^~~~~~~~~~~~~~~~~~~~~~~~~~~[m[K
[0.974s] [01m[K/usr/include/boost/format/format_implementation.hpp:60:5:[m[K [01;36m[Knote: [m[K  candidate expects 1 argument, 3 provided
[0.974s] [01m[K/usr/include/boost/format/format_implementation.hpp:28:5:[m[K [01;36m[Knote: [m[Kcandidate: ‘[01m[Kboost::basic_format<Ch, Tr, Alloc>::[01;32m[Kbasic_format[m[K(const Ch*) [35m[K[with Ch = char; Tr = std::char_traits<char>; Alloc = std::allocator<char>][m[K[m[K’
[0.974s]    28 |     [01;36m[Kbasic_format<Ch, Tr, Alloc>[m[K:: basic_format(const Ch* s)
[0.974s]       |     [01;36m[K^~~~~~~~~~~~~~~~~~~~~~~~~~~[m[K
[0.974s] [01m[K/usr/include/boost/format/format_implementation.hpp:28:5:[m[K [01;36m[Knote: [m[K  candidate expects 1 argument, 3 provided
[0.975s] [01m[K/home/coffee/Documents/Studium/TU/bachelorarbeit/tuw_hardware_interface/src/tuw_hardware_trinamic_driver/src/tuw_hardware_trinamic_connection.cpp:23:111:[m[K [01;31m[Kerror: [m[Kno matching function for call to ‘[01m[Kboost::basic_format<char>::basic_format(const char [29], int&, char*)[m[K’
[0.975s]    23 |             std::string error_message = (boost::format("Error %i from tcgetattr: %s\n", errno, strerror(errno)[01;31m[K)[m[K).str();
[0.975s]       |                                                                                                               [01;31m[K^[m[K
[0.975s] [01m[K/usr/include/boost/format/format_implementation.hpp:46:5:[m[K [01;36m[Knote: [m[Kcandidate: ‘[01m[Kboost::basic_format<Ch, Tr, Alloc>::[01;32m[Kbasic_format[m[K(const string_type&, const std::locale&) [35m[K[with Ch = char; Tr = std::char_traits<char>; Alloc = std::allocator<char>; string_type = std::__cxx11::basic_string<char>][m[K[m[K’
[0.975s]    46 |     [01;36m[Kbasic_format<Ch, Tr, Alloc>[m[K:: basic_format(const string_type& s, const std::locale & loc)
[0.975s]       |     [01;36m[K^~~~~~~~~~~~~~~~~~~~~~~~~~~[m[K
[0.975s] [01m[K/usr/include/boost/format/format_implementation.hpp:46:5:[m[K [01;36m[Knote: [m[K  candidate expects 2 arguments, 3 provided
[0.976s] [01m[K/usr/include/boost/format/format_implementation.hpp:38:5:[m[K [01;36m[Knote: [m[Kcandidate: ‘[01m[Kboost::basic_format<Ch, Tr, Alloc>::[01;32m[Kbasic_format[m[K(const Ch*, const std::locale&) [35m[K[with Ch = char; Tr = std::char_traits<char>; Alloc = std::allocator<char>][m[K[m[K’
[0.976s]    38 |     [01;36m[Kbasic_format<Ch, Tr, Alloc>[m[K:: basic_format(const Ch* s, const std::locale & loc)
[0.976s]       |     [01;36m[K^~~~~~~~~~~~~~~~~~~~~~~~~~~[m[K
[0.976s] [01m[K/usr/include/boost/format/format_implementation.hpp:38:5:[m[K [01;36m[Knote: [m[K  candidate expects 2 arguments, 3 provided
[0.976s] [01m[K/usr/include/boost/format/format_implementation.hpp:68:5:[m[K [01;36m[Knote: [m[Kcandidate: ‘[01m[Kboost::basic_format<Ch, Tr, Alloc>::[01;32m[Kbasic_format[m[K(const boost::basic_format<Ch, Tr, Alloc>&) [35m[K[with Ch = char; Tr = std::char_traits<char>; Alloc = std::allocator<char>][m[K[m[K’
[0.976s]    68 |     [01;36m[Kbasic_format<Ch, Tr, Alloc>[m[K:: basic_format(const basic_format& x)
[0.976s]       |     [01;36m[K^~~~~~~~~~~~~~~~~~~~~~~~~~~[m[K
[0.976s] [01m[K/usr/include/boost/format/format_implementation.hpp:68:5:[m[K [01;36m[Knote: [m[K  candidate expects 1 argument, 3 provided
[0.976s] [01m[K/usr/include/boost/format/format_implementation.hpp:60:5:[m[K [01;36m[Knote: [m[Kcandidate: ‘[01m[Kboost::basic_format<Ch, Tr, Alloc>::[01;32m[Kbasic_format[m[K(const string_type&) [35m[K[with Ch = char; Tr = std::char_traits<char>; Alloc = std::allocator<char>; string_type = std::__cxx11::basic_string<char>][m[K[m[K’
[0.977s]    60 |     [01;36m[Kbasic_format<Ch, Tr, Alloc>[m[K:: basic_format(const string_type& s)
[0.977s]       |     [01;36m[K^~~~~~~~~~~~~~~~~~~~~~~~~~~[m[K
[0.977s] [01m[K/usr/include/boost/format/format_implementation.hpp:60:5:[m[K [01;36m[Knote: [m[K  candidate expects 1 argument, 3 provided
[0.978s] [01m[K/usr/include/boost/format/format_implementation.hpp:28:5:[m[K [01;36m[Knote: [m[Kcandidate: ‘[01m[Kboost::basic_format<Ch, Tr, Alloc>::[01;32m[Kbasic_format[m[K(const Ch*) [35m[K[with Ch = char; Tr = std::char_traits<char>; Alloc = std::allocator<char>][m[K[m[K’
[0.978s]    28 |     [01;36m[Kbasic_format<Ch, Tr, Alloc>[m[K:: basic_format(const Ch* s)
[0.978s]       |     [01;36m[K^~~~~~~~~~~~~~~~~~~~~~~~~~~[m[K
[0.978s] [01m[K/usr/include/boost/format/format_implementation.hpp:28:5:[m[K [01;36m[Knote: [m[K  candidate expects 1 argument, 3 provided
[0.978s] [01m[K/home/coffee/Documents/Studium/TU/bachelorarbeit/tuw_hardware_interface/src/tuw_hardware_trinamic_driver/src/tuw_hardware_trinamic_connection.cpp:67:21:[m[K [01;31m[Kerror: [m[Ktoo many arguments to function ‘[01m[Kint[01;32m[K tcgetattr[m[K(int, termios*)[m[K’
[0.978s]    67 |         if([01;31m[Ktcgetattr(serial_port, TCSANOW, &tty)[m[K != 0) {
[0.978s]       |            [01;31m[K~~~~~~~~~^~~~~~~~~~~~~~~~~~~~~~~~~~~~[m[K
[0.978s] In file included from [01m[K/home/coffee/Documents/Studium/TU/bachelorarbeit/tuw_hardware_interface/src/tuw_hardware_trinamic_driver/include/tuw_hardware_trinamic_driver/tuw_hardware_trinamic_connection.hpp:9[m[K,
[0.978s]                  from [01m[K/home/coffee/Documents/Studium/TU/bachelorarbeit/tuw_hardware_interface/src/tuw_hardware_trinamic_driver/src/tuw_hardware_trinamic_connection.cpp:1[m[K:
[0.978s] [01m[K/usr/include/termios.h:66:12:[m[K [01;36m[Knote: [m[Kdeclared here
[0.978s]    66 | extern int [01;36m[Ktcgetattr[m[K (int __fd, struct termios *__termios_p) __THROW;
[0.979s]       |            [01;36m[K^~~~~~~~~[m[K
[0.979s] [01m[K/home/coffee/Documents/Studium/TU/bachelorarbeit/tuw_hardware_interface/src/tuw_hardware_trinamic_driver/src/tuw_hardware_trinamic_connection.cpp:70:111:[m[K [01;31m[Kerror: [m[Kno matching function for call to ‘[01m[Kboost::basic_format<char>::basic_format(const char [29], int&, char*)[m[K’
[0.979s]    70 |             std::string error_message = (boost::format("Error %i from tcsetattr: %s\n", errno, strerror(errno)[01;31m[K)[m[K).str();
[0.979s]       |                                                                                                               [01;31m[K^[m[K
[0.979s] [01m[K/usr/include/boost/format/format_implementation.hpp:46:5:[m[K [01;36m[Knote: [m[Kcandidate: ‘[01m[Kboost::basic_format<Ch, Tr, Alloc>::[01;32m[Kbasic_format[m[K(const string_type&, const std::locale&) [35m[K[with Ch = char; Tr = std::char_traits<char>; Alloc = std::allocator<char>; string_type = std::__cxx11::basic_string<char>][m[K[m[K’
[0.979s]    46 |     [01;36m[Kbasic_format<Ch, Tr, Alloc>[m[K:: basic_format(const string_type& s, const std::locale & loc)
[0.979s]       |     [01;36m[K^~~~~~~~~~~~~~~~~~~~~~~~~~~[m[K
[0.979s] [01m[K/usr/include/boost/format/format_implementation.hpp:46:5:[m[K [01;36m[Knote: [m[K  candidate expects 2 arguments, 3 provided
[0.979s] [01m[K/usr/include/boost/format/format_implementation.hpp:38:5:[m[K [01;36m[Knote: [m[Kcandidate: ‘[01m[Kboost::basic_format<Ch, Tr, Alloc>::[01;32m[Kbasic_format[m[K(const Ch*, const std::locale&) [35m[K[with Ch = char; Tr = std::char_traits<char>; Alloc = std::allocator<char>][m[K[m[K’
[0.979s]    38 |     [01;36m[Kbasic_format<Ch, Tr, Alloc>[m[K:: basic_format(const Ch* s, const std::locale & loc)
[0.979s]       |     [01;36m[K^~~~~~~~~~~~~~~~~~~~~~~~~~~[m[K
[0.979s] [01m[K/usr/include/boost/format/format_implementation.hpp:38:5:[m[K [01;36m[Knote: [m[K  candidate expects 2 arguments, 3 provided
[0.979s] [01m[K/usr/include/boost/format/format_implementation.hpp:68:5:[m[K [01;36m[Knote: [m[Kcandidate: ‘[01m[Kboost::basic_format<Ch, Tr, Alloc>::[01;32m[Kbasic_format[m[K(const boost::basic_format<Ch, Tr, Alloc>&) [35m[K[with Ch = char; Tr = std::char_traits<char>; Alloc = std::allocator<char>][m[K[m[K’
[0.980s]    68 |     [01;36m[Kbasic_format<Ch, Tr, Alloc>[m[K:: basic_format(const basic_format& x)
[0.980s]       |     [01;36m[K^~~~~~~~~~~~~~~~~~~~~~~~~~~[m[K
[0.980s] [01m[K/usr/include/boost/format/format_implementation.hpp:68:5:[m[K [01;36m[Knote: [m[K  candidate expects 1 argument, 3 provided
[0.980s] [01m[K/usr/include/boost/format/format_implementation.hpp:60:5:[m[K [01;36m[Knote: [m[Kcandidate: ‘[01m[Kboost::basic_format<Ch, Tr, Alloc>::[01;32m[Kbasic_format[m[K(const string_type&) [35m[K[with Ch = char; Tr = std::char_traits<char>; Alloc = std::allocator<char>; string_type = std::__cxx11::basic_string<char>][m[K[m[K’
[0.980s]    60 |     [01;36m[Kbasic_format<Ch, Tr, Alloc>[m[K:: basic_format(const string_type& s)
[0.980s]       |     [01;36m[K^~~~~~~~~~~~~~~~~~~~~~~~~~~[m[K
[0.980s] [01m[K/usr/include/boost/format/format_implementation.hpp:60:5:[m[K [01;36m[Knote: [m[K  candidate expects 1 argument, 3 provided
[0.980s] [01m[K/usr/include/boost/format/format_implementation.hpp:28:5:[m[K [01;36m[Knote: [m[Kcandidate: ‘[01m[Kboost::basic_format<Ch, Tr, Alloc>::[01;32m[Kbasic_format[m[K(const Ch*) [35m[K[with Ch = char; Tr = std::char_traits<char>; Alloc = std::allocator<char>][m[K[m[K’
[0.980s]    28 |     [01;36m[Kbasic_format<Ch, Tr, Alloc>[m[K:: basic_format(const Ch* s)
[0.980s]       |     [01;36m[K^~~~~~~~~~~~~~~~~~~~~~~~~~~[m[K
[0.980s] [01m[K/usr/include/boost/format/format_implementation.hpp:28:5:[m[K [01;36m[Knote: [m[K  candidate expects 1 argument, 3 provided
[0.980s] In file included from [01m[K/home/coffee/Documents/Studium/TU/bachelorarbeit/tuw_hardware_interface/src/tuw_hardware_trinamic_driver/include/tuw_hardware_trinamic_driver/tuw_hardware_trinamic_connection.hpp:4[m[K:
[0.980s] [01m[K/home/coffee/Documents/Studium/TU/bachelorarbeit/tuw_hardware_interface/src/tuw_hardware_trinamic_driver/include/tuw_hardware_trinamic_driver/tuw_hardware_trinamic_definitions.hpp:146:20:[m[K [01;31m[Kerror: [m[Kexpected unqualified-id before numeric constant
[0.980s]   146 |     #define TARGET [01;31m[K1[m[K
[0.981s]       |                    [01;31m[K^[m[K
[0.981s] [01m[K/home/coffee/Documents/Studium/TU/bachelorarbeit/tuw_hardware_interface/src/tuw_hardware_trinamic_driver/src/tuw_hardware_trinamic_connection.cpp:76:46:[m[K [01;36m[Knote: [m[Kin expansion of macro ‘[01m[KTARGET[m[K’
[0.981s]    76 |         command_message[tmcm1640_cmd_format::[01;36m[KTARGET[m[K] = TARGET;
[0.981s]       |                                              [01;36m[K^~~~~~[m[K
[0.981s] [01m[K/home/coffee/Documents/Studium/TU/bachelorarbeit/tuw_hardware_interface/src/tuw_hardware_trinamic_driver/src/tuw_hardware_trinamic_connection.cpp:76:44:[m[K [01;31m[Kerror: [m[Kexpected ‘[01m[K][m[K’ before numeric constant
[0.981s]    76 |         command_message[tmcm1640_cmd_format[01;31m[K:[m[K:TARGET] = TARGET;
[0.981s]       |                                            [01;31m[K^[m[K
[0.981s]       |                                            [32m[K][m[K
[0.981s] [01m[K/home/coffee/Documents/Studium/TU/bachelorarbeit/tuw_hardware_interface/src/tuw_hardware_trinamic_driver/src/tuw_hardware_trinamic_connection.cpp:77:24:[m[K [01;31m[Kerror: [m[Kno match for ‘[01m[Koperator[][m[K’ (operand types are ‘[01m[Kstd::array<unsigned char, 9>[m[K’ and ‘[01m[Ktmcm1640::tmcm1640_cmd_format[m[K’)
[0.981s]    77 |         command_message[01;31m[K[[m[Ktmcm1640_cmd_format::TYPE] = TYPE_DEFAULT;
[0.981s]       |                        [01;31m[K^[m[K
[0.981s] In file included from [01m[K/home/coffee/Documents/Studium/TU/bachelorarbeit/tuw_hardware_interface/src/tuw_hardware_trinamic_driver/include/tuw_hardware_trinamic_driver/tuw_hardware_trinamic_connection.hpp:13[m[K:
[0.981s] [01m[K/usr/include/c++/13/array:200:7:[m[K [01;36m[Knote: [m[Kcandidate: ‘[01m[Kconstexpr std::array<_Tp, _Nm>::value_type& std::array<_Tp, _Nm>::[01;32m[Koperator[][m[K(size_type) [35m[K[with _Tp = unsigned char; long unsigned int _Nm = 9; reference = unsigned char&; size_type = long unsigned int][m[K[m[K’
[0.982s]   200 |       [01;36m[Koperator[m[K[](size_type __n) noexcept
[0.982s]       |       [01;36m[K^~~~~~~~[m[K
[0.982s] [01m[K/usr/include/c++/13/array:200:28:[m[K [01;36m[Knote: [m[K  no known conversion for argument 1 from ‘[01m[Ktmcm1640::tmcm1640_cmd_format[m[K’ to ‘[01m[Kstd::array<unsigned char, 9>::size_type[m[K’ {aka ‘[01m[Klong unsigned int[m[K’}
[0.982s]   200 |       operator[]([01;36m[Ksize_type __n[m[K) noexcept
[0.982s]       |                  [01;36m[K~~~~~~~~~~^~~[m[K
[0.982s] [01m[K/usr/include/c++/13/array:208:7:[m[K [01;36m[Knote: [m[Kcandidate: ‘[01m[Kconstexpr const std::array<_Tp, _Nm>::value_type& std::array<_Tp, _Nm>::[01;32m[Koperator[][m[K(size_type) const [35m[K[with _Tp = unsigned char; long unsigned int _Nm = 9; const_reference = const unsigned char&; size_type = long unsigned int][m[K[m[K’
[0.982s]   208 |       [01;36m[Koperator[m[K[](size_type __n) const noexcept
[0.982s]       |       [01;36m[K^~~~~~~~[m[K
[0.982s] [01m[K/usr/include/c++/13/array:208:28:[m[K [01;36m[Knote: [m[K  no known conversion for argument 1 from ‘[01m[Ktmcm1640::tmcm1640_cmd_format[m[K’ to ‘[01m[Kstd::array<unsigned char, 9>::size_type[m[K’ {aka ‘[01m[Klong unsigned int[m[K’}
[0.982s]   208 |       operator[]([01;36m[Ksize_type __n[m[K) const noexcept
[0.982s]       |                  [01;36m[K~~~~~~~~~~^~~[m[K
[0.982s] [01m[K/home/coffee/Documents/Studium/TU/bachelorarbeit/tuw_hardware_interface/src/tuw_hardware_trinamic_driver/src/tuw_hardware_trinamic_connection.cpp:78:24:[m[K [01;31m[Kerror: [m[Kno match for ‘[01m[Koperator[][m[K’ (operand types are ‘[01m[Kstd::array<unsigned char, 9>[m[K’ and ‘[01m[Ktmcm1640::tmcm1640_cmd_format[m[K’)
[0.982s]    78 |         command_message[01;31m[K[[m[Ktmcm1640_cmd_format::MOT_BANK] = MOTOR_NUMBER;
[0.982s]       |                        [01;31m[K^[m[K
[0.983s] [01m[K/usr/include/c++/13/array:200:7:[m[K [01;36m[Knote: [m[Kcandidate: ‘[01m[Kconstexpr std::array<_Tp, _Nm>::value_type& std::array<_Tp, _Nm>::[01;32m[Koperator[][m[K(size_type) [35m[K[with _Tp = unsigned char; long unsigned int _Nm = 9; reference = unsigned char&; size_type = long unsigned int][m[K[m[K’
[0.983s]   200 |       [01;36m[Koperator[m[K[](size_type __n) noexcept
[0.983s]       |       [01;36m[K^~~~~~~~[m[K
[0.983s] [01m[K/usr/include/c++/13/array:200:28:[m[K [01;36m[Knote: [m[K  no known conversion for argument 1 from ‘[01m[Ktmcm1640::tmcm1640_cmd_format[m[K’ to ‘[01m[Kstd::array<unsigned char, 9>::size_type[m[K’ {aka ‘[01m[Klong unsigned int[m[K’}
[0.983s]   200 |       operator[]([01;36m[Ksize_type __n[m[K) noexcept
[0.983s]       |                  [01;36m[K~~~~~~~~~~^~~[m[K
[0.983s] [01m[K/usr/include/c++/13/array:208:7:[m[K [01;36m[Knote: [m[Kcandidate: ‘[01m[Kconstexpr const std::array<_Tp, _Nm>::value_type& std::array<_Tp, _Nm>::[01;32m[Koperator[][m[K(size_type) const [35m[K[with _Tp = unsigned char; long unsigned int _Nm = 9; const_reference = const unsigned char&; size_type = long unsigned int][m[K[m[K’
[0.983s]   208 |       [01;36m[Koperator[m[K[](size_type __n) const noexcept
[0.983s]       |       [01;36m[K^~~~~~~~[m[K
[0.983s] [01m[K/usr/include/c++/13/array:208:28:[m[K [01;36m[Knote: [m[K  no known conversion for argument 1 from ‘[01m[Ktmcm1640::tmcm1640_cmd_format[m[K’ to ‘[01m[Kstd::array<unsigned char, 9>::size_type[m[K’ {aka ‘[01m[Klong unsigned int[m[K’}
[0.983s]   208 |       operator[]([01;36m[Ksize_type __n[m[K) const noexcept
[0.983s]       |                  [01;36m[K~~~~~~~~~~^~~[m[K
[0.983s] [01m[K/home/coffee/Documents/Studium/TU/bachelorarbeit/tuw_hardware_interface/src/tuw_hardware_trinamic_driver/src/tuw_hardware_trinamic_connection.cpp:79:24:[m[K [01;31m[Kerror: [m[Kno match for ‘[01m[Koperator[][m[K’ (operand types are ‘[01m[Kstd::array<unsigned char, 9>[m[K’ and ‘[01m[Ktmcm1640::tmcm1640_cmd_format[m[K’)
[0.984s]    79 |         command_message[01;31m[K[[m[Ktmcm1640_cmd_format::VALUE3] = VALUE_DEFAULT;
[0.984s]       |                        [01;31m[K^[m[K
[0.984s] [01m[K/usr/include/c++/13/array:200:7:[m[K [01;36m[Knote: [m[Kcandidate: ‘[01m[Kconstexpr std::array<_Tp, _Nm>::value_type& std::array<_Tp, _Nm>::[01;32m[Koperator[][m[K(size_type) [35m[K[with _Tp = unsigned char; long unsigned int _Nm = 9; reference = unsigned char&; size_type = long unsigned int][m[K[m[K’
[0.984s]   200 |       [01;36m[Koperator[m[K[](size_type __n) noexcept
[0.984s]       |       [01;36m[K^~~~~~~~[m[K
[0.984s] [01m[K/usr/include/c++/13/array:200:28:[m[K [01;36m[Knote: [m[K  no known conversion for argument 1 from ‘[01m[Ktmcm1640::tmcm1640_cmd_format[m[K’ to ‘[01m[Kstd::array<unsigned char, 9>::size_type[m[K’ {aka ‘[01m[Klong unsigned int[m[K’}
[0.984s]   200 |       operator[]([01;36m[Ksize_type __n[m[K) noexcept
[0.984s]       |                  [01;36m[K~~~~~~~~~~^~~[m[K
[0.984s] [01m[K/usr/include/c++/13/array:208:7:[m[K [01;36m[Knote: [m[Kcandidate: ‘[01m[Kconstexpr const std::array<_Tp, _Nm>::value_type& std::array<_Tp, _Nm>::[01;32m[Koperator[][m[K(size_type) const [35m[K[with _Tp = unsigned char; long unsigned int _Nm = 9; const_reference = const unsigned char&; size_type = long unsigned int][m[K[m[K’
[0.984s]   208 |       [01;36m[Koperator[m[K[](size_type __n) const noexcept
[0.984s]       |       [01;36m[K^~~~~~~~[m[K
[0.984s] [01m[K/usr/include/c++/13/array:208:28:[m[K [01;36m[Knote: [m[K  no known conversion for argument 1 from ‘[01m[Ktmcm1640::tmcm1640_cmd_format[m[K’ to ‘[01m[Kstd::array<unsigned char, 9>::size_type[m[K’ {aka ‘[01m[Klong unsigned int[m[K’}
[0.984s]   208 |       operator[]([01;36m[Ksize_type __n[m[K) const noexcept
[0.984s]       |                  [01;36m[K~~~~~~~~~~^~~[m[K
[0.985s] [01m[K/home/coffee/Documents/Studium/TU/bachelorarbeit/tuw_hardware_interface/src/tuw_hardware_trinamic_driver/src/tuw_hardware_trinamic_connection.cpp:80:24:[m[K [01;31m[Kerror: [m[Kno match for ‘[01m[Koperator[][m[K’ (operand types are ‘[01m[Kstd::array<unsigned char, 9>[m[K’ and ‘[01m[Ktmcm1640::tmcm1640_cmd_format[m[K’)
[0.985s]    80 |         command_message[01;31m[K[[m[Ktmcm1640_cmd_format::VALUE2] = VALUE_DEFAULT;
[0.985s]       |                        [01;31m[K^[m[K
[0.985s] [01m[K/usr/include/c++/13/array:200:7:[m[K [01;36m[Knote: [m[Kcandidate: ‘[01m[Kconstexpr std::array<_Tp, _Nm>::value_type& std::array<_Tp, _Nm>::[01;32m[Koperator[][m[K(size_type) [35m[K[with _Tp = unsigned char; long unsigned int _Nm = 9; reference = unsigned char&; size_type = long unsigned int][m[K[m[K’
[0.985s]   200 |       [01;36m[Koperator[m[K[](size_type __n) noexcept
[0.985s]       |       [01;36m[K^~~~~~~~[m[K
[0.985s] [01m[K/usr/include/c++/13/array:200:28:[m[K [01;36m[Knote: [m[K  no known conversion for argument 1 from ‘[01m[Ktmcm1640::tmcm1640_cmd_format[m[K’ to ‘[01m[Kstd::array<unsigned char, 9>::size_type[m[K’ {aka ‘[01m[Klong unsigned int[m[K’}
[0.985s]   200 |       operator[]([01;36m[Ksize_type __n[m[K) noexcept
[0.985s]       |                  [01;36m[K~~~~~~~~~~^~~[m[K
[0.985s] [01m[K/usr/include/c++/13/array:208:7:[m[K [01;36m[Knote: [m[Kcandidate: ‘[01m[Kconstexpr const std::array<_Tp, _Nm>::value_type& std::array<_Tp, _Nm>::[01;32m[Koperator[][m[K(size_type) const [35m[K[with _Tp = unsigned char; long unsigned int _Nm = 9; const_reference = const unsigned char&; size_type = long unsigned int][m[K[m[K’
[0.985s]   208 |       [01;36m[Koperator[m[K[](size_type __n) const noexcept
[0.985s]       |       [01;36m[K^~~~~~~~[m[K
[0.985s] [01m[K/usr/include/c++/13/array:208:28:[m[K [01;36m[Knote: [m[K  no known conversion for argument 1 from ‘[01m[Ktmcm1640::tmcm1640_cmd_format[m[K’ to ‘[01m[Kstd::array<unsigned char, 9>::size_type[m[K’ {aka ‘[01m[Klong unsigned int[m[K’}
[0.985s]   208 |       operator[]([01;36m[Ksize_type __n[m[K) const noexcept
[0.986s]       |                  [01;36m[K~~~~~~~~~~^~~[m[K
[0.986s] [01m[K/home/coffee/Documents/Studium/TU/bachelorarbeit/tuw_hardware_interface/src/tuw_hardware_trinamic_driver/src/tuw_hardware_trinamic_connection.cpp:81:24:[m[K [01;31m[Kerror: [m[Kno match for ‘[01m[Koperator[][m[K’ (operand types are ‘[01m[Kstd::array<unsigned char, 9>[m[K’ and ‘[01m[Ktmcm1640::tmcm1640_cmd_format[m[K’)
[0.986s]    81 |         command_message[01;31m[K[[m[Ktmcm1640_cmd_format::VALUE1] = VALUE_DEFAULT;
[0.986s]       |                        [01;31m[K^[m[K
[0.986s] [01m[K/usr/include/c++/13/array:200:7:[m[K [01;36m[Knote: [m[Kcandidate: ‘[01m[Kconstexpr std::array<_Tp, _Nm>::value_type& std::array<_Tp, _Nm>::[01;32m[Koperator[][m[K(size_type) [35m[K[with _Tp = unsigned char; long unsigned int _Nm = 9; reference = unsigned char&; size_type = long unsigned int][m[K[m[K’
[0.986s]   200 |       [01;36m[Koperator[m[K[](size_type __n) noexcept
[0.986s]       |       [01;36m[K^~~~~~~~[m[K
[0.986s] [01m[K/usr/include/c++/13/array:200:28:[m[K [01;36m[Knote: [m[K  no known conversion for argument 1 from ‘[01m[Ktmcm1640::tmcm1640_cmd_format[m[K’ to ‘[01m[Kstd::array<unsigned char, 9>::size_type[m[K’ {aka ‘[01m[Klong unsigned int[m[K’}
[0.986s]   200 |       operator[]([01;36m[Ksize_type __n[m[K) noexcept
[0.986s]       |                  [01;36m[K~~~~~~~~~~^~~[m[K
[0.986s] [01m[K/usr/include/c++/13/array:208:7:[m[K [01;36m[Knote: [m[Kcandidate: ‘[01m[Kconstexpr const std::array<_Tp, _Nm>::value_type& std::array<_Tp, _Nm>::[01;32m[Koperator[][m[K(size_type) const [35m[K[with _Tp = unsigned char; long unsigned int _Nm = 9; const_reference = const unsigned char&; size_type = long unsigned int][m[K[m[K’
[0.986s]   208 |       [01;36m[Koperator[m[K[](size_type __n) const noexcept
[0.986s]       |       [01;36m[K^~~~~~~~[m[K
[0.986s] [01m[K/usr/include/c++/13/array:208:28:[m[K [01;36m[Knote: [m[K  no known conversion for argument 1 from ‘[01m[Ktmcm1640::tmcm1640_cmd_format[m[K’ to ‘[01m[Kstd::array<unsigned char, 9>::size_type[m[K’ {aka ‘[01m[Klong unsigned int[m[K’}
[0.987s]   208 |       operator[]([01;36m[Ksize_type __n[m[K) const noexcept
[0.987s]       |                  [01;36m[K~~~~~~~~~~^~~[m[K
[0.987s] [01m[K/home/coffee/Documents/Studium/TU/bachelorarbeit/tuw_hardware_interface/src/tuw_hardware_trinamic_driver/src/tuw_hardware_trinamic_connection.cpp:82:24:[m[K [01;31m[Kerror: [m[Kno match for ‘[01m[Koperator[][m[K’ (operand types are ‘[01m[Kstd::array<unsigned char, 9>[m[K’ and ‘[01m[Ktmcm1640::tmcm1640_cmd_format[m[K’)
[0.987s]    82 |         command_message[01;31m[K[[m[Ktmcm1640_cmd_format::VALUE0] = VALUE_DEFAULT;
[0.987s]       |                        [01;31m[K^[m[K
[0.987s] [01m[K/usr/include/c++/13/array:200:7:[m[K [01;36m[Knote: [m[Kcandidate: ‘[01m[Kconstexpr std::array<_Tp, _Nm>::value_type& std::array<_Tp, _Nm>::[01;32m[Koperator[][m[K(size_type) [35m[K[with _Tp = unsigned char; long unsigned int _Nm = 9; reference = unsigned char&; size_type = long unsigned int][m[K[m[K’
[0.987s]   200 |       [01;36m[Koperator[m[K[](size_type __n) noexcept
[0.987s]       |       [01;36m[K^~~~~~~~[m[K
[0.987s] [01m[K/usr/include/c++/13/array:200:28:[m[K [01;36m[Knote: [m[K  no known conversion for argument 1 from ‘[01m[Ktmcm1640::tmcm1640_cmd_format[m[K’ to ‘[01m[Kstd::array<unsigned char, 9>::size_type[m[K’ {aka ‘[01m[Klong unsigned int[m[K’}
[0.987s]   200 |       operator[]([01;36m[Ksize_type __n[m[K) noexcept
[0.987s]       |                  [01;36m[K~~~~~~~~~~^~~[m[K
[0.987s] [01m[K/usr/include/c++/13/array:208:7:[m[K [01;36m[Knote: [m[Kcandidate: ‘[01m[Kconstexpr const std::array<_Tp, _Nm>::value_type& std::array<_Tp, _Nm>::[01;32m[Koperator[][m[K(size_type) const [35m[K[with _Tp = unsigned char; long unsigned int _Nm = 9; const_reference = const unsigned char&; size_type = long unsigned int][m[K[m[K’
[0.987s]   208 |       [01;36m[Koperator[m[K[](size_type __n) const noexcept
[0.987s]       |       [01;36m[K^~~~~~~~[m[K
[0.988s] [01m[K/usr/include/c++/13/array:208:28:[m[K [01;36m[Knote: [m[K  no known conversion for argument 1 from ‘[01m[Ktmcm1640::tmcm1640_cmd_format[m[K’ to ‘[01m[Kstd::array<unsigned char, 9>::size_type[m[K’ {aka ‘[01m[Klong unsigned int[m[K’}
[0.988s]   208 |       operator[]([01;36m[Ksize_type __n[m[K) const noexcept
[0.988s]       |                  [01;36m[K~~~~~~~~~~^~~[m[K
[0.988s] [01m[K/home/coffee/Documents/Studium/TU/bachelorarbeit/tuw_hardware_interface/src/tuw_hardware_trinamic_driver/src/tuw_hardware_trinamic_connection.cpp:[m[K In member function ‘[01m[Kint32_t tmcm1640::TMCM1640Connection::[01;32m[Kcommunicate[m[K(tmcm1640::tmcm1640_cmd, int, int)[m[K’:
[0.988s] [01m[K/home/coffee/Documents/Studium/TU/bachelorarbeit/tuw_hardware_interface/src/tuw_hardware_trinamic_driver/src/tuw_hardware_trinamic_connection.cpp:100:24:[m[K [01;31m[Kerror: [m[Kno match for ‘[01m[Koperator[][m[K’ (operand types are ‘[01m[Kstd::array<unsigned char, 9>[m[K’ and ‘[01m[Ktmcm1640::tmcm1640_cmd_format[m[K’)
[0.988s]   100 |         command_message[01;31m[K[[m[Ktmcm1640_cmd_format::CMD] = cmd;
[0.988s]       |                        [01;31m[K^[m[K
[0.988s] [01m[K/usr/include/c++/13/array:200:7:[m[K [01;36m[Knote: [m[Kcandidate: ‘[01m[Kconstexpr std::array<_Tp, _Nm>::value_type& std::array<_Tp, _Nm>::[01;32m[Koperator[][m[K(size_type) [35m[K[with _Tp = unsigned char; long unsigned int _Nm = 9; reference = unsigned char&; size_type = long unsigned int][m[K[m[K’
[0.988s]   200 |       [01;36m[Koperator[m[K[](size_type __n) noexcept
[0.988s]       |       [01;36m[K^~~~~~~~[m[K
[0.988s] [01m[K/usr/include/c++/13/array:200:28:[m[K [01;36m[Knote: [m[K  no known conversion for argument 1 from ‘[01m[Ktmcm1640::tmcm1640_cmd_format[m[K’ to ‘[01m[Kstd::array<unsigned char, 9>::size_type[m[K’ {aka ‘[01m[Klong unsigned int[m[K’}
[0.988s]   200 |       operator[]([01;36m[Ksize_type __n[m[K) noexcept
[0.988s]       |                  [01;36m[K~~~~~~~~~~^~~[m[K
[0.988s] [01m[K/usr/include/c++/13/array:208:7:[m[K [01;36m[Knote: [m[Kcandidate: ‘[01m[Kconstexpr const std::array<_Tp, _Nm>::value_type& std::array<_Tp, _Nm>::[01;32m[Koperator[][m[K(size_type) const [35m[K[with _Tp = unsigned char; long unsigned int _Nm = 9; const_reference = const unsigned char&; size_type = long unsigned int][m[K[m[K’
[0.989s]   208 |       [01;36m[Koperator[m[K[](size_type __n) const noexcept
[0.989s]       |       [01;36m[K^~~~~~~~[m[K
[0.989s] [01m[K/usr/include/c++/13/array:208:28:[m[K [01;36m[Knote: [m[K  no known conversion for argument 1 from ‘[01m[Ktmcm1640::tmcm1640_cmd_format[m[K’ to ‘[01m[Kstd::array<unsigned char, 9>::size_type[m[K’ {aka ‘[01m[Klong unsigned int[m[K’}
[0.989s]   208 |       operator[]([01;36m[Ksize_type __n[m[K) const noexcept
[0.989s]       |                  [01;36m[K~~~~~~~~~~^~~[m[K
[0.989s] [01m[K/home/coffee/Documents/Studium/TU/bachelorarbeit/tuw_hardware_interface/src/tuw_hardware_trinamic_driver/src/tuw_hardware_trinamic_connection.cpp:101:24:[m[K [01;31m[Kerror: [m[Kno match for ‘[01m[Koperator[][m[K’ (operand types are ‘[01m[Kstd::array<unsigned char, 9>[m[K’ and ‘[01m[Ktmcm1640::tmcm1640_cmd_format[m[K’)
[0.989s]   101 |         command_message[01;31m[K[[m[Ktmcm1640_cmd_format::TYPE] = type;
[0.989s]       |                        [01;31m[K^[m[K
[0.989s] [01m[K/usr/include/c++/13/array:200:7:[m[K [01;36m[Knote: [m[Kcandidate: ‘[01m[Kconstexpr std::array<_Tp, _Nm>::value_type& std::array<_Tp, _Nm>::[01;32m[Koperator[][m[K(size_type) [35m[K[with _Tp = unsigned char; long unsigned int _Nm = 9; reference = unsigned char&; size_type = long unsigned int][m[K[m[K’
[0.989s]   200 |       [01;36m[Koperator[m[K[](size_type __n) noexcept
[0.989s]       |       [01;36m[K^~~~~~~~[m[K
[0.989s] [01m[K/usr/include/c++/13/array:200:28:[m[K [01;36m[Knote: [m[K  no known conversion for argument 1 from ‘[01m[Ktmcm1640::tmcm1640_cmd_format[m[K’ to ‘[01m[Kstd::array<unsigned char, 9>::size_type[m[K’ {aka ‘[01m[Klong unsigned int[m[K’}
[0.989s]   200 |       operator[]([01;36m[Ksize_type __n[m[K) noexcept
[0.989s]       |                  [01;36m[K~~~~~~~~~~^~~[m[K
[0.990s] [01m[K/usr/include/c++/13/array:208:7:[m[K [01;36m[Knote: [m[Kcandidate: ‘[01m[Kconstexpr const std::array<_Tp, _Nm>::value_type& std::array<_Tp, _Nm>::[01;32m[Koperator[][m[K(size_type) const [35m[K[with _Tp = unsigned char; long unsigned int _Nm = 9; const_reference = const unsigned char&; size_type = long unsigned int][m[K[m[K’
[0.990s]   208 |       [01;36m[Koperator[m[K[](size_type __n) const noexcept
[0.990s]       |       [01;36m[K^~~~~~~~[m[K
[0.990s] [01m[K/usr/include/c++/13/array:208:28:[m[K [01;36m[Knote: [m[K  no known conversion for argument 1 from ‘[01m[Ktmcm1640::tmcm1640_cmd_format[m[K’ to ‘[01m[Kstd::array<unsigned char, 9>::size_type[m[K’ {aka ‘[01m[Klong unsigned int[m[K’}
[0.990s]   208 |       operator[]([01;36m[Ksize_type __n[m[K) const noexcept
[0.990s]       |                  [01;36m[K~~~~~~~~~~^~~[m[K
[0.990s] [01m[K/home/coffee/Documents/Studium/TU/bachelorarbeit/tuw_hardware_interface/src/tuw_hardware_trinamic_driver/src/tuw_hardware_trinamic_connection.cpp:102:24:[m[K [01;31m[Kerror: [m[Kno match for ‘[01m[Koperator[][m[K’ (operand types are ‘[01m[Kstd::array<unsigned char, 9>[m[K’ and ‘[01m[Ktmcm1640::tmcm1640_cmd_format[m[K’)
[0.990s]   102 |         command_message[01;31m[K[[m[Ktmcm1640_cmd_format::VALUE3] = value >> 24;
[0.990s]       |                        [01;31m[K^[m[K
[0.990s] [01m[K/usr/include/c++/13/array:200:7:[m[K [01;36m[Knote: [m[Kcandidate: ‘[01m[Kconstexpr std::array<_Tp, _Nm>::value_type& std::array<_Tp, _Nm>::[01;32m[Koperator[][m[K(size_type) [35m[K[with _Tp = unsigned char; long unsigned int _Nm = 9; reference = unsigned char&; size_type = long unsigned int][m[K[m[K’
[0.990s]   200 |       [01;36m[Koperator[m[K[](size_type __n) noexcept
[0.990s]       |       [01;36m[K^~~~~~~~[m[K
[0.990s] [01m[K/usr/include/c++/13/array:200:28:[m[K [01;36m[Knote: [m[K  no known conversion for argument 1 from ‘[01m[Ktmcm1640::tmcm1640_cmd_format[m[K’ to ‘[01m[Kstd::array<unsigned char, 9>::size_type[m[K’ {aka ‘[01m[Klong unsigned int[m[K’}
[0.990s]   200 |       operator[]([01;36m[Ksize_type __n[m[K) noexcept
[0.991s]       |                  [01;36m[K~~~~~~~~~~^~~[m[K
[0.991s] [01m[K/usr/include/c++/13/array:208:7:[m[K [01;36m[Knote: [m[Kcandidate: ‘[01m[Kconstexpr const std::array<_Tp, _Nm>::value_type& std::array<_Tp, _Nm>::[01;32m[Koperator[][m[K(size_type) const [35m[K[with _Tp = unsigned char; long unsigned int _Nm = 9; const_reference = const unsigned char&; size_type = long unsigned int][m[K[m[K’
[0.991s]   208 |       [01;36m[Koperator[m[K[](size_type __n) const noexcept
[0.991s]       |       [01;36m[K^~~~~~~~[m[K
[0.991s] [01m[K/usr/include/c++/13/array:208:28:[m[K [01;36m[Knote: [m[K  no known conversion for argument 1 from ‘[01m[Ktmcm1640::tmcm1640_cmd_format[m[K’ to ‘[01m[Kstd::array<unsigned char, 9>::size_type[m[K’ {aka ‘[01m[Klong unsigned int[m[K’}
[0.991s]   208 |       operator[]([01;36m[Ksize_type __n[m[K) const noexcept
[0.991s]       |                  [01;36m[K~~~~~~~~~~^~~[m[K
[0.991s] [01m[K/home/coffee/Documents/Studium/TU/bachelorarbeit/tuw_hardware_interface/src/tuw_hardware_trinamic_driver/src/tuw_hardware_trinamic_connection.cpp:103:24:[m[K [01;31m[Kerror: [m[Kno match for ‘[01m[Koperator[][m[K’ (operand types are ‘[01m[Kstd::array<unsigned char, 9>[m[K’ and ‘[01m[Ktmcm1640::tmcm1640_cmd_format[m[K’)
[0.991s]   103 |         command_message[01;31m[K[[m[Ktmcm1640_cmd_format::VALUE2] = value >> 16;
[0.991s]       |                        [01;31m[K^[m[K
[0.991s] [01m[K/usr/include/c++/13/array:200:7:[m[K [01;36m[Knote: [m[Kcandidate: ‘[01m[Kconstexpr std::array<_Tp, _Nm>::value_type& std::array<_Tp, _Nm>::[01;32m[Koperator[][m[K(size_type) [35m[K[with _Tp = unsigned char; long unsigned int _Nm = 9; reference = unsigned char&; size_type = long unsigned int][m[K[m[K’
[0.991s]   200 |       [01;36m[Koperator[m[K[](size_type __n) noexcept
[0.991s]       |       [01;36m[K^~~~~~~~[m[K
[0.991s] [01m[K/usr/include/c++/13/array:200:28:[m[K [01;36m[Knote: [m[K  no known conversion for argument 1 from ‘[01m[Ktmcm1640::tmcm1640_cmd_format[m[K’ to ‘[01m[Kstd::array<unsigned char, 9>::size_type[m[K’ {aka ‘[01m[Klong unsigned int[m[K’}
[0.992s]   200 |       operator[]([01;36m[Ksize_type __n[m[K) noexcept
[0.992s]       |                  [01;36m[K~~~~~~~~~~^~~[m[K
[0.992s] [01m[K/usr/include/c++/13/array:208:7:[m[K [01;36m[Knote: [m[Kcandidate: ‘[01m[Kconstexpr const std::array<_Tp, _Nm>::value_type& std::array<_Tp, _Nm>::[01;32m[Koperator[][m[K(size_type) const [35m[K[with _Tp = unsigned char; long unsigned int _Nm = 9; const_reference = const unsigned char&; size_type = long unsigned int][m[K[m[K’
[0.992s]   208 |       [01;36m[Koperator[m[K[](size_type __n) const noexcept
[0.992s]       |       [01;36m[K^~~~~~~~[m[K
[0.992s] [01m[K/usr/include/c++/13/array:208:28:[m[K [01;36m[Knote: [m[K  no known conversion for argument 1 from ‘[01m[Ktmcm1640::tmcm1640_cmd_format[m[K’ to ‘[01m[Kstd::array<unsigned char, 9>::size_type[m[K’ {aka ‘[01m[Klong unsigned int[m[K’}
[0.992s]   208 |       operator[]([01;36m[Ksize_type __n[m[K) const noexcept
[0.992s]       |                  [01;36m[K~~~~~~~~~~^~~[m[K
[0.992s] [01m[K/home/coffee/Documents/Studium/TU/bachelorarbeit/tuw_hardware_interface/src/tuw_hardware_trinamic_driver/src/tuw_hardware_trinamic_connection.cpp:104:24:[m[K [01;31m[Kerror: [m[Kno match for ‘[01m[Koperator[][m[K’ (operand types are ‘[01m[Kstd::array<unsigned char, 9>[m[K’ and ‘[01m[Ktmcm1640::tmcm1640_cmd_format[m[K’)
[0.992s]   104 |         command_message[01;31m[K[[m[Ktmcm1640_cmd_format::VALUE1] = value >> 8;
[0.992s]       |                        [01;31m[K^[m[K
[0.992s] [01m[K/usr/include/c++/13/array:200:7:[m[K [01;36m[Knote: [m[Kcandidate: ‘[01m[Kconstexpr std::array<_Tp, _Nm>::value_type& std::array<_Tp, _Nm>::[01;32m[Koperator[][m[K(size_type) [35m[K[with _Tp = unsigned char; long unsigned int _Nm = 9; reference = unsigned char&; size_type = long unsigned int][m[K[m[K’
[0.992s]   200 |       [01;36m[Koperator[m[K[](size_type __n) noexcept
[0.992s]       |       [01;36m[K^~~~~~~~[m[K
[0.993s] [01m[K/usr/include/c++/13/array:200:28:[m[K [01;36m[Knote: [m[K  no known conversion for argument 1 from ‘[01m[Ktmcm1640::tmcm1640_cmd_format[m[K’ to ‘[01m[Kstd::array<unsigned char, 9>::size_type[m[K’ {aka ‘[01m[Klong unsigned int[m[K’}
[0.993s]   200 |       operator[]([01;36m[Ksize_type __n[m[K) noexcept
[0.993s]       |                  [01;36m[K~~~~~~~~~~^~~[m[K
[0.993s] [01m[K/usr/include/c++/13/array:208:7:[m[K [01;36m[Knote: [m[Kcandidate: ‘[01m[Kconstexpr const std::array<_Tp, _Nm>::value_type& std::array<_Tp, _Nm>::[01;32m[Koperator[][m[K(size_type) const [35m[K[with _Tp = unsigned char; long unsigned int _Nm = 9; const_reference = const unsigned char&; size_type = long unsigned int][m[K[m[K’
[0.993s]   208 |       [01;36m[Koperator[m[K[](size_type __n) const noexcept
[0.993s]       |       [01;36m[K^~~~~~~~[m[K
[0.993s] [01m[K/usr/include/c++/13/array:208:28:[m[K [01;36m[Knote: [m[K  no known conversion for argument 1 from ‘[01m[Ktmcm1640::tmcm1640_cmd_format[m[K’ to ‘[01m[Kstd::array<unsigned char, 9>::size_type[m[K’ {aka ‘[01m[Klong unsigned int[m[K’}
[0.993s]   208 |       operator[]([01;36m[Ksize_type __n[m[K) const noexcept
[0.993s]       |                  [01;36m[K~~~~~~~~~~^~~[m[K
[0.993s] [01m[K/home/coffee/Documents/Studium/TU/bachelorarbeit/tuw_hardware_interface/src/tuw_hardware_trinamic_driver/src/tuw_hardware_trinamic_connection.cpp:105:24:[m[K [01;31m[Kerror: [m[Kno match for ‘[01m[Koperator[][m[K’ (operand types are ‘[01m[Kstd::array<unsigned char, 9>[m[K’ and ‘[01m[Ktmcm1640::tmcm1640_cmd_format[m[K’)
[0.993s]   105 |         command_message[01;31m[K[[m[Ktmcm1640_cmd_format::VALUE0] = value;
[0.993s]       |                        [01;31m[K^[m[K
[0.993s] [01m[K/usr/include/c++/13/array:200:7:[m[K [01;36m[Knote: [m[Kcandidate: ‘[01m[Kconstexpr std::array<_Tp, _Nm>::value_type& std::array<_Tp, _Nm>::[01;32m[Koperator[][m[K(size_type) [35m[K[with _Tp = unsigned char; long unsigned int _Nm = 9; reference = unsigned char&; size_type = long unsigned int][m[K[m[K’
[0.994s]   200 |       [01;36m[Koperator[m[K[](size_type __n) noexcept
[0.994s]       |       [01;36m[K^~~~~~~~[m[K
[0.994s] [01m[K/usr/include/c++/13/array:200:28:[m[K [01;36m[Knote: [m[K  no known conversion for argument 1 from ‘[01m[Ktmcm1640::tmcm1640_cmd_format[m[K’ to ‘[01m[Kstd::array<unsigned char, 9>::size_type[m[K’ {aka ‘[01m[Klong unsigned int[m[K’}
[0.994s]   200 |       operator[]([01;36m[Ksize_type __n[m[K) noexcept
[0.994s]       |                  [01;36m[K~~~~~~~~~~^~~[m[K
[0.994s] [01m[K/usr/include/c++/13/array:208:7:[m[K [01;36m[Knote: [m[Kcandidate: ‘[01m[Kconstexpr const std::array<_Tp, _Nm>::value_type& std::array<_Tp, _Nm>::[01;32m[Koperator[][m[K(size_type) const [35m[K[with _Tp = unsigned char; long unsigned int _Nm = 9; const_reference = const unsigned char&; size_type = long unsigned int][m[K[m[K’
[0.994s]   208 |       [01;36m[Koperator[m[K[](size_type __n) const noexcept
[0.994s]       |       [01;36m[K^~~~~~~~[m[K
[0.994s] [01m[K/usr/include/c++/13/array:208:28:[m[K [01;36m[Knote: [m[K  no known conversion for argument 1 from ‘[01m[Ktmcm1640::tmcm1640_cmd_format[m[K’ to ‘[01m[Kstd::array<unsigned char, 9>::size_type[m[K’ {aka ‘[01m[Klong unsigned int[m[K’}
[0.994s]   208 |       operator[]([01;36m[Ksize_type __n[m[K) const noexcept
[0.994s]       |                  [01;36m[K~~~~~~~~~~^~~[m[K
[0.994s] [01m[K/home/coffee/Documents/Studium/TU/bachelorarbeit/tuw_hardware_interface/src/tuw_hardware_trinamic_driver/src/tuw_hardware_trinamic_connection.cpp:108:24:[m[K [01;31m[Kerror: [m[Kno match for ‘[01m[Koperator[][m[K’ (operand types are ‘[01m[Kstd::array<unsigned char, 9>[m[K’ and ‘[01m[Ktmcm1640::tmcm1640_cmd_format[m[K’)
[0.994s]   108 |         command_message[01;31m[K[[m[Ktmcm1640_cmd_format::CHECKSUM] = calc_checksum();
[0.994s]       |                        [01;31m[K^[m[K
[0.994s] [01m[K/usr/include/c++/13/array:200:7:[m[K [01;36m[Knote: [m[Kcandidate: ‘[01m[Kconstexpr std::array<_Tp, _Nm>::value_type& std::array<_Tp, _Nm>::[01;32m[Koperator[][m[K(size_type) [35m[K[with _Tp = unsigned char; long unsigned int _Nm = 9; reference = unsigned char&; size_type = long unsigned int][m[K[m[K’
[0.995s]   200 |       [01;36m[Koperator[m[K[](size_type __n) noexcept
[0.995s]       |       [01;36m[K^~~~~~~~[m[K
[0.995s] [01m[K/usr/include/c++/13/array:200:28:[m[K [01;36m[Knote: [m[K  no known conversion for argument 1 from ‘[01m[Ktmcm1640::tmcm1640_cmd_format[m[K’ to ‘[01m[Kstd::array<unsigned char, 9>::size_type[m[K’ {aka ‘[01m[Klong unsigned int[m[K’}
[0.995s]   200 |       operator[]([01;36m[Ksize_type __n[m[K) noexcept
[0.995s]       |                  [01;36m[K~~~~~~~~~~^~~[m[K
[0.995s] [01m[K/usr/include/c++/13/array:208:7:[m[K [01;36m[Knote: [m[Kcandidate: ‘[01m[Kconstexpr const std::array<_Tp, _Nm>::value_type& std::array<_Tp, _Nm>::[01;32m[Koperator[][m[K(size_type) const [35m[K[with _Tp = unsigned char; long unsigned int _Nm = 9; const_reference = const unsigned char&; size_type = long unsigned int][m[K[m[K’
[0.995s]   208 |       [01;36m[Koperator[m[K[](size_type __n) const noexcept
[0.995s]       |       [01;36m[K^~~~~~~~[m[K
[0.995s] [01m[K/usr/include/c++/13/array:208:28:[m[K [01;36m[Knote: [m[K  no known conversion for argument 1 from ‘[01m[Ktmcm1640::tmcm1640_cmd_format[m[K’ to ‘[01m[Kstd::array<unsigned char, 9>::size_type[m[K’ {aka ‘[01m[Klong unsigned int[m[K’}
[0.995s]   208 |       operator[]([01;36m[Ksize_type __n[m[K) const noexcept
[0.995s]       |                  [01;36m[K~~~~~~~~~~^~~[m[K
[0.995s] [01m[K/home/coffee/Documents/Studium/TU/bachelorarbeit/tuw_hardware_interface/src/tuw_hardware_trinamic_driver/src/tuw_hardware_trinamic_connection.cpp:108:71:[m[K [01;31m[Kerror: [m[Kno matching function for call to ‘[01m[Ktmcm1640::TMCM1640Connection::calc_checksum()[m[K’
[0.995s]   108 |         command_message[tmcm1640_cmd_format::CHECKSUM] = [01;31m[Kcalc_checksum()[m[K;
[0.995s]       |                                                          [01;31m[K~~~~~~~~~~~~~^~[m[K
[0.996s] [01m[K/home/coffee/Documents/Studium/TU/bachelorarbeit/tuw_hardware_interface/src/tuw_hardware_trinamic_driver/include/tuw_hardware_trinamic_driver/tuw_hardware_trinamic_connection.hpp:31:26:[m[K [01;36m[Knote: [m[Kcandidate: ‘[01m[Kuint8_t tmcm1640::TMCM1640Connection::[01;32m[Kcalc_checksum[m[K(std::array<unsigned char, 9>)[m[K’
[0.996s]    31 |             std::uint8_t [01;36m[Kcalc_checksum[m[K(std::array<std::uint8_t, 9> msg);
[0.996s]       |                          [01;36m[K^~~~~~~~~~~~~[m[K
[0.996s] [01m[K/home/coffee/Documents/Studium/TU/bachelorarbeit/tuw_hardware_interface/src/tuw_hardware_trinamic_driver/include/tuw_hardware_trinamic_driver/tuw_hardware_trinamic_connection.hpp:31:26:[m[K [01;36m[Knote: [m[K  candidate expects 1 argument, 0 provided
[0.996s] [01m[K/home/coffee/Documents/Studium/TU/bachelorarbeit/tuw_hardware_interface/src/tuw_hardware_trinamic_driver/src/tuw_hardware_trinamic_connection.cpp:121:87:[m[K [01;31m[Kerror: [m[Kno matching function for call to ‘[01m[Kboost::basic_format<char>::basic_format(const char [16], tmcm1640::tmcm1640_status_codes&)[m[K’
[0.996s]   121 |             std::string error_message = (boost::format("Reply wrong: %i", reply_status[01;31m[K)[m[K).str();
[0.996s]       |                                                                                       [01;31m[K^[m[K
[0.996s] [01m[K/usr/include/boost/format/format_implementation.hpp:46:5:[m[K [01;36m[Knote: [m[Kcandidate: ‘[01m[Kboost::basic_format<Ch, Tr, Alloc>::[01;32m[Kbasic_format[m[K(const string_type&, const std::locale&) [35m[K[with Ch = char; Tr = std::char_traits<char>; Alloc = std::allocator<char>; string_type = std::__cxx11::basic_string<char>][m[K[m[K’
[0.996s]    46 |     [01;36m[Kbasic_format<Ch, Tr, Alloc>[m[K:: basic_format(const string_type& s, const std::locale & loc)
[0.996s]       |     [01;36m[K^~~~~~~~~~~~~~~~~~~~~~~~~~~[m[K
[0.996s] [01m[K/usr/include/boost/format/format_implementation.hpp:46:90:[m[K [01;36m[Knote: [m[K  no known conversion for argument 2 from ‘[01m[Ktmcm1640::tmcm1640_status_codes[m[K’ to ‘[01m[Kconst std::locale&[m[K’
[0.996s]    46 |     basic_format<Ch, Tr, Alloc>:: basic_format(const string_type& s, [01;36m[Kconst std::locale & loc[m[K)
[0.996s]       |                                                                      [01;36m[K~~~~~~~~~~~~~~~~~~~~^~~[m[K
[0.997s] [01m[K/usr/include/boost/format/format_implementation.hpp:38:5:[m[K [01;36m[Knote: [m[Kcandidate: ‘[01m[Kboost::basic_format<Ch, Tr, Alloc>::[01;32m[Kbasic_format[m[K(const Ch*, const std::locale&) [35m[K[with Ch = char; Tr = std::char_traits<char>; Alloc = std::allocator<char>][m[K[m[K’
[0.997s]    38 |     [01;36m[Kbasic_format<Ch, Tr, Alloc>[m[K:: basic_format(const Ch* s, const std::locale & loc)
[0.997s]       |     [01;36m[K^~~~~~~~~~~~~~~~~~~~~~~~~~~[m[K
[0.997s] [01m[K/usr/include/boost/format/format_implementation.hpp:38:81:[m[K [01;36m[Knote: [m[K  no known conversion for argument 2 from ‘[01m[Ktmcm1640::tmcm1640_status_codes[m[K’ to ‘[01m[Kconst std::locale&[m[K’
[0.997s]    38 |     basic_format<Ch, Tr, Alloc>:: basic_format(const Ch* s, [01;36m[Kconst std::locale & loc[m[K)
[0.997s]       |                                                             [01;36m[K~~~~~~~~~~~~~~~~~~~~^~~[m[K
[0.997s] [01m[K/usr/include/boost/format/format_implementation.hpp:68:5:[m[K [01;36m[Knote: [m[Kcandidate: ‘[01m[Kboost::basic_format<Ch, Tr, Alloc>::[01;32m[Kbasic_format[m[K(const boost::basic_format<Ch, Tr, Alloc>&) [35m[K[with Ch = char; Tr = std::char_traits<char>; Alloc = std::allocator<char>][m[K[m[K’
[0.997s]    68 |     [01;36m[Kbasic_format<Ch, Tr, Alloc>[m[K:: basic_format(const basic_format& x)
[0.997s]       |     [01;36m[K^~~~~~~~~~~~~~~~~~~~~~~~~~~[m[K
[0.997s] [01m[K/usr/include/boost/format/format_implementation.hpp:68:5:[m[K [01;36m[Knote: [m[K  candidate expects 1 argument, 2 provided
[0.997s] [01m[K/usr/include/boost/format/format_implementation.hpp:60:5:[m[K [01;36m[Knote: [m[Kcandidate: ‘[01m[Kboost::basic_format<Ch, Tr, Alloc>::[01;32m[Kbasic_format[m[K(const string_type&) [35m[K[with Ch = char; Tr = std::char_traits<char>; Alloc = std::allocator<char>; string_type = std::__cxx11::basic_string<char>][m[K[m[K’
[0.997s]    60 |     [01;36m[Kbasic_format<Ch, Tr, Alloc>[m[K:: basic_format(const string_type& s)
[0.997s]       |     [01;36m[K^~~~~~~~~~~~~~~~~~~~~~~~~~~[m[K
[0.997s] [01m[K/usr/include/boost/format/format_implementation.hpp:60:5:[m[K [01;36m[Knote: [m[K  candidate expects 1 argument, 2 provided
[0.998s] [01m[K/usr/include/boost/format/format_implementation.hpp:28:5:[m[K [01;36m[Knote: [m[Kcandidate: ‘[01m[Kboost::basic_format<Ch, Tr, Alloc>::[01;32m[Kbasic_format[m[K(const Ch*) [35m[K[with Ch = char; Tr = std::char_traits<char>; Alloc = std::allocator<char>][m[K[m[K’
[0.998s]    28 |     [01;36m[Kbasic_format<Ch, Tr, Alloc>[m[K:: basic_format(const Ch* s)
[0.998s]       |     [01;36m[K^~~~~~~~~~~~~~~~~~~~~~~~~~~[m[K
[0.998s] [01m[K/usr/include/boost/format/format_implementation.hpp:28:5:[m[K [01;36m[Knote: [m[K  candidate expects 1 argument, 2 provided
[0.998s] [01m[K/home/coffee/Documents/Studium/TU/bachelorarbeit/tuw_hardware_interface/src/tuw_hardware_trinamic_driver/src/tuw_hardware_trinamic_connection.cpp:[m[K In member function ‘[01m[Kbool tmcm1640::TMCM1640Connection::[01;32m[Ksend_and_receive[m[K()[m[K’:
[0.998s] [01m[K/home/coffee/Documents/Studium/TU/bachelorarbeit/tuw_hardware_interface/src/tuw_hardware_trinamic_driver/src/tuw_hardware_trinamic_connection.cpp:139:28:[m[K [01;31m[Kerror: [m[Kcannot convert ‘[01m[Kstd::array<unsigned char, 9>[m[K’ to ‘[01m[Kconst void*[m[K’
[0.998s]   139 |         write(serial_port, [01;31m[Kcommand_message[m[K, 9);
[0.998s]       |                            [01;31m[K^~~~~~~~~~~~~~~[m[K
[0.998s]       |                            [01;31m[K|[m[K
[0.998s]       |                            [01;31m[Kstd::array<unsigned char, 9>[m[K
[0.998s] In file included from [01m[K/home/coffee/Documents/Studium/TU/bachelorarbeit/tuw_hardware_interface/src/tuw_hardware_trinamic_driver/include/tuw_hardware_trinamic_driver/tuw_hardware_trinamic_connection.hpp:10[m[K:
[0.998s] [01m[K/usr/include/unistd.h:378:45:[m[K [01;36m[Knote: [m[K  initializing argument 2 of ‘[01m[Kssize_t[01;32m[K write[m[K(int, const void*, size_t)[m[K’
[0.998s]   378 | extern ssize_t write (int __fd, [01;36m[Kconst void *__buf[m[K, size_t __n) __wur
[0.999s]       |                                 [01;36m[K~~~~~~~~~~~~^~~~~[m[K
[0.999s] [01m[K/home/coffee/Documents/Studium/TU/bachelorarbeit/tuw_hardware_interface/src/tuw_hardware_trinamic_driver/src/tuw_hardware_trinamic_connection.cpp:142:43:[m[K [01;31m[Kerror: [m[Kcannot convert ‘[01m[Kstd::array<unsigned char, 9>[m[K’ to ‘[01m[Kvoid*[m[K’
[0.999s]   142 |         int num_bytes = read(serial_port, [01;31m[Kreply_message[m[K, 9);
[0.999s]       |                                           [01;31m[K^~~~~~~~~~~~~[m[K
[0.999s]       |                                           [01;31m[K|[m[K
[0.999s]       |                                           [01;31m[Kstd::array<unsigned char, 9>[m[K
[0.999s] [01m[K/usr/include/unistd.h:371:38:[m[K [01;36m[Knote: [m[K  initializing argument 2 of ‘[01m[Kssize_t[01;32m[K read[m[K(int, void*, size_t)[m[K’
[0.999s]   371 | extern ssize_t read (int __fd, [01;36m[Kvoid *__buf[m[K, size_t __nbytes) __wur
[0.999s]       |                                [01;36m[K~~~~~~^~~~~[m[K
[0.999s] [01m[K/home/coffee/Documents/Studium/TU/bachelorarbeit/tuw_hardware_interface/src/tuw_hardware_trinamic_driver/src/tuw_hardware_trinamic_connection.cpp:148:18:[m[K [01;35m[Kwarning: [m[Kstatement has no effect [[01;35m[K]8;;https://gcc.gnu.org/onlinedocs/gcc/Warning-Options.html#index-Wunused-value-Wunused-value]8;;[m[K]
[0.999s]   148 |         else true[01;35m[K;[m[K
[0.999s]       |                  [01;35m[K^[m[K
[0.999s] [01m[K/home/coffee/Documents/Studium/TU/bachelorarbeit/tuw_hardware_interface/src/tuw_hardware_trinamic_driver/src/tuw_hardware_trinamic_connection.cpp:[m[K In member function ‘[01m[Ktmcm1640::tmcm1640_status_codes tmcm1640::TMCM1640Connection::[01;32m[Kcheck_reply[m[K()[m[K’:
[1.000s] [01m[K/home/coffee/Documents/Studium/TU/bachelorarbeit/tuw_hardware_interface/src/tuw_hardware_trinamic_driver/src/tuw_hardware_trinamic_connection.cpp:164:44:[m[K [01;31m[Kerror: [m[Kno match for ‘[01m[Koperator[][m[K’ (operand types are ‘[01m[Kstd::array<unsigned char, 9>[m[K’ and ‘[01m[Ktmcm1640::tmcm1640_reply_format[m[K’)
[1.000s]   164 |         if(!(calc_checksum == reply_message[01;31m[K[[m[Ktmcm1640_reply_format::CHECKSUM])) {
[1.000s]       |                                            [01;31m[K^[m[K
[1.000s] [01m[K/usr/include/c++/13/array:200:7:[m[K [01;36m[Knote: [m[Kcandidate: ‘[01m[Kconstexpr std::array<_Tp, _Nm>::value_type& std::array<_Tp, _Nm>::[01;32m[Koperator[][m[K(size_type) [35m[K[with _Tp = unsigned char; long unsigned int _Nm = 9; reference = unsigned char&; size_type = long unsigned int][m[K[m[K’
[1.000s]   200 |       [01;36m[Koperator[m[K[](size_type __n) noexcept
[1.000s]       |       [01;36m[K^~~~~~~~[m[K
[1.000s] [01m[K/usr/include/c++/13/array:200:28:[m[K [01;36m[Knote: [m[K  no known conversion for argument 1 from ‘[01m[Ktmcm1640::tmcm1640_reply_format[m[K’ to ‘[01m[Kstd::array<unsigned char, 9>::size_type[m[K’ {aka ‘[01m[Klong unsigned int[m[K’}
[1.000s]   200 |       operator[]([01;36m[Ksize_type __n[m[K) noexcept
[1.000s]       |                  [01;36m[K~~~~~~~~~~^~~[m[K
[1.000s] [01m[K/usr/include/c++/13/array:208:7:[m[K [01;36m[Knote: [m[Kcandidate: ‘[01m[Kconstexpr const std::array<_Tp, _Nm>::value_type& std::array<_Tp, _Nm>::[01;32m[Koperator[][m[K(size_type) const [35m[K[with _Tp = unsigned char; long unsigned int _Nm = 9; const_reference = const unsigned char&; size_type = long unsigned int][m[K[m[K’
[1.000s]   208 |       [01;36m[Koperator[m[K[](size_type __n) const noexcept
[1.000s]       |       [01;36m[K^~~~~~~~[m[K
[1.000s] [01m[K/usr/include/c++/13/array:208:28:[m[K [01;36m[Knote: [m[K  no known conversion for argument 1 from ‘[01m[Ktmcm1640::tmcm1640_reply_format[m[K’ to ‘[01m[Kstd::array<unsigned char, 9>::size_type[m[K’ {aka ‘[01m[Klong unsigned int[m[K’}
[1.000s]   208 |       operator[]([01;36m[Ksize_type __n[m[K) const noexcept
[1.001s]       |                  [01;36m[K~~~~~~~~~~^~~[m[K
[1.001s] [01m[K/home/coffee/Documents/Studium/TU/bachelorarbeit/tuw_hardware_interface/src/tuw_hardware_trinamic_driver/src/tuw_hardware_trinamic_connection.cpp:171:29:[m[K [01;31m[Kerror: [m[Kno match for ‘[01m[Koperator[][m[K’ (operand types are ‘[01m[Kstd::array<unsigned char, 9>[m[K’ and ‘[01m[Ktmcm1640::tmcm1640_reply_format[m[K’)
[1.001s]   171 |         return reply_message[01;31m[K[[m[Ktmcm1640_reply_format::STATUS];
[1.001s]       |                             [01;31m[K^[m[K
[1.001s] [01m[K/usr/include/c++/13/array:200:7:[m[K [01;36m[Knote: [m[Kcandidate: ‘[01m[Kconstexpr std::array<_Tp, _Nm>::value_type& std::array<_Tp, _Nm>::[01;32m[Koperator[][m[K(size_type) [35m[K[with _Tp = unsigned char; long unsigned int _Nm = 9; reference = unsigned char&; size_type = long unsigned int][m[K[m[K’
[1.001s]   200 |       [01;36m[Koperator[m[K[](size_type __n) noexcept
[1.001s]       |       [01;36m[K^~~~~~~~[m[K
[1.001s] [01m[K/usr/include/c++/13/array:200:28:[m[K [01;36m[Knote: [m[K  no known conversion for argument 1 from ‘[01m[Ktmcm1640::tmcm1640_reply_format[m[K’ to ‘[01m[Kstd::array<unsigned char, 9>::size_type[m[K’ {aka ‘[01m[Klong unsigned int[m[K’}
[1.001s]   200 |       operator[]([01;36m[Ksize_type __n[m[K) noexcept
[1.001s]       |                  [01;36m[K~~~~~~~~~~^~~[m[K
[1.001s] [01m[K/usr/include/c++/13/array:208:7:[m[K [01;36m[Knote: [m[Kcandidate: ‘[01m[Kconstexpr const std::array<_Tp, _Nm>::value_type& std::array<_Tp, _Nm>::[01;32m[Koperator[][m[K(size_type) const [35m[K[with _Tp = unsigned char; long unsigned int _Nm = 9; const_reference = const unsigned char&; size_type = long unsigned int][m[K[m[K’
[1.001s]   208 |       [01;36m[Koperator[m[K[](size_type __n) const noexcept
[1.001s]       |       [01;36m[K^~~~~~~~[m[K
[1.002s] [01m[K/usr/include/c++/13/array:208:28:[m[K [01;36m[Knote: [m[K  no known conversion for argument 1 from ‘[01m[Ktmcm1640::tmcm1640_reply_format[m[K’ to ‘[01m[Kstd::array<unsigned char, 9>::size_type[m[K’ {aka ‘[01m[Klong unsigned int[m[K’}
[1.002s]   208 |       operator[]([01;36m[Ksize_type __n[m[K) const noexcept
[1.002s]       |                  [01;36m[K~~~~~~~~~~^~~[m[K
[1.002s] [01m[K/home/coffee/Documents/Studium/TU/bachelorarbeit/tuw_hardware_interface/src/tuw_hardware_trinamic_driver/src/tuw_hardware_trinamic_connection.cpp:[m[K In member function ‘[01m[Kvoid tmcm1640::TMCM1640Connection::[01;32m[Kset_value[m[K()[m[K’:
[1.002s] [01m[K/home/coffee/Documents/Studium/TU/bachelorarbeit/tuw_hardware_interface/src/tuw_hardware_trinamic_driver/src/tuw_hardware_trinamic_connection.cpp:175:31:[m[K [01;31m[Kerror: [m[Kno match for ‘[01m[Koperator[][m[K’ (operand types are ‘[01m[Kstd::array<unsigned char, 9>[m[K’ and ‘[01m[Ktmcm1640::tmcm1640_reply_format[m[K’)
[1.002s]   175 |         value = (reply_message[01;31m[K[[m[Ktmcm1640_reply_format::VALUE3] << 24 |
[1.002s]       |                               [01;31m[K^[m[K
[1.002s] [01m[K/usr/include/c++/13/array:200:7:[m[K [01;36m[Knote: [m[Kcandidate: ‘[01m[Kconstexpr std::array<_Tp, _Nm>::value_type& std::array<_Tp, _Nm>::[01;32m[Koperator[][m[K(size_type) [35m[K[with _Tp = unsigned char; long unsigned int _Nm = 9; reference = unsigned char&; size_type = long unsigned int][m[K[m[K’
[1.002s]   200 |       [01;36m[Koperator[m[K[](size_type __n) noexcept
[1.002s]       |       [01;36m[K^~~~~~~~[m[K
[1.002s] [01m[K/usr/include/c++/13/array:200:28:[m[K [01;36m[Knote: [m[K  no known conversion for argument 1 from ‘[01m[Ktmcm1640::tmcm1640_reply_format[m[K’ to ‘[01m[Kstd::array<unsigned char, 9>::size_type[m[K’ {aka ‘[01m[Klong unsigned int[m[K’}
[1.002s]   200 |       operator[]([01;36m[Ksize_type __n[m[K) noexcept
[1.002s]       |                  [01;36m[K~~~~~~~~~~^~~[m[K
[1.002s] [01m[K/usr/include/c++/13/array:208:7:[m[K [01;36m[Knote: [m[Kcandidate: ‘[01m[Kconstexpr const std::array<_Tp, _Nm>::value_type& std::array<_Tp, _Nm>::[01;32m[Koperator[][m[K(size_type) const [35m[K[with _Tp = unsigned char; long unsigned int _Nm = 9; const_reference = const unsigned char&; size_type = long unsigned int][m[K[m[K’
[1.003s]   208 |       [01;36m[Koperator[m[K[](size_type __n) const noexcept
[1.003s]       |       [01;36m[K^~~~~~~~[m[K
[1.003s] [01m[K/usr/include/c++/13/array:208:28:[m[K [01;36m[Knote: [m[K  no known conversion for argument 1 from ‘[01m[Ktmcm1640::tmcm1640_reply_format[m[K’ to ‘[01m[Kstd::array<unsigned char, 9>::size_type[m[K’ {aka ‘[01m[Klong unsigned int[m[K’}
[1.003s]   208 |       operator[]([01;36m[Ksize_type __n[m[K) const noexcept
[1.003s]       |                  [01;36m[K~~~~~~~~~~^~~[m[K
[1.003s] [01m[K/home/coffee/Documents/Studium/TU/bachelorarbeit/tuw_hardware_interface/src/tuw_hardware_trinamic_driver/src/tuw_hardware_trinamic_connection.cpp:176:31:[m[K [01;31m[Kerror: [m[Kno match for ‘[01m[Koperator[][m[K’ (operand types are ‘[01m[Kstd::array<unsigned char, 9>[m[K’ and ‘[01m[Ktmcm1640::tmcm1640_reply_format[m[K’)
[1.003s]   176 |                  reply_message[01;31m[K[[m[Ktmcm1640_reply_format::VALUE2] << 16 |
[1.003s]       |                               [01;31m[K^[m[K
[1.003s] [01m[K/usr/include/c++/13/array:200:7:[m[K [01;36m[Knote: [m[Kcandidate: ‘[01m[Kconstexpr std::array<_Tp, _Nm>::value_type& std::array<_Tp, _Nm>::[01;32m[Koperator[][m[K(size_type) [35m[K[with _Tp = unsigned char; long unsigned int _Nm = 9; reference = unsigned char&; size_type = long unsigned int][m[K[m[K’
[1.003s]   200 |       [01;36m[Koperator[m[K[](size_type __n) noexcept
[1.003s]       |       [01;36m[K^~~~~~~~[m[K
[1.004s] [01m[K/usr/include/c++/13/array:200:28:[m[K [01;36m[Knote: [m[K  no known conversion for argument 1 from ‘[01m[Ktmcm1640::tmcm1640_reply_format[m[K’ to ‘[01m[Kstd::array<unsigned char, 9>::size_type[m[K’ {aka ‘[01m[Klong unsigned int[m[K’}
[1.004s]   200 |       operator[]([01;36m[Ksize_type __n[m[K) noexcept
[1.004s]       |                  [01;36m[K~~~~~~~~~~^~~[m[K
[1.004s] [01m[K/usr/include/c++/13/array:208:7:[m[K [01;36m[Knote: [m[Kcandidate: ‘[01m[Kconstexpr const std::array<_Tp, _Nm>::value_type& std::array<_Tp, _Nm>::[01;32m[Koperator[][m[K(size_type) const [35m[K[with _Tp = unsigned char; long unsigned int _Nm = 9; const_reference = const unsigned char&; size_type = long unsigned int][m[K[m[K’
[1.004s]   208 |       [01;36m[Koperator[m[K[](size_type __n) const noexcept
[1.004s]       |       [01;36m[K^~~~~~~~[m[K
[1.004s] [01m[K/usr/include/c++/13/array:208:28:[m[K [01;36m[Knote: [m[K  no known conversion for argument 1 from ‘[01m[Ktmcm1640::tmcm1640_reply_format[m[K’ to ‘[01m[Kstd::array<unsigned char, 9>::size_type[m[K’ {aka ‘[01m[Klong unsigned int[m[K’}
[1.004s]   208 |       operator[]([01;36m[Ksize_type __n[m[K) const noexcept
[1.004s]       |                  [01;36m[K~~~~~~~~~~^~~[m[K
[1.004s] [01m[K/home/coffee/Documents/Studium/TU/bachelorarbeit/tuw_hardware_interface/src/tuw_hardware_trinamic_driver/src/tuw_hardware_trinamic_connection.cpp:177:31:[m[K [01;31m[Kerror: [m[Kno match for ‘[01m[Koperator[][m[K’ (operand types are ‘[01m[Kstd::array<unsigned char, 9>[m[K’ and ‘[01m[Ktmcm1640::tmcm1640_reply_format[m[K’)
[1.005s]   177 |                  reply_message[01;31m[K[[m[Ktmcm1640_reply_format::VALUE1] << 8  |
[1.005s]       |                               [01;31m[K^[m[K
[1.005s] [01m[K/usr/include/c++/13/array:200:7:[m[K [01;36m[Knote: [m[Kcandidate: ‘[01m[Kconstexpr std::array<_Tp, _Nm>::value_type& std::array<_Tp, _Nm>::[01;32m[Koperator[][m[K(size_type) [35m[K[with _Tp = unsigned char; long unsigned int _Nm = 9; reference = unsigned char&; size_type = long unsigned int][m[K[m[K’
[1.005s]   200 |       [01;36m[Koperator[m[K[](size_type __n) noexcept
[1.005s]       |       [01;36m[K^~~~~~~~[m[K
[1.005s] [01m[K/usr/include/c++/13/array:200:28:[m[K [01;36m[Knote: [m[K  no known conversion for argument 1 from ‘[01m[Ktmcm1640::tmcm1640_reply_format[m[K’ to ‘[01m[Kstd::array<unsigned char, 9>::size_type[m[K’ {aka ‘[01m[Klong unsigned int[m[K’}
[1.005s]   200 |       operator[]([01;36m[Ksize_type __n[m[K) noexcept
[1.005s]       |                  [01;36m[K~~~~~~~~~~^~~[m[K
[1.005s] [01m[K/usr/include/c++/13/array:208:7:[m[K [01;36m[Knote: [m[Kcandidate: ‘[01m[Kconstexpr const std::array<_Tp, _Nm>::value_type& std::array<_Tp, _Nm>::[01;32m[Koperator[][m[K(size_type) const [35m[K[with _Tp = unsigned char; long unsigned int _Nm = 9; const_reference = const unsigned char&; size_type = long unsigned int][m[K[m[K’
[1.005s]   208 |       [01;36m[Koperator[m[K[](size_type __n) const noexcept
[1.005s]       |       [01;36m[K^~~~~~~~[m[K
[1.005s] [01m[K/usr/include/c++/13/array:208:28:[m[K [01;36m[Knote: [m[K  no known conversion for argument 1 from ‘[01m[Ktmcm1640::tmcm1640_reply_format[m[K’ to ‘[01m[Kstd::array<unsigned char, 9>::size_type[m[K’ {aka ‘[01m[Klong unsigned int[m[K’}
[1.006s]   208 |       operator[]([01;36m[Ksize_type __n[m[K) const noexcept
[1.006s]       |                  [01;36m[K~~~~~~~~~~^~~[m[K
[1.006s] [01m[K/home/coffee/Documents/Studium/TU/bachelorarbeit/tuw_hardware_interface/src/tuw_hardware_trinamic_driver/src/tuw_hardware_trinamic_connection.cpp:178:31:[m[K [01;31m[Kerror: [m[Kno match for ‘[01m[Koperator[][m[K’ (operand types are ‘[01m[Kstd::array<unsigned char, 9>[m[K’ and ‘[01m[Ktmcm1640::tmcm1640_reply_format[m[K’)
[1.006s]   178 |                  reply_message[01;31m[K[[m[Ktmcm1640_reply_format::VALUE0]);
[1.006s]       |                               [01;31m[K^[m[K
[1.006s] [01m[K/usr/include/c++/13/array:200:7:[m[K [01;36m[Knote: [m[Kcandidate: ‘[01m[Kconstexpr std::array<_Tp, _Nm>::value_type& std::array<_Tp, _Nm>::[01;32m[Koperator[][m[K(size_type) [35m[K[with _Tp = unsigned char; long unsigned int _Nm = 9; reference = unsigned char&; size_type = long unsigned int][m[K[m[K’
[1.006s]   200 |       [01;36m[Koperator[m[K[](size_type __n) noexcept
[1.006s]       |       [01;36m[K^~~~~~~~[m[K
[1.006s] [01m[K/usr/include/c++/13/array:200:28:[m[K [01;36m[Knote: [m[K  no known conversion for argument 1 from ‘[01m[Ktmcm1640::tmcm1640_reply_format[m[K’ to ‘[01m[Kstd::array<unsigned char, 9>::size_type[m[K’ {aka ‘[01m[Klong unsigned int[m[K’}
[1.006s]   200 |       operator[]([01;36m[Ksize_type __n[m[K) noexcept
[1.006s]       |                  [01;36m[K~~~~~~~~~~^~~[m[K
[1.006s] [01m[K/usr/include/c++/13/array:208:7:[m[K [01;36m[Knote: [m[Kcandidate: ‘[01m[Kconstexpr const std::array<_Tp, _Nm>::value_type& std::array<_Tp, _Nm>::[01;32m[Koperator[][m[K(size_type) const [35m[K[with _Tp = unsigned char; long unsigned int _Nm = 9; const_reference = const unsigned char&; size_type = long unsigned int][m[K[m[K’
[1.006s]   208 |       [01;36m[Koperator[m[K[](size_type __n) const noexcept
[1.007s]       |       [01;36m[K^~~~~~~~[m[K
[1.007s] [01m[K/usr/include/c++/13/array:208:28:[m[K [01;36m[Knote: [m[K  no known conversion for argument 1 from ‘[01m[Ktmcm1640::tmcm1640_reply_format[m[K’ to ‘[01m[Kstd::array<unsigned char, 9>::size_type[m[K’ {aka ‘[01m[Klong unsigned int[m[K’}
[1.007s]   208 |       operator[]([01;36m[Ksize_type __n[m[K) const noexcept
[1.007s]       |                  [01;36m[K~~~~~~~~~~^~~[m[K
[1.038s] [01m[K/home/coffee/Documents/Studium/TU/bachelorarbeit/tuw_hardware_interface/src/tuw_hardware_trinamic_driver/src/tuw_hardware_trinamic_connection.cpp:[m[K In member function ‘[01m[Kbool tmcm1640::TMCM1640Connection::[01;32m[Ksend_and_receive[m[K()[m[K’:
[1.038s] [01m[K/home/coffee/Documents/Studium/TU/bachelorarbeit/tuw_hardware_interface/src/tuw_hardware_trinamic_driver/src/tuw_hardware_trinamic_connection.cpp:149:5:[m[K [01;35m[Kwarning: [m[Kcontrol reaches end of non-void function [[01;35m[K]8;;https://gcc.gnu.org/onlinedocs/gcc/Warning-Options.html#index-Wreturn-type-Wreturn-type]8;;[m[K]
[1.038s]   149 |     [01;35m[K}[m[K
[1.038s]       |     [01;35m[K^[m[K
[1.051s] gmake[2]: *** [CMakeFiles/trinamic_test_node.dir/build.make:90: CMakeFiles/trinamic_test_node.dir/src/tuw_hardware_trinamic_connection.cpp.o] Error 1
[1.052s] gmake[1]: *** [CMakeFiles/Makefile2:137: CMakeFiles/trinamic_test_node.dir/all] Error 2
[1.052s] gmake: *** [Makefile:146: all] Error 2
[1.057s] Invoked command in '/home/coffee/Documents/Studium/TU/bachelorarbeit/tuw_hardware_interface/build/tuw_hardware_trinamic_driver' returned '2': CMAKE_PREFIX_PATH=${CMAKE_PREFIX_PATH}:/opt/ros/jazzy DEBUGINFOD_URLS=https://debuginfod.ubuntu.com /usr/bin/cmake --build /home/coffee/Documents/Studium/TU/bachelorarbeit/tuw_hardware_interface/build/tuw_hardware_trinamic_driver -- -j14 -l14
