[0.019s] Invoking command in '/home/coffee/Documents/Studium/TU/bachelorarbeit/tuw_hardware_interface/build/tuw_hardware_trinamic_driver': CMAKE_PREFIX_PATH=${CMAKE_PREFIX_PATH}:/opt/ros/jazzy DEBUGINFOD_URLS=https://debuginfod.ubuntu.com /usr/bin/cmake --build /home/coffee/Documents/Studium/TU/bachelorarbeit/tuw_hardware_interface/build/tuw_hardware_trinamic_driver -- -j14 -l14
[0.068s] -- Found ament_cmake: 2.5.6 (/opt/ros/jazzy/share/ament_cmake/cmake)
[0.450s] -- Found rclcpp: 28.1.18 (/opt/ros/jazzy/share/rclcpp/cmake)
[0.497s] -- Found rosidl_generator_c: 4.6.7 (/opt/ros/jazzy/share/rosidl_generator_c/cmake)
[0.510s] -- Found rosidl_generator_cpp: 4.6.7 (/opt/ros/jazzy/share/rosidl_generator_cpp/cmake)
[0.527s] -- Using all available rosidl_typesupport_c: rosidl_typesupport_fastrtps_c;rosidl_typesupport_introspection_c
[0.547s] -- Using all available rosidl_typesupport_cpp: rosidl_typesupport_fastrtps_cpp;rosidl_typesupport_introspection_cpp
[0.642s] -- Found rmw_implementation_cmake: 7.3.3 (/opt/ros/jazzy/share/rmw_implementation_cmake/cmake)
[0.644s] -- Found rmw_fastrtps_cpp: 8.4.3 (/opt/ros/jazzy/share/rmw_fastrtps_cpp/cmake)
[0.774s] -- Using RMW implementation 'rmw_fastrtps_cpp' as default
[0.882s] -- Found ament_lint_auto: 0.17.5 (/opt/ros/jazzy/share/ament_lint_auto/cmake)
[1.051s] -- Added test 'cppcheck' to perform static code analysis on C / C++ code
[1.051s] -- Configured cppcheck include dirs: /home/coffee/Documents/Studium/TU/bachelorarbeit/tuw_hardware_interface/src/tuw_hardware_trinamic_driver/include
[1.051s] -- Configured cppcheck exclude dirs and/or files: 
[1.052s] -- Added test 'lint_cmake' to check CMake code style
[1.053s] -- Added test 'uncrustify' to check C / C++ code style
[1.053s] -- Configured uncrustify additional arguments: 
[1.054s] -- Added test 'xmllint' to check XML markup files
[1.055s] -- Configuring done (1.0s)
[1.072s] -- Generating done (0.0s)
[1.079s] -- Build files have been written to: /home/coffee/Documents/Studium/TU/bachelorarbeit/tuw_hardware_interface/build/tuw_hardware_trinamic_driver
[1.174s] [ 33%] [32mBuilding CXX object CMakeFiles/trinamic_test_node.dir/src/tuw_hardware_trinamic_connection.cpp.o[0m
[1.411s] [01m[K/home/coffee/Documents/Studium/TU/bachelorarbeit/tuw_hardware_interface/src/tuw_hardware_trinamic_driver/src/tuw_hardware_trinamic_connection.cpp:[m[K In constructor ‘[01m[Ktmcm1640::TMCM1640Connection::[01;32m[KTMCM1640Connection[m[K(std::string)[m[K’:
[1.411s] [01m[K/home/coffee/Documents/Studium/TU/bachelorarbeit/tuw_hardware_interface/src/tuw_hardware_trinamic_driver/src/tuw_hardware_trinamic_connection.cpp:7:28:[m[K [01;31m[Kerror: [m[Kcannot convert ‘[01m[Kstd::string[m[K’ {aka ‘[01m[Kstd::__cxx11::basic_string<char>[m[K’} to ‘[01m[Kconst char*[m[K’
[1.411s]     7 |         serial_port = open([01;31m[Kport[m[K, O_RDWR);
[1.411s]       |                            [01;31m[K^~~~[m[K
[1.412s]       |                            [01;31m[K|[m[K
[1.412s]       |                            [01;31m[Kstd::string {aka std::__cxx11::basic_string<char>}[m[K
[1.412s] In file included from [01m[K/home/coffee/Documents/Studium/TU/bachelorarbeit/tuw_hardware_interface/src/tuw_hardware_trinamic_driver/include/tuw_hardware_trinamic_driver/tuw_hardware_trinamic_connection.hpp:7[m[K,
[1.412s]                  from [01m[K/home/coffee/Documents/Studium/TU/bachelorarbeit/tuw_hardware_interface/src/tuw_hardware_trinamic_driver/src/tuw_hardware_trinamic_connection.cpp:1[m[K:
[1.412s] [01m[K/usr/include/fcntl.h:209:30:[m[K [01;36m[Knote: [m[K  initializing argument 1 of ‘[01m[Kint[01;32m[K open[m[K(const char*, int, ...)[m[K’
[1.412s]   209 | extern int open ([01;36m[Kconst char *__file[m[K, int __oflag, ...) __nonnull ((1));
[1.412s]       |                  [01;36m[K~~~~~~~~~~~~^~~~~~[m[K
[1.414s] [01m[K/home/coffee/Documents/Studium/TU/bachelorarbeit/tuw_hardware_interface/src/tuw_hardware_trinamic_driver/src/tuw_hardware_trinamic_connection.cpp:11:55:[m[K [01;31m[Kerror: [m[K‘[01m[Kstrerror[m[K’ was not declared in this scope; did you mean ‘[01m[Kstderr[m[K’?
[1.414s]    11 |             printf("Error %i from open: %s\n", errno, [01;31m[Kstrerror[m[K(errno));
[1.414s]       |                                                       [01;31m[K^~~~~~~~[m[K
[1.414s]       |                                                       [32m[Kstderr[m[K
[1.414s] [01m[K/home/coffee/Documents/Studium/TU/bachelorarbeit/tuw_hardware_interface/src/tuw_hardware_trinamic_driver/src/tuw_hardware_trinamic_connection.cpp:12:20:[m[K [01;31m[Kerror: [m[Kreturning a value from a constructor
[1.415s]    12 |             return [01;31m[K1[m[K;
[1.415s]       |                    [01;31m[K^[m[K
[1.418s] [01m[K/home/coffee/Documents/Studium/TU/bachelorarbeit/tuw_hardware_interface/src/tuw_hardware_trinamic_driver/src/tuw_hardware_trinamic_connection.cpp:18:60:[m[K [01;31m[Kerror: [m[K‘[01m[Kstrerror[m[K’ was not declared in this scope; did you mean ‘[01m[Kstderr[m[K’?
[1.419s]    18 |             printf("Error %i from tcgetattr: %s\n", errno, [01;31m[Kstrerror[m[K(errno));
[1.419s]       |                                                            [01;31m[K^~~~~~~~[m[K
[1.419s]       |                                                            [32m[Kstderr[m[K
[1.419s] [01m[K/home/coffee/Documents/Studium/TU/bachelorarbeit/tuw_hardware_interface/src/tuw_hardware_trinamic_driver/src/tuw_hardware_trinamic_connection.cpp:20:20:[m[K [01;31m[Kerror: [m[Kreturning a value from a constructor
[1.419s]    20 |             return [01;31m[K1[m[K;
[1.419s]       |                    [01;31m[K^[m[K
[1.419s] [01m[K/home/coffee/Documents/Studium/TU/bachelorarbeit/tuw_hardware_interface/src/tuw_hardware_trinamic_driver/src/tuw_hardware_trinamic_connection.cpp:25:15:[m[K [01;31m[Kerror: [m[K‘[01m[Kclass tmcm1640::TMCM1640Connection[m[K’ has no member named ‘[01m[Ktty_[m[K’
[1.419s]    25 |         this->[01;31m[Ktty_[m[K.c_cflag &= ~PARENB;
[1.420s]       |               [01;31m[K^~~~[m[K
[1.420s] [01m[K/home/coffee/Documents/Studium/TU/bachelorarbeit/tuw_hardware_interface/src/tuw_hardware_trinamic_driver/src/tuw_hardware_trinamic_connection.cpp:27:15:[m[K [01;31m[Kerror: [m[K‘[01m[Kclass tmcm1640::TMCM1640Connection[m[K’ has no member named ‘[01m[Ktty_[m[K’
[1.420s]    27 |         this->[01;31m[Ktty_[m[K.c_cflag &= ~CSTOPB;
[1.420s]       |               [01;31m[K^~~~[m[K
[1.420s] [01m[K/home/coffee/Documents/Studium/TU/bachelorarbeit/tuw_hardware_interface/src/tuw_hardware_trinamic_driver/src/tuw_hardware_trinamic_connection.cpp:29:15:[m[K [01;31m[Kerror: [m[K‘[01m[Kclass tmcm1640::TMCM1640Connection[m[K’ has no member named ‘[01m[Ktty_[m[K’
[1.420s]    29 |         this->[01;31m[Ktty_[m[K.c_cflag &= ~CSIZE;
[1.420s]       |               [01;31m[K^~~~[m[K
[1.421s] [01m[K/home/coffee/Documents/Studium/TU/bachelorarbeit/tuw_hardware_interface/src/tuw_hardware_trinamic_driver/src/tuw_hardware_trinamic_connection.cpp:31:15:[m[K [01;31m[Kerror: [m[K‘[01m[Kclass tmcm1640::TMCM1640Connection[m[K’ has no member named ‘[01m[Ktty_[m[K’
[1.421s]    31 |         this->[01;31m[Ktty_[m[K.c_cflag |= CS8;
[1.421s]       |               [01;31m[K^~~~[m[K
[1.421s] [01m[K/home/coffee/Documents/Studium/TU/bachelorarbeit/tuw_hardware_interface/src/tuw_hardware_trinamic_driver/src/tuw_hardware_trinamic_connection.cpp:33:15:[m[K [01;31m[Kerror: [m[K‘[01m[Kclass tmcm1640::TMCM1640Connection[m[K’ has no member named ‘[01m[Ktty_[m[K’
[1.421s]    33 |         this->[01;31m[Ktty_[m[K.c_cflag &= CRTSCTS;
[1.421s]       |               [01;31m[K^~~~[m[K
[1.421s] [01m[K/home/coffee/Documents/Studium/TU/bachelorarbeit/tuw_hardware_interface/src/tuw_hardware_trinamic_driver/src/tuw_hardware_trinamic_connection.cpp:35:15:[m[K [01;31m[Kerror: [m[K‘[01m[Kclass tmcm1640::TMCM1640Connection[m[K’ has no member named ‘[01m[Ktty_[m[K’
[1.421s]    35 |         this->[01;31m[Ktty_[m[K.c_cflag |= CREAD | CLOCAL;
[1.422s]       |               [01;31m[K^~~~[m[K
[1.422s] [01m[K/home/coffee/Documents/Studium/TU/bachelorarbeit/tuw_hardware_interface/src/tuw_hardware_trinamic_driver/src/tuw_hardware_trinamic_connection.cpp:37:15:[m[K [01;31m[Kerror: [m[K‘[01m[Kclass tmcm1640::TMCM1640Connection[m[K’ has no member named ‘[01m[Ktty_[m[K’
[1.422s]    37 |         this->[01;31m[Ktty_[m[K.c_lflag &= ~ICANON;
[1.422s]       |               [01;31m[K^~~~[m[K
[1.422s] [01m[K/home/coffee/Documents/Studium/TU/bachelorarbeit/tuw_hardware_interface/src/tuw_hardware_trinamic_driver/src/tuw_hardware_trinamic_connection.cpp:39:15:[m[K [01;31m[Kerror: [m[K‘[01m[Kclass tmcm1640::TMCM1640Connection[m[K’ has no member named ‘[01m[Ktty_[m[K’
[1.422s]    39 |         this->[01;31m[Ktty_[m[K.c_lflag &= ~ECHO;
[1.423s]       |               [01;31m[K^~~~[m[K
[1.423s] [01m[K/home/coffee/Documents/Studium/TU/bachelorarbeit/tuw_hardware_interface/src/tuw_hardware_trinamic_driver/src/tuw_hardware_trinamic_connection.cpp:41:15:[m[K [01;31m[Kerror: [m[K‘[01m[Kclass tmcm1640::TMCM1640Connection[m[K’ has no member named ‘[01m[Ktty_[m[K’
[1.423s]    41 |         this->[01;31m[Ktty_[m[K.c_lflag &= ~ECHOE;
[1.423s]       |               [01;31m[K^~~~[m[K
[1.424s] [01m[K/home/coffee/Documents/Studium/TU/bachelorarbeit/tuw_hardware_interface/src/tuw_hardware_trinamic_driver/src/tuw_hardware_trinamic_connection.cpp:43:15:[m[K [01;31m[Kerror: [m[K‘[01m[Kclass tmcm1640::TMCM1640Connection[m[K’ has no member named ‘[01m[Ktty_[m[K’
[1.424s]    43 |         this->[01;31m[Ktty_[m[K.c_lflag &= ~ECHONL;
[1.424s]       |               [01;31m[K^~~~[m[K
[1.424s] [01m[K/home/coffee/Documents/Studium/TU/bachelorarbeit/tuw_hardware_interface/src/tuw_hardware_trinamic_driver/src/tuw_hardware_trinamic_connection.cpp:45:15:[m[K [01;31m[Kerror: [m[K‘[01m[Kclass tmcm1640::TMCM1640Connection[m[K’ has no member named ‘[01m[Ktty_[m[K’
[1.424s]    45 |         this->[01;31m[Ktty_[m[K.c_lflag &= ~ISIG;
[1.425s]       |               [01;31m[K^~~~[m[K
[1.425s] [01m[K/home/coffee/Documents/Studium/TU/bachelorarbeit/tuw_hardware_interface/src/tuw_hardware_trinamic_driver/src/tuw_hardware_trinamic_connection.cpp:47:15:[m[K [01;31m[Kerror: [m[K‘[01m[Kclass tmcm1640::TMCM1640Connection[m[K’ has no member named ‘[01m[Ktty_[m[K’
[1.425s]    47 |         this->[01;31m[Ktty_[m[K.c_iflag &= ~(IXON | IXOFF | IXANY);
[1.425s]       |               [01;31m[K^~~~[m[K
[1.425s] [01m[K/home/coffee/Documents/Studium/TU/bachelorarbeit/tuw_hardware_interface/src/tuw_hardware_trinamic_driver/src/tuw_hardware_trinamic_connection.cpp:49:15:[m[K [01;31m[Kerror: [m[K‘[01m[Kclass tmcm1640::TMCM1640Connection[m[K’ has no member named ‘[01m[Ktty_[m[K’
[1.425s]    49 |         this->[01;31m[Ktty_[m[K.c_iflag &= ~(IGNBRK|BRKINT|PARMRK|ISTRIP|INLCR|IGNCR|ICRNL);
[1.425s]       |               [01;31m[K^~~~[m[K
[1.425s] [01m[K/home/coffee/Documents/Studium/TU/bachelorarbeit/tuw_hardware_interface/src/tuw_hardware_trinamic_driver/src/tuw_hardware_trinamic_connection.cpp:52:15:[m[K [01;31m[Kerror: [m[K‘[01m[Kclass tmcm1640::TMCM1640Connection[m[K’ has no member named ‘[01m[Ktty_[m[K’
[1.426s]    52 |         this->[01;31m[Ktty_[m[K.c_oflag &= ~OPOST;
[1.426s]       |               [01;31m[K^~~~[m[K
[1.426s] [01m[K/home/coffee/Documents/Studium/TU/bachelorarbeit/tuw_hardware_interface/src/tuw_hardware_trinamic_driver/src/tuw_hardware_trinamic_connection.cpp:54:15:[m[K [01;31m[Kerror: [m[K‘[01m[Kclass tmcm1640::TMCM1640Connection[m[K’ has no member named ‘[01m[Ktty_[m[K’
[1.426s]    54 |         this->[01;31m[Ktty_[m[K.c_oflag &= ~ONLCR;
[1.426s]       |               [01;31m[K^~~~[m[K
[1.426s] [01m[K/home/coffee/Documents/Studium/TU/bachelorarbeit/tuw_hardware_interface/src/tuw_hardware_trinamic_driver/src/tuw_hardware_trinamic_connection.cpp:57:15:[m[K [01;31m[Kerror: [m[K‘[01m[Kclass tmcm1640::TMCM1640Connection[m[K’ has no member named ‘[01m[Ktty_[m[K’
[1.426s]    57 |         this->[01;31m[Ktty_[m[K.c_cc[VTIME] = 0;
[1.426s]       |               [01;31m[K^~~~[m[K
[1.427s] [01m[K/home/coffee/Documents/Studium/TU/bachelorarbeit/tuw_hardware_interface/src/tuw_hardware_trinamic_driver/src/tuw_hardware_trinamic_connection.cpp:58:15:[m[K [01;31m[Kerror: [m[K‘[01m[Kclass tmcm1640::TMCM1640Connection[m[K’ has no member named ‘[01m[Ktty_[m[K’
[1.427s]    58 |         this->[01;31m[Ktty_[m[K.c_cc[VMIN] = 9;
[1.427s]       |               [01;31m[K^~~~[m[K
[1.427s] [01m[K/home/coffee/Documents/Studium/TU/bachelorarbeit/tuw_hardware_interface/src/tuw_hardware_trinamic_driver/src/tuw_hardware_trinamic_connection.cpp:63:21:[m[K [01;31m[Kerror: [m[Ktoo many arguments to function ‘[01m[Kint[01;32m[K tcgetattr[m[K(int, termios*)[m[K’
[1.427s]    63 |         if([01;31m[Ktcgetattr(serial_port, TCSANOW, &tty)[m[K != 0) {
[1.427s]       |            [01;31m[K~~~~~~~~~^~~~~~~~~~~~~~~~~~~~~~~~~~~~[m[K
[1.427s] In file included from [01m[K/home/coffee/Documents/Studium/TU/bachelorarbeit/tuw_hardware_interface/src/tuw_hardware_trinamic_driver/include/tuw_hardware_trinamic_driver/tuw_hardware_trinamic_connection.hpp:9[m[K:
[1.428s] [01m[K/usr/include/termios.h:66:12:[m[K [01;36m[Knote: [m[Kdeclared here
[1.428s]    66 | extern int [01;36m[Ktcgetattr[m[K (int __fd, struct termios *__termios_p) __THROW;
[1.428s]       |            [01;36m[K^~~~~~~~~[m[K
[1.428s] [01m[K/home/coffee/Documents/Studium/TU/bachelorarbeit/tuw_hardware_interface/src/tuw_hardware_trinamic_driver/src/tuw_hardware_trinamic_connection.cpp:64:60:[m[K [01;31m[Kerror: [m[K‘[01m[Kstrerror[m[K’ was not declared in this scope; did you mean ‘[01m[Kstderr[m[K’?
[1.428s]    64 |             printf("Error %i from tcsetattr: %s\n", errno, [01;31m[Kstrerror[m[K(errno));
[1.428s]       |                                                            [01;31m[K^~~~~~~~[m[K
[1.428s]       |                                                            [32m[Kstderr[m[K
[1.428s] [01m[K/home/coffee/Documents/Studium/TU/bachelorarbeit/tuw_hardware_interface/src/tuw_hardware_trinamic_driver/src/tuw_hardware_trinamic_connection.cpp:66:20:[m[K [01;31m[Kerror: [m[Kreturning a value from a constructor
[1.429s]    66 |             return [01;31m[K1[m[K;
[1.429s]       |                    [01;31m[K^[m[K
[1.429s] In file included from [01m[K/home/coffee/Documents/Studium/TU/bachelorarbeit/tuw_hardware_interface/src/tuw_hardware_trinamic_driver/include/tuw_hardware_trinamic_driver/tuw_hardware_trinamic_connection.hpp:4[m[K:
[1.429s] [01m[K/home/coffee/Documents/Studium/TU/bachelorarbeit/tuw_hardware_interface/src/tuw_hardware_trinamic_driver/include/tuw_hardware_trinamic_driver/tuw_hardware_trinamic_definitions.hpp:146:20:[m[K [01;31m[Kerror: [m[Kexpected unqualified-id before numeric constant
[1.429s]   146 |     #define TARGET [01;31m[K1[m[K
[1.429s]       |                    [01;31m[K^[m[K
[1.429s] [01m[K/home/coffee/Documents/Studium/TU/bachelorarbeit/tuw_hardware_interface/src/tuw_hardware_trinamic_driver/src/tuw_hardware_trinamic_connection.cpp:71:46:[m[K [01;36m[Knote: [m[Kin expansion of macro ‘[01m[KTARGET[m[K’
[1.429s]    71 |         command_message[tmcm1640_cmd_format::[01;36m[KTARGET[m[K] = TARGET;
[1.430s]       |                                              [01;36m[K^~~~~~[m[K
[1.430s] [01m[K/home/coffee/Documents/Studium/TU/bachelorarbeit/tuw_hardware_interface/src/tuw_hardware_trinamic_driver/src/tuw_hardware_trinamic_connection.cpp:71:44:[m[K [01;31m[Kerror: [m[Kexpected ‘[01m[K][m[K’ before numeric constant
[1.430s]    71 |         command_message[tmcm1640_cmd_format[01;31m[K:[m[K:TARGET] = TARGET;
[1.430s]       |                                            [01;31m[K^[m[K
[1.430s]       |                                            [32m[K][m[K
[1.430s] [01m[K/home/coffee/Documents/Studium/TU/bachelorarbeit/tuw_hardware_interface/src/tuw_hardware_trinamic_driver/src/tuw_hardware_trinamic_connection.cpp:72:24:[m[K [01;31m[Kerror: [m[Kno match for ‘[01m[Koperator[][m[K’ (operand types are ‘[01m[Kstd::array<unsigned char, 9>[m[K’ and ‘[01m[Ktmcm1640::tmcm1640_cmd_format[m[K’)
[1.430s]    72 |         command_message[01;31m[K[[m[Ktmcm1640_cmd_format::TYPE] = TYPE_DEFAULT;
[1.430s]       |                        [01;31m[K^[m[K
[1.431s] In file included from [01m[K/home/coffee/Documents/Studium/TU/bachelorarbeit/tuw_hardware_interface/src/tuw_hardware_trinamic_driver/include/tuw_hardware_trinamic_driver/tuw_hardware_trinamic_connection.hpp:13[m[K:
[1.431s] [01m[K/usr/include/c++/13/array:200:7:[m[K [01;36m[Knote: [m[Kcandidate: ‘[01m[Kconstexpr std::array<_Tp, _Nm>::value_type& std::array<_Tp, _Nm>::[01;32m[Koperator[][m[K(size_type) [35m[K[with _Tp = unsigned char; long unsigned int _Nm = 9; reference = unsigned char&; size_type = long unsigned int][m[K[m[K’
[1.431s]   200 |       [01;36m[Koperator[m[K[](size_type __n) noexcept
[1.431s]       |       [01;36m[K^~~~~~~~[m[K
[1.431s] [01m[K/usr/include/c++/13/array:200:28:[m[K [01;36m[Knote: [m[K  no known conversion for argument 1 from ‘[01m[Ktmcm1640::tmcm1640_cmd_format[m[K’ to ‘[01m[Kstd::array<unsigned char, 9>::size_type[m[K’ {aka ‘[01m[Klong unsigned int[m[K’}
[1.431s]   200 |       operator[]([01;36m[Ksize_type __n[m[K) noexcept
[1.431s]       |                  [01;36m[K~~~~~~~~~~^~~[m[K
[1.432s] [01m[K/usr/include/c++/13/array:208:7:[m[K [01;36m[Knote: [m[Kcandidate: ‘[01m[Kconstexpr const std::array<_Tp, _Nm>::value_type& std::array<_Tp, _Nm>::[01;32m[Koperator[][m[K(size_type) const [35m[K[with _Tp = unsigned char; long unsigned int _Nm = 9; const_reference = const unsigned char&; size_type = long unsigned int][m[K[m[K’
[1.432s]   208 |       [01;36m[Koperator[m[K[](size_type __n) const noexcept
[1.432s]       |       [01;36m[K^~~~~~~~[m[K
[1.432s] [01m[K/usr/include/c++/13/array:208:28:[m[K [01;36m[Knote: [m[K  no known conversion for argument 1 from ‘[01m[Ktmcm1640::tmcm1640_cmd_format[m[K’ to ‘[01m[Kstd::array<unsigned char, 9>::size_type[m[K’ {aka ‘[01m[Klong unsigned int[m[K’}
[1.432s]   208 |       operator[]([01;36m[Ksize_type __n[m[K) const noexcept
[1.432s]       |                  [01;36m[K~~~~~~~~~~^~~[m[K
[1.432s] [01m[K/home/coffee/Documents/Studium/TU/bachelorarbeit/tuw_hardware_interface/src/tuw_hardware_trinamic_driver/src/tuw_hardware_trinamic_connection.cpp:73:24:[m[K [01;31m[Kerror: [m[Kno match for ‘[01m[Koperator[][m[K’ (operand types are ‘[01m[Kstd::array<unsigned char, 9>[m[K’ and ‘[01m[Ktmcm1640::tmcm1640_cmd_format[m[K’)
[1.432s]    73 |         command_message[01;31m[K[[m[Ktmcm1640_cmd_format::MOT_BANK] = MOTOR_NUMBER;
[1.433s]       |                        [01;31m[K^[m[K
[1.433s] [01m[K/usr/include/c++/13/array:200:7:[m[K [01;36m[Knote: [m[Kcandidate: ‘[01m[Kconstexpr std::array<_Tp, _Nm>::value_type& std::array<_Tp, _Nm>::[01;32m[Koperator[][m[K(size_type) [35m[K[with _Tp = unsigned char; long unsigned int _Nm = 9; reference = unsigned char&; size_type = long unsigned int][m[K[m[K’
[1.433s]   200 |       [01;36m[Koperator[m[K[](size_type __n) noexcept
[1.433s]       |       [01;36m[K^~~~~~~~[m[K
[1.433s] [01m[K/usr/include/c++/13/array:200:28:[m[K [01;36m[Knote: [m[K  no known conversion for argument 1 from ‘[01m[Ktmcm1640::tmcm1640_cmd_format[m[K’ to ‘[01m[Kstd::array<unsigned char, 9>::size_type[m[K’ {aka ‘[01m[Klong unsigned int[m[K’}
[1.433s]   200 |       operator[]([01;36m[Ksize_type __n[m[K) noexcept
[1.433s]       |                  [01;36m[K~~~~~~~~~~^~~[m[K
[1.433s] [01m[K/usr/include/c++/13/array:208:7:[m[K [01;36m[Knote: [m[Kcandidate: ‘[01m[Kconstexpr const std::array<_Tp, _Nm>::value_type& std::array<_Tp, _Nm>::[01;32m[Koperator[][m[K(size_type) const [35m[K[with _Tp = unsigned char; long unsigned int _Nm = 9; const_reference = const unsigned char&; size_type = long unsigned int][m[K[m[K’
[1.434s]   208 |       [01;36m[Koperator[m[K[](size_type __n) const noexcept
[1.434s]       |       [01;36m[K^~~~~~~~[m[K
[1.434s] [01m[K/usr/include/c++/13/array:208:28:[m[K [01;36m[Knote: [m[K  no known conversion for argument 1 from ‘[01m[Ktmcm1640::tmcm1640_cmd_format[m[K’ to ‘[01m[Kstd::array<unsigned char, 9>::size_type[m[K’ {aka ‘[01m[Klong unsigned int[m[K’}
[1.434s]   208 |       operator[]([01;36m[Ksize_type __n[m[K) const noexcept
[1.434s]       |                  [01;36m[K~~~~~~~~~~^~~[m[K
[1.434s] [01m[K/home/coffee/Documents/Studium/TU/bachelorarbeit/tuw_hardware_interface/src/tuw_hardware_trinamic_driver/src/tuw_hardware_trinamic_connection.cpp:74:24:[m[K [01;31m[Kerror: [m[Kno match for ‘[01m[Koperator[][m[K’ (operand types are ‘[01m[Kstd::array<unsigned char, 9>[m[K’ and ‘[01m[Ktmcm1640::tmcm1640_cmd_format[m[K’)
[1.434s]    74 |         command_message[01;31m[K[[m[Ktmcm1640_cmd_format::VALUE_MSB] = VALUE_DEFAULT; // TODO funktioniert das so?
[1.434s]       |                        [01;31m[K^[m[K
[1.435s] [01m[K/usr/include/c++/13/array:200:7:[m[K [01;36m[Knote: [m[Kcandidate: ‘[01m[Kconstexpr std::array<_Tp, _Nm>::value_type& std::array<_Tp, _Nm>::[01;32m[Koperator[][m[K(size_type) [35m[K[with _Tp = unsigned char; long unsigned int _Nm = 9; reference = unsigned char&; size_type = long unsigned int][m[K[m[K’
[1.435s]   200 |       [01;36m[Koperator[m[K[](size_type __n) noexcept
[1.435s]       |       [01;36m[K^~~~~~~~[m[K
[1.435s] [01m[K/usr/include/c++/13/array:200:28:[m[K [01;36m[Knote: [m[K  no known conversion for argument 1 from ‘[01m[Ktmcm1640::tmcm1640_cmd_format[m[K’ to ‘[01m[Kstd::array<unsigned char, 9>::size_type[m[K’ {aka ‘[01m[Klong unsigned int[m[K’}
[1.435s]   200 |       operator[]([01;36m[Ksize_type __n[m[K) noexcept
[1.435s]       |                  [01;36m[K~~~~~~~~~~^~~[m[K
[1.435s] [01m[K/usr/include/c++/13/array:208:7:[m[K [01;36m[Knote: [m[Kcandidate: ‘[01m[Kconstexpr const std::array<_Tp, _Nm>::value_type& std::array<_Tp, _Nm>::[01;32m[Koperator[][m[K(size_type) const [35m[K[with _Tp = unsigned char; long unsigned int _Nm = 9; const_reference = const unsigned char&; size_type = long unsigned int][m[K[m[K’
[1.436s]   208 |       [01;36m[Koperator[m[K[](size_type __n) const noexcept
[1.436s]       |       [01;36m[K^~~~~~~~[m[K
[1.436s] [01m[K/usr/include/c++/13/array:208:28:[m[K [01;36m[Knote: [m[K  no known conversion for argument 1 from ‘[01m[Ktmcm1640::tmcm1640_cmd_format[m[K’ to ‘[01m[Kstd::array<unsigned char, 9>::size_type[m[K’ {aka ‘[01m[Klong unsigned int[m[K’}
[1.436s]   208 |       operator[]([01;36m[Ksize_type __n[m[K) const noexcept
[1.436s]       |                  [01;36m[K~~~~~~~~~~^~~[m[K
[1.436s] [01m[K/home/coffee/Documents/Studium/TU/bachelorarbeit/tuw_hardware_interface/src/tuw_hardware_trinamic_driver/src/tuw_hardware_trinamic_connection.cpp:[m[K In member function ‘[01m[Kint32_t tmcm1640::TMCM1640Connection::[01;32m[Kcommunicate[m[K(tmcm1640::tmcm1640_cmd, int, int)[m[K’:
[1.436s] [01m[K/home/coffee/Documents/Studium/TU/bachelorarbeit/tuw_hardware_interface/src/tuw_hardware_trinamic_driver/src/tuw_hardware_trinamic_connection.cpp:93:24:[m[K [01;31m[Kerror: [m[Kno match for ‘[01m[Koperator[][m[K’ (operand types are ‘[01m[Kstd::array<unsigned char, 9>[m[K’ and ‘[01m[Ktmcm1640::tmcm1640_cmd_format[m[K’)
[1.437s]    93 |         command_message[01;31m[K[[m[Ktmcm1640_cmd_format::CMD] = cmd;
[1.437s]       |                        [01;31m[K^[m[K
[1.437s] [01m[K/usr/include/c++/13/array:200:7:[m[K [01;36m[Knote: [m[Kcandidate: ‘[01m[Kconstexpr std::array<_Tp, _Nm>::value_type& std::array<_Tp, _Nm>::[01;32m[Koperator[][m[K(size_type) [35m[K[with _Tp = unsigned char; long unsigned int _Nm = 9; reference = unsigned char&; size_type = long unsigned int][m[K[m[K’
[1.437s]   200 |       [01;36m[Koperator[m[K[](size_type __n) noexcept
[1.437s]       |       [01;36m[K^~~~~~~~[m[K
[1.437s] [01m[K/usr/include/c++/13/array:200:28:[m[K [01;36m[Knote: [m[K  no known conversion for argument 1 from ‘[01m[Ktmcm1640::tmcm1640_cmd_format[m[K’ to ‘[01m[Kstd::array<unsigned char, 9>::size_type[m[K’ {aka ‘[01m[Klong unsigned int[m[K’}
[1.437s]   200 |       operator[]([01;36m[Ksize_type __n[m[K) noexcept
[1.437s]       |                  [01;36m[K~~~~~~~~~~^~~[m[K
[1.438s] [01m[K/usr/include/c++/13/array:208:7:[m[K [01;36m[Knote: [m[Kcandidate: ‘[01m[Kconstexpr const std::array<_Tp, _Nm>::value_type& std::array<_Tp, _Nm>::[01;32m[Koperator[][m[K(size_type) const [35m[K[with _Tp = unsigned char; long unsigned int _Nm = 9; const_reference = const unsigned char&; size_type = long unsigned int][m[K[m[K’
[1.438s]   208 |       [01;36m[Koperator[m[K[](size_type __n) const noexcept
[1.438s]       |       [01;36m[K^~~~~~~~[m[K
[1.438s] [01m[K/usr/include/c++/13/array:208:28:[m[K [01;36m[Knote: [m[K  no known conversion for argument 1 from ‘[01m[Ktmcm1640::tmcm1640_cmd_format[m[K’ to ‘[01m[Kstd::array<unsigned char, 9>::size_type[m[K’ {aka ‘[01m[Klong unsigned int[m[K’}
[1.438s]   208 |       operator[]([01;36m[Ksize_type __n[m[K) const noexcept
[1.438s]       |                  [01;36m[K~~~~~~~~~~^~~[m[K
[1.438s] [01m[K/home/coffee/Documents/Studium/TU/bachelorarbeit/tuw_hardware_interface/src/tuw_hardware_trinamic_driver/src/tuw_hardware_trinamic_connection.cpp:94:24:[m[K [01;31m[Kerror: [m[Kno match for ‘[01m[Koperator[][m[K’ (operand types are ‘[01m[Kstd::array<unsigned char, 9>[m[K’ and ‘[01m[Ktmcm1640::tmcm1640_cmd_format[m[K’)
[1.439s]    94 |         command_message[01;31m[K[[m[Ktmcm1640_cmd_format::TYPE] = type;
[1.439s]       |                        [01;31m[K^[m[K
[1.439s] [01m[K/usr/include/c++/13/array:200:7:[m[K [01;36m[Knote: [m[Kcandidate: ‘[01m[Kconstexpr std::array<_Tp, _Nm>::value_type& std::array<_Tp, _Nm>::[01;32m[Koperator[][m[K(size_type) [35m[K[with _Tp = unsigned char; long unsigned int _Nm = 9; reference = unsigned char&; size_type = long unsigned int][m[K[m[K’
[1.439s]   200 |       [01;36m[Koperator[m[K[](size_type __n) noexcept
[1.440s]       |       [01;36m[K^~~~~~~~[m[K
[1.440s] [01m[K/usr/include/c++/13/array:200:28:[m[K [01;36m[Knote: [m[K  no known conversion for argument 1 from ‘[01m[Ktmcm1640::tmcm1640_cmd_format[m[K’ to ‘[01m[Kstd::array<unsigned char, 9>::size_type[m[K’ {aka ‘[01m[Klong unsigned int[m[K’}
[1.440s]   200 |       operator[]([01;36m[Ksize_type __n[m[K) noexcept
[1.440s]       |                  [01;36m[K~~~~~~~~~~^~~[m[K
[1.440s] [01m[K/usr/include/c++/13/array:208:7:[m[K [01;36m[Knote: [m[Kcandidate: ‘[01m[Kconstexpr const std::array<_Tp, _Nm>::value_type& std::array<_Tp, _Nm>::[01;32m[Koperator[][m[K(size_type) const [35m[K[with _Tp = unsigned char; long unsigned int _Nm = 9; const_reference = const unsigned char&; size_type = long unsigned int][m[K[m[K’
[1.440s]   208 |       [01;36m[Koperator[m[K[](size_type __n) const noexcept
[1.440s]       |       [01;36m[K^~~~~~~~[m[K
[1.441s] [01m[K/usr/include/c++/13/array:208:28:[m[K [01;36m[Knote: [m[K  no known conversion for argument 1 from ‘[01m[Ktmcm1640::tmcm1640_cmd_format[m[K’ to ‘[01m[Kstd::array<unsigned char, 9>::size_type[m[K’ {aka ‘[01m[Klong unsigned int[m[K’}
[1.441s]   208 |       operator[]([01;36m[Ksize_type __n[m[K) const noexcept
[1.441s]       |                  [01;36m[K~~~~~~~~~~^~~[m[K
[1.441s] [01m[K/home/coffee/Documents/Studium/TU/bachelorarbeit/tuw_hardware_interface/src/tuw_hardware_trinamic_driver/src/tuw_hardware_trinamic_connection.cpp:95:24:[m[K [01;31m[Kerror: [m[Kno match for ‘[01m[Koperator[][m[K’ (operand types are ‘[01m[Kstd::array<unsigned char, 9>[m[K’ and ‘[01m[Ktmcm1640::tmcm1640_cmd_format[m[K’)
[1.441s]    95 |         command_message[01;31m[K[[m[Ktmcm1640_cmd_format::VALUE_MSB] = value;
[1.441s]       |                        [01;31m[K^[m[K
[1.441s] [01m[K/usr/include/c++/13/array:200:7:[m[K [01;36m[Knote: [m[Kcandidate: ‘[01m[Kconstexpr std::array<_Tp, _Nm>::value_type& std::array<_Tp, _Nm>::[01;32m[Koperator[][m[K(size_type) [35m[K[with _Tp = unsigned char; long unsigned int _Nm = 9; reference = unsigned char&; size_type = long unsigned int][m[K[m[K’
[1.441s]   200 |       [01;36m[Koperator[m[K[](size_type __n) noexcept
[1.441s]       |       [01;36m[K^~~~~~~~[m[K
[1.441s] [01m[K/usr/include/c++/13/array:200:28:[m[K [01;36m[Knote: [m[K  no known conversion for argument 1 from ‘[01m[Ktmcm1640::tmcm1640_cmd_format[m[K’ to ‘[01m[Kstd::array<unsigned char, 9>::size_type[m[K’ {aka ‘[01m[Klong unsigned int[m[K’}
[1.442s]   200 |       operator[]([01;36m[Ksize_type __n[m[K) noexcept
[1.442s]       |                  [01;36m[K~~~~~~~~~~^~~[m[K
[1.442s] [01m[K/usr/include/c++/13/array:208:7:[m[K [01;36m[Knote: [m[Kcandidate: ‘[01m[Kconstexpr const std::array<_Tp, _Nm>::value_type& std::array<_Tp, _Nm>::[01;32m[Koperator[][m[K(size_type) const [35m[K[with _Tp = unsigned char; long unsigned int _Nm = 9; const_reference = const unsigned char&; size_type = long unsigned int][m[K[m[K’
[1.442s]   208 |       [01;36m[Koperator[m[K[](size_type __n) const noexcept
[1.442s]       |       [01;36m[K^~~~~~~~[m[K
[1.442s] [01m[K/usr/include/c++/13/array:208:28:[m[K [01;36m[Knote: [m[K  no known conversion for argument 1 from ‘[01m[Ktmcm1640::tmcm1640_cmd_format[m[K’ to ‘[01m[Kstd::array<unsigned char, 9>::size_type[m[K’ {aka ‘[01m[Klong unsigned int[m[K’}
[1.442s]   208 |       operator[]([01;36m[Ksize_type __n[m[K) const noexcept
[1.442s]       |                  [01;36m[K~~~~~~~~~~^~~[m[K
[1.442s] [01m[K/home/coffee/Documents/Studium/TU/bachelorarbeit/tuw_hardware_interface/src/tuw_hardware_trinamic_driver/src/tuw_hardware_trinamic_connection.cpp:98:24:[m[K [01;31m[Kerror: [m[Kno match for ‘[01m[Koperator[][m[K’ (operand types are ‘[01m[Kstd::array<unsigned char, 9>[m[K’ and ‘[01m[Ktmcm1640::tmcm1640_cmd_format[m[K’)
[1.442s]    98 |         command_message[01;31m[K[[m[Ktmcm1640_cmd_format::CHECKSUM] = calc_checksum();
[1.442s]       |                        [01;31m[K^[m[K
[1.443s] [01m[K/usr/include/c++/13/array:200:7:[m[K [01;36m[Knote: [m[Kcandidate: ‘[01m[Kconstexpr std::array<_Tp, _Nm>::value_type& std::array<_Tp, _Nm>::[01;32m[Koperator[][m[K(size_type) [35m[K[with _Tp = unsigned char; long unsigned int _Nm = 9; reference = unsigned char&; size_type = long unsigned int][m[K[m[K’
[1.443s]   200 |       [01;36m[Koperator[m[K[](size_type __n) noexcept
[1.443s]       |       [01;36m[K^~~~~~~~[m[K
[1.443s] [01m[K/usr/include/c++/13/array:200:28:[m[K [01;36m[Knote: [m[K  no known conversion for argument 1 from ‘[01m[Ktmcm1640::tmcm1640_cmd_format[m[K’ to ‘[01m[Kstd::array<unsigned char, 9>::size_type[m[K’ {aka ‘[01m[Klong unsigned int[m[K’}
[1.443s]   200 |       operator[]([01;36m[Ksize_type __n[m[K) noexcept
[1.443s]       |                  [01;36m[K~~~~~~~~~~^~~[m[K
[1.443s] [01m[K/usr/include/c++/13/array:208:7:[m[K [01;36m[Knote: [m[Kcandidate: ‘[01m[Kconstexpr const std::array<_Tp, _Nm>::value_type& std::array<_Tp, _Nm>::[01;32m[Koperator[][m[K(size_type) const [35m[K[with _Tp = unsigned char; long unsigned int _Nm = 9; const_reference = const unsigned char&; size_type = long unsigned int][m[K[m[K’
[1.443s]   208 |       [01;36m[Koperator[m[K[](size_type __n) const noexcept
[1.443s]       |       [01;36m[K^~~~~~~~[m[K
[1.443s] [01m[K/usr/include/c++/13/array:208:28:[m[K [01;36m[Knote: [m[K  no known conversion for argument 1 from ‘[01m[Ktmcm1640::tmcm1640_cmd_format[m[K’ to ‘[01m[Kstd::array<unsigned char, 9>::size_type[m[K’ {aka ‘[01m[Klong unsigned int[m[K’}
[1.443s]   208 |       operator[]([01;36m[Ksize_type __n[m[K) const noexcept
[1.443s]       |                  [01;36m[K~~~~~~~~~~^~~[m[K
[1.444s] [01m[K/home/coffee/Documents/Studium/TU/bachelorarbeit/tuw_hardware_interface/src/tuw_hardware_trinamic_driver/src/tuw_hardware_trinamic_connection.cpp:98:71:[m[K [01;31m[Kerror: [m[Kno matching function for call to ‘[01m[Ktmcm1640::TMCM1640Connection::calc_checksum()[m[K’
[1.444s]    98 |       command_message[tmcm1640_cmd_format::CHECKSUM] = [01;31m[Kcalc_checksum()[m[K;
[1.444s]       |                                                        [01;31m[K~~~~~~~~~~~~~^~[m[K
[1.444s] 
[1.444s] [01m[K/home/coffee/Documents/Studium/TU/bachelorarbeit/tuw_hardware_interface/src/tuw_hardware_trinamic_driver/include/tuw_hardware_trinamic_driver/tuw_hardware_trinamic_connection.hpp:31:26:[m[K [01;36m[Knote: [m[Kcandidate: ‘[01m[Kuint8_t tmcm1640::TMCM1640Connection::[01;32m[Kcalc_checksum[m[K(std::array<unsigned char, 9>)[m[K’
[1.444s]    31 |             std::uint8_t [01;36m[Kcalc_checksum[m[K(std::array<std::uint8_t, 9> msg);
[1.444s]       |                          [01;36m[K^~~~~~~~~~~~~[m[K
[1.444s] [01m[K/home/coffee/Documents/Studium/TU/bachelorarbeit/tuw_hardware_interface/src/tuw_hardware_trinamic_driver/include/tuw_hardware_trinamic_driver/tuw_hardware_trinamic_connection.hpp:31:26:[m[K [01;36m[Knote: [m[K  candidate expects 1 argument, 0 provided
[1.444s] [01m[K/home/coffee/Documents/Studium/TU/bachelorarbeit/tuw_hardware_interface/src/tuw_hardware_trinamic_driver/src/tuw_hardware_trinamic_connection.cpp:102:20:[m[K [01;31m[Kerror: [m[K‘[01m[KERROR[m[K’ was not declared in this scope
[1.444s]   102 |             return [01;31m[KERROR[m[K; // TODO implement properly
[1.444s]       |                    [01;31m[K^~~~~[m[K
[1.445s] [01m[K/home/coffee/Documents/Studium/TU/bachelorarbeit/tuw_hardware_interface/src/tuw_hardware_trinamic_driver/src/tuw_hardware_trinamic_connection.cpp:107:20:[m[K [01;31m[Kerror: [m[K‘[01m[KERROR[m[K’ was not declared in this scope
[1.445s]   107 |             return [01;31m[KERROR[m[K; // TODO implement properly
[1.445s]       |                    [01;31m[K^~~~~[m[K
[1.445s] [01m[K/home/coffee/Documents/Studium/TU/bachelorarbeit/tuw_hardware_interface/src/tuw_hardware_trinamic_driver/src/tuw_hardware_trinamic_connection.cpp:[m[K In member function ‘[01m[Kbool tmcm1640::TMCM1640Connection::[01;32m[Ksend_and_receive[m[K()[m[K’:
[1.445s] [01m[K/home/coffee/Documents/Studium/TU/bachelorarbeit/tuw_hardware_interface/src/tuw_hardware_trinamic_driver/src/tuw_hardware_trinamic_connection.cpp:124:28:[m[K [01;31m[Kerror: [m[Kcannot convert ‘[01m[Kstd::array<unsigned char, 9>[m[K’ to ‘[01m[Kconst void*[m[K’
[1.445s]   124 |         write(serial_port, [01;31m[Kcommand_message[m[K, 9);
[1.445s]       |                            [01;31m[K^~~~~~~~~~~~~~~[m[K
[1.445s]       |                            [01;31m[K|[m[K
[1.445s]       |                            [01;31m[Kstd::array<unsigned char, 9>[m[K
[1.445s] In file included from [01m[K/home/coffee/Documents/Studium/TU/bachelorarbeit/tuw_hardware_interface/src/tuw_hardware_trinamic_driver/include/tuw_hardware_trinamic_driver/tuw_hardware_trinamic_connection.hpp:10[m[K:
[1.445s] [01m[K/usr/include/unistd.h:378:45:[m[K [01;36m[Knote: [m[K  initializing argument 2 of ‘[01m[Kssize_t[01;32m[K write[m[K(int, const void*, size_t)[m[K’
[1.446s]   378 | extern ssize_t write (int __fd, [01;36m[Kconst void *__buf[m[K, size_t __n) __wur
[1.446s]       |                                 [01;36m[K~~~~~~~~~~~~^~~~~[m[K
[1.446s] [01m[K/home/coffee/Documents/Studium/TU/bachelorarbeit/tuw_hardware_interface/src/tuw_hardware_trinamic_driver/src/tuw_hardware_trinamic_connection.cpp:127:43:[m[K [01;31m[Kerror: [m[Kcannot convert ‘[01m[Kstd::array<unsigned char, 9>[m[K’ to ‘[01m[Kvoid*[m[K’
[1.446s]   127 |         int num_bytes = read(serial_port, [01;31m[Kreply_message[m[K, 9);
[1.446s]       |                                           [01;31m[K^~~~~~~~~~~~~[m[K
[1.446s]       |                                           [01;31m[K|[m[K
[1.446s]       |                                           [01;31m[Kstd::array<unsigned char, 9>[m[K
[1.446s] [01m[K/usr/include/unistd.h:371:38:[m[K [01;36m[Knote: [m[K  initializing argument 2 of ‘[01m[Kssize_t[01;32m[K read[m[K(int, void*, size_t)[m[K’
[1.446s]   371 | extern ssize_t read (int __fd, [01;36m[Kvoid *__buf[m[K, size_t __nbytes) __wur
[1.446s]       |                                [01;36m[K~~~~~~^~~~~[m[K
[1.446s] [01m[K/home/coffee/Documents/Studium/TU/bachelorarbeit/tuw_hardware_interface/src/tuw_hardware_trinamic_driver/src/tuw_hardware_trinamic_connection.cpp:130:41:[m[K [01;31m[Kerror: [m[K‘[01m[Kstrerror[m[K’ was not declared in this scope; did you mean ‘[01m[Kstderr[m[K’?
[1.447s]   130 |             printf("Error reading: %s", [01;31m[Kstrerror[m[K(errno));
[1.447s]       |                                         [01;31m[K^~~~~~~~[m[K
[1.447s]       |                                         [32m[Kstderr[m[K
[1.447s] [01m[K/home/coffee/Documents/Studium/TU/bachelorarbeit/tuw_hardware_interface/src/tuw_hardware_trinamic_driver/src/tuw_hardware_trinamic_connection.cpp:135:18:[m[K [01;35m[Kwarning: [m[Kstatement has no effect [[01;35m[K]8;;https://gcc.gnu.org/onlinedocs/gcc/Warning-Options.html#index-Wunused-value-Wunused-value]8;;[m[K]
[1.447s]   135 |         else true[01;35m[K;[m[K
[1.447s]       |                  [01;35m[K^[m[K
[1.447s] [01m[K/home/coffee/Documents/Studium/TU/bachelorarbeit/tuw_hardware_interface/src/tuw_hardware_trinamic_driver/src/tuw_hardware_trinamic_connection.cpp:[m[K In member function ‘[01m[Ktmcm1640::tmcm1640_status_codes tmcm1640::TMCM1640Connection::[01;32m[Kcheck_reply[m[K()[m[K’:
[1.447s] [01m[K/home/coffee/Documents/Studium/TU/bachelorarbeit/tuw_hardware_interface/src/tuw_hardware_trinamic_driver/src/tuw_hardware_trinamic_connection.cpp:151:44:[m[K [01;31m[Kerror: [m[Kno match for ‘[01m[Koperator[][m[K’ (operand types are ‘[01m[Kstd::array<unsigned char, 9>[m[K’ and ‘[01m[Ktmcm1640::tmcm1640_reply_format[m[K’)
[1.447s]   151 |         if(!(calc_checksum == reply_message[01;31m[K[[m[Ktmcm1640_reply_format::CHECKSUM])) {
[1.447s]       |                                            [01;31m[K^[m[K
[1.447s] [01m[K/usr/include/c++/13/array:200:7:[m[K [01;36m[Knote: [m[Kcandidate: ‘[01m[Kconstexpr std::array<_Tp, _Nm>::value_type& std::array<_Tp, _Nm>::[01;32m[Koperator[][m[K(size_type) [35m[K[with _Tp = unsigned char; long unsigned int _Nm = 9; reference = unsigned char&; size_type = long unsigned int][m[K[m[K’
[1.448s]   200 |       [01;36m[Koperator[m[K[](size_type __n) noexcept
[1.448s]       |       [01;36m[K^~~~~~~~[m[K
[1.448s] [01m[K/usr/include/c++/13/array:200:28:[m[K [01;36m[Knote: [m[K  no known conversion for argument 1 from ‘[01m[Ktmcm1640::tmcm1640_reply_format[m[K’ to ‘[01m[Kstd::array<unsigned char, 9>::size_type[m[K’ {aka ‘[01m[Klong unsigned int[m[K’}
[1.448s]   200 |       operator[]([01;36m[Ksize_type __n[m[K) noexcept
[1.448s]       |                  [01;36m[K~~~~~~~~~~^~~[m[K
[1.448s] [01m[K/usr/include/c++/13/array:208:7:[m[K [01;36m[Knote: [m[Kcandidate: ‘[01m[Kconstexpr const std::array<_Tp, _Nm>::value_type& std::array<_Tp, _Nm>::[01;32m[Koperator[][m[K(size_type) const [35m[K[with _Tp = unsigned char; long unsigned int _Nm = 9; const_reference = const unsigned char&; size_type = long unsigned int][m[K[m[K’
[1.448s]   208 |       [01;36m[Koperator[m[K[](size_type __n) const noexcept
[1.448s]       |       [01;36m[K^~~~~~~~[m[K
[1.448s] [01m[K/usr/include/c++/13/array:208:28:[m[K [01;36m[Knote: [m[K  no known conversion for argument 1 from ‘[01m[Ktmcm1640::tmcm1640_reply_format[m[K’ to ‘[01m[Kstd::array<unsigned char, 9>::size_type[m[K’ {aka ‘[01m[Klong unsigned int[m[K’}
[1.448s]   208 |       operator[]([01;36m[Ksize_type __n[m[K) const noexcept
[1.448s]       |                  [01;36m[K~~~~~~~~~~^~~[m[K
[1.448s] [01m[K/home/coffee/Documents/Studium/TU/bachelorarbeit/tuw_hardware_interface/src/tuw_hardware_trinamic_driver/src/tuw_hardware_trinamic_connection.cpp:152:20:[m[K [01;31m[Kerror: [m[K‘[01m[KERROR[m[K’ was not declared in this scope
[1.449s]   152 |             return [01;31m[KERROR[m[K;
[1.449s]       |                    [01;31m[K^~~~~[m[K
[1.449s] [01m[K/home/coffee/Documents/Studium/TU/bachelorarbeit/tuw_hardware_interface/src/tuw_hardware_trinamic_driver/src/tuw_hardware_trinamic_connection.cpp:156:29:[m[K [01;31m[Kerror: [m[Kno match for ‘[01m[Koperator[][m[K’ (operand types are ‘[01m[Kstd::array<unsigned char, 9>[m[K’ and ‘[01m[Ktmcm1640::tmcm1640_reply_format[m[K’)
[1.449s]   156 |         return reply_message[01;31m[K[[m[Ktmcm1640_reply_format::STATUS];
[1.449s]       |                             [01;31m[K^[m[K
[1.449s] [01m[K/usr/include/c++/13/array:200:7:[m[K [01;36m[Knote: [m[Kcandidate: ‘[01m[Kconstexpr std::array<_Tp, _Nm>::value_type& std::array<_Tp, _Nm>::[01;32m[Koperator[][m[K(size_type) [35m[K[with _Tp = unsigned char; long unsigned int _Nm = 9; reference = unsigned char&; size_type = long unsigned int][m[K[m[K’
[1.449s]   200 |       [01;36m[Koperator[m[K[](size_type __n) noexcept
[1.449s]       |       [01;36m[K^~~~~~~~[m[K
[1.449s] [01m[K/usr/include/c++/13/array:200:28:[m[K [01;36m[Knote: [m[K  no known conversion for argument 1 from ‘[01m[Ktmcm1640::tmcm1640_reply_format[m[K’ to ‘[01m[Kstd::array<unsigned char, 9>::size_type[m[K’ {aka ‘[01m[Klong unsigned int[m[K’}
[1.449s]   200 |       operator[]([01;36m[Ksize_type __n[m[K) noexcept
[1.449s]       |                  [01;36m[K~~~~~~~~~~^~~[m[K
[1.450s] [01m[K/usr/include/c++/13/array:208:7:[m[K [01;36m[Knote: [m[Kcandidate: ‘[01m[Kconstexpr const std::array<_Tp, _Nm>::value_type& std::array<_Tp, _Nm>::[01;32m[Koperator[][m[K(size_type) const [35m[K[with _Tp = unsigned char; long unsigned int _Nm = 9; const_reference = const unsigned char&; size_type = long unsigned int][m[K[m[K’
[1.450s]   208 |       [01;36m[Koperator[m[K[](size_type __n) const noexcept
[1.450s]       |       [01;36m[K^~~~~~~~[m[K
[1.450s] [01m[K/usr/include/c++/13/array:208:28:[m[K [01;36m[Knote: [m[K  no known conversion for argument 1 from ‘[01m[Ktmcm1640::tmcm1640_reply_format[m[K’ to ‘[01m[Kstd::array<unsigned char, 9>::size_type[m[K’ {aka ‘[01m[Klong unsigned int[m[K’}
[1.450s]   208 |       operator[]([01;36m[Ksize_type __n[m[K) const noexcept
[1.450s]       |                  [01;36m[K~~~~~~~~~~^~~[m[K
[1.450s] [01m[K/home/coffee/Documents/Studium/TU/bachelorarbeit/tuw_hardware_interface/src/tuw_hardware_trinamic_driver/src/tuw_hardware_trinamic_connection.cpp:[m[K In member function ‘[01m[Kvoid tmcm1640::TMCM1640Connection::[01;32m[Kset_value[m[K()[m[K’:
[1.450s] [01m[K/home/coffee/Documents/Studium/TU/bachelorarbeit/tuw_hardware_interface/src/tuw_hardware_trinamic_driver/src/tuw_hardware_trinamic_connection.cpp:160:30:[m[K [01;31m[Kerror: [m[Kno match for ‘[01m[Koperator[][m[K’ (operand types are ‘[01m[Kstd::array<unsigned char, 9>[m[K’ and ‘[01m[Ktmcm1640::tmcm1640_reply_format[m[K’)
[1.450s]   160 |         value = reply_message[01;31m[K[[m[Ktmcm1640_reply_format::VALUE_MSB]; // TODO set value size to 4 bytes exactly
[1.450s]       |                              [01;31m[K^[m[K
[1.450s] [01m[K/usr/include/c++/13/array:200:7:[m[K [01;36m[Knote: [m[Kcandidate: ‘[01m[Kconstexpr std::array<_Tp, _Nm>::value_type& std::array<_Tp, _Nm>::[01;32m[Koperator[][m[K(size_type) [35m[K[with _Tp = unsigned char; long unsigned int _Nm = 9; reference = unsigned char&; size_type = long unsigned int][m[K[m[K’
[1.450s]   200 |       [01;36m[Koperator[m[K[](size_type __n) noexcept
[1.451s]       |       [01;36m[K^~~~~~~~[m[K
[1.451s] [01m[K/usr/include/c++/13/array:200:28:[m[K [01;36m[Knote: [m[K  no known conversion for argument 1 from ‘[01m[Ktmcm1640::tmcm1640_reply_format[m[K’ to ‘[01m[Kstd::array<unsigned char, 9>::size_type[m[K’ {aka ‘[01m[Klong unsigned int[m[K’}
[1.451s]   200 |       operator[]([01;36m[Ksize_type __n[m[K) noexcept
[1.451s]       |                  [01;36m[K~~~~~~~~~~^~~[m[K
[1.451s] [01m[K/usr/include/c++/13/array:208:7:[m[K [01;36m[Knote: [m[Kcandidate: ‘[01m[Kconstexpr const std::array<_Tp, _Nm>::value_type& std::array<_Tp, _Nm>::[01;32m[Koperator[][m[K(size_type) const [35m[K[with _Tp = unsigned char; long unsigned int _Nm = 9; const_reference = const unsigned char&; size_type = long unsigned int][m[K[m[K’
[1.451s]   208 |       [01;36m[Koperator[m[K[](size_type __n) const noexcept
[1.451s]       |       [01;36m[K^~~~~~~~[m[K
[1.451s] [01m[K/usr/include/c++/13/array:208:28:[m[K [01;36m[Knote: [m[K  no known conversion for argument 1 from ‘[01m[Ktmcm1640::tmcm1640_reply_format[m[K’ to ‘[01m[Kstd::array<unsigned char, 9>::size_type[m[K’ {aka ‘[01m[Klong unsigned int[m[K’}
[1.451s]   208 |       operator[]([01;36m[Ksize_type __n[m[K) const noexcept
[1.451s]       |                  [01;36m[K~~~~~~~~~~^~~[m[K
[1.469s] [01m[K/home/coffee/Documents/Studium/TU/bachelorarbeit/tuw_hardware_interface/src/tuw_hardware_trinamic_driver/src/tuw_hardware_trinamic_connection.cpp:[m[K In member function ‘[01m[Kbool tmcm1640::TMCM1640Connection::[01;32m[Ksend_and_receive[m[K()[m[K’:
[1.469s] [01m[K/home/coffee/Documents/Studium/TU/bachelorarbeit/tuw_hardware_interface/src/tuw_hardware_trinamic_driver/src/tuw_hardware_trinamic_connection.cpp:136:5:[m[K [01;35m[Kwarning: [m[Kcontrol reaches end of non-void function [[01;35m[K]8;;https://gcc.gnu.org/onlinedocs/gcc/Warning-Options.html#index-Wreturn-type-Wreturn-type]8;;[m[K]
[1.469s]   136 |     [01;35m[K}[m[K
[1.470s]       |     [01;35m[K^[m[K
[1.478s] gmake[2]: *** [CMakeFiles/trinamic_test_node.dir/build.make:90: CMakeFiles/trinamic_test_node.dir/src/tuw_hardware_trinamic_connection.cpp.o] Error 1
[1.479s] gmake[1]: *** [CMakeFiles/Makefile2:137: CMakeFiles/trinamic_test_node.dir/all] Error 2
[1.479s] gmake: *** [Makefile:146: all] Error 2
[1.485s] Invoked command in '/home/coffee/Documents/Studium/TU/bachelorarbeit/tuw_hardware_interface/build/tuw_hardware_trinamic_driver' returned '2': CMAKE_PREFIX_PATH=${CMAKE_PREFIX_PATH}:/opt/ros/jazzy DEBUGINFOD_URLS=https://debuginfod.ubuntu.com /usr/bin/cmake --build /home/coffee/Documents/Studium/TU/bachelorarbeit/tuw_hardware_interface/build/tuw_hardware_trinamic_driver -- -j14 -l14
