[ 33%] [32mBuilding CXX object CMakeFiles/trinamic_test_node.dir/src/tuw_hardware_trinamic_connection.cpp.o[0m
[01m[K/home/coffee/Documents/Studium/TU/bachelorarbeit/tuw_hardware_interface/src/tuw_hardware_trinamic_driver/src/tuw_hardware_trinamic_connection.cpp:[m[K In member function ‘[01m[Kbool tmcm1640::TMCM1640Connection::[01;32m[Ksend_and_receive[m[K()[m[K’:
[01m[K/home/coffee/Documents/Studium/TU/bachelorarbeit/tuw_hardware_interface/src/tuw_hardware_trinamic_driver/src/tuw_hardware_trinamic_connection.cpp:149:18:[m[K [01;35m[Kwarning: [m[Kstatement has no effect [[01;35m[K]8;;https://gcc.gnu.org/onlinedocs/gcc/Warning-Options.html#index-Wunused-value-Wunused-value]8;;[m[K]
  149 |         else true[01;35m[K;[m[K
      |                  [01;35m[K^[m[K
[01m[K/home/coffee/Documents/Studium/TU/bachelorarbeit/tuw_hardware_interface/src/tuw_hardware_trinamic_driver/src/tuw_hardware_trinamic_connection.cpp:150:5:[m[K [01;35m[Kwarning: [m[Kcontrol reaches end of non-void function [[01;35m[K]8;;https://gcc.gnu.org/onlinedocs/gcc/Warning-Options.html#index-Wreturn-type-Wreturn-type]8;;[m[K]
  150 |     [01;35m[K}[m[K
      |     [01;35m[K^[m[K
[ 66%] [32m[1mLinking CXX executable trinamic_test_node[0m
[100%] Built target trinamic_test_node
-- Install configuration: ""
-- Installing: /home/coffee/Documents/Studium/TU/bachelorarbeit/tuw_hardware_interface/install/tuw_hardware_trinamic_driver/include/include
-- Installing: /home/coffee/Documents/Studium/TU/bachelorarbeit/tuw_hardware_interface/install/tuw_hardware_trinamic_driver/include/include/tuw_hardware_trinamic_driver
-- Installing: /home/coffee/Documents/Studium/TU/bachelorarbeit/tuw_hardware_interface/install/tuw_hardware_trinamic_driver/include/include/tuw_hardware_trinamic_driver/tuw_hardware_trinamic_connection.hpp
-- Installing: /home/coffee/Documents/Studium/TU/bachelorarbeit/tuw_hardware_interface/install/tuw_hardware_trinamic_driver/include/include/tuw_hardware_trinamic_driver/tuw_hardware_trinamic_definitions.hpp
-- Installing: /home/coffee/Documents/Studium/TU/bachelorarbeit/tuw_hardware_interface/install/tuw_hardware_trinamic_driver/lib/tuw_hardware_trinamic_driver/trinamic_test_node
-- Set non-toolchain portion of runtime path of "/home/coffee/Documents/Studium/TU/bachelorarbeit/tuw_hardware_interface/install/tuw_hardware_trinamic_driver/lib/tuw_hardware_trinamic_driver/trinamic_test_node" to ""
-- Installing: /home/coffee/Documents/Studium/TU/bachelorarbeit/tuw_hardware_interface/install/tuw_hardware_trinamic_driver/share/ament_index/resource_index/package_run_dependencies/tuw_hardware_trinamic_driver
-- Up-to-date: /home/coffee/Documents/Studium/TU/bachelorarbeit/tuw_hardware_interface/install/tuw_hardware_trinamic_driver/share/ament_index/resource_index/parent_prefix_path/tuw_hardware_trinamic_driver
-- Up-to-date: /home/coffee/Documents/Studium/TU/bachelorarbeit/tuw_hardware_interface/install/tuw_hardware_trinamic_driver/share/tuw_hardware_trinamic_driver/environment/ament_prefix_path.sh
-- Up-to-date: /home/coffee/Documents/Studium/TU/bachelorarbeit/tuw_hardware_interface/install/tuw_hardware_trinamic_driver/share/tuw_hardware_trinamic_driver/environment/ament_prefix_path.dsv
-- Up-to-date: /home/coffee/Documents/Studium/TU/bachelorarbeit/tuw_hardware_interface/install/tuw_hardware_trinamic_driver/share/tuw_hardware_trinamic_driver/environment/path.sh
-- Up-to-date: /home/coffee/Documents/Studium/TU/bachelorarbeit/tuw_hardware_interface/install/tuw_hardware_trinamic_driver/share/tuw_hardware_trinamic_driver/environment/path.dsv
-- Up-to-date: /home/coffee/Documents/Studium/TU/bachelorarbeit/tuw_hardware_interface/install/tuw_hardware_trinamic_driver/share/tuw_hardware_trinamic_driver/local_setup.bash
-- Up-to-date: /home/coffee/Documents/Studium/TU/bachelorarbeit/tuw_hardware_interface/install/tuw_hardware_trinamic_driver/share/tuw_hardware_trinamic_driver/local_setup.sh
-- Up-to-date: /home/coffee/Documents/Studium/TU/bachelorarbeit/tuw_hardware_interface/install/tuw_hardware_trinamic_driver/share/tuw_hardware_trinamic_driver/local_setup.zsh
-- Up-to-date: /home/coffee/Documents/Studium/TU/bachelorarbeit/tuw_hardware_interface/install/tuw_hardware_trinamic_driver/share/tuw_hardware_trinamic_driver/local_setup.dsv
-- Installing: /home/coffee/Documents/Studium/TU/bachelorarbeit/tuw_hardware_interface/install/tuw_hardware_trinamic_driver/share/tuw_hardware_trinamic_driver/package.dsv
-- Up-to-date: /home/coffee/Documents/Studium/TU/bachelorarbeit/tuw_hardware_interface/install/tuw_hardware_trinamic_driver/share/ament_index/resource_index/packages/tuw_hardware_trinamic_driver
-- Up-to-date: /home/coffee/Documents/Studium/TU/bachelorarbeit/tuw_hardware_interface/install/tuw_hardware_trinamic_driver/share/tuw_hardware_trinamic_driver/cmake/tuw_hardware_trinamic_driverConfig.cmake
-- Up-to-date: /home/coffee/Documents/Studium/TU/bachelorarbeit/tuw_hardware_interface/install/tuw_hardware_trinamic_driver/share/tuw_hardware_trinamic_driver/cmake/tuw_hardware_trinamic_driverConfig-version.cmake
-- Installing: /home/coffee/Documents/Studium/TU/bachelorarbeit/tuw_hardware_interface/install/tuw_hardware_trinamic_driver/share/tuw_hardware_trinamic_driver/package.xml
