[0.021s] Invoking command in '/home/coffee/Documents/Studium/TU/bachelorarbeit/tuw_hardware_interface/build/tuw_hardware_trinamic_driver': CMAKE_PREFIX_PATH=${CMAKE_PREFIX_PATH}:/opt/ros/jazzy DEBUGINFOD_URLS=https://debuginfod.ubuntu.com /usr/bin/cmake --build /home/coffee/Documents/Studium/TU/bachelorarbeit/tuw_hardware_interface/build/tuw_hardware_trinamic_driver -- -j14 -l14
[0.164s] [ 33%] [32mBuilding CXX object CMakeFiles/trinamic_test_node.dir/src/tuw_hardware_trinamic_connection.cpp.o[0m
[0.940s] [01m[K/home/coffee/Documents/Studium/TU/bachelorarbeit/tuw_hardware_interface/src/tuw_hardware_trinamic_driver/src/tuw_hardware_trinamic_connection.cpp:[m[K In member function ‘[01m[Kbool tmcm1640::TMCM1640Connection::[01;32m[Ksend_and_receive[m[K()[m[K’:
[0.940s] [01m[K/home/coffee/Documents/Studium/TU/bachelorarbeit/tuw_hardware_interface/src/tuw_hardware_trinamic_driver/src/tuw_hardware_trinamic_connection.cpp:149:18:[m[K [01;35m[Kwarning: [m[Kstatement has no effect [[01;35m[K]8;;https://gcc.gnu.org/onlinedocs/gcc/Warning-Options.html#index-Wunused-value-Wunused-value]8;;[m[K]
[0.940s]   149 |         else true[01;35m[K;[m[K
[0.940s]       |                  [01;35m[K^[m[K
[1.089s] [01m[K/home/coffee/Documents/Studium/TU/bachelorarbeit/tuw_hardware_interface/src/tuw_hardware_trinamic_driver/src/tuw_hardware_trinamic_connection.cpp:150:5:[m[K [01;35m[Kwarning: [m[Kcontrol reaches end of non-void function [[01;35m[K]8;;https://gcc.gnu.org/onlinedocs/gcc/Warning-Options.html#index-Wreturn-type-Wreturn-type]8;;[m[K]
[1.089s]   150 |     [01;35m[K}[m[K
[1.089s]       |     [01;35m[K^[m[K
[1.588s] [ 66%] [32m[1mLinking CXX executable trinamic_test_node[0m
[1.848s] [100%] Built target trinamic_test_node
[1.870s] Invoked command in '/home/coffee/Documents/Studium/TU/bachelorarbeit/tuw_hardware_interface/build/tuw_hardware_trinamic_driver' returned '0': CMAKE_PREFIX_PATH=${CMAKE_PREFIX_PATH}:/opt/ros/jazzy DEBUGINFOD_URLS=https://debuginfod.ubuntu.com /usr/bin/cmake --build /home/coffee/Documents/Studium/TU/bachelorarbeit/tuw_hardware_interface/build/tuw_hardware_trinamic_driver -- -j14 -l14
[1.891s] Invoking command in '/home/coffee/Documents/Studium/TU/bachelorarbeit/tuw_hardware_interface/build/tuw_hardware_trinamic_driver': CMAKE_PREFIX_PATH=${CMAKE_PREFIX_PATH}:/opt/ros/jazzy DEBUGINFOD_URLS=https://debuginfod.ubuntu.com /usr/bin/cmake --install /home/coffee/Documents/Studium/TU/bachelorarbeit/tuw_hardware_interface/build/tuw_hardware_trinamic_driver
[1.903s] -- Install configuration: ""
[1.904s] -- Installing: /home/coffee/Documents/Studium/TU/bachelorarbeit/tuw_hardware_interface/install/tuw_hardware_trinamic_driver/include/include
[1.904s] -- Installing: /home/coffee/Documents/Studium/TU/bachelorarbeit/tuw_hardware_interface/install/tuw_hardware_trinamic_driver/include/include/tuw_hardware_trinamic_driver
[1.904s] -- Installing: /home/coffee/Documents/Studium/TU/bachelorarbeit/tuw_hardware_interface/install/tuw_hardware_trinamic_driver/include/include/tuw_hardware_trinamic_driver/tuw_hardware_trinamic_connection.hpp
[1.904s] -- Installing: /home/coffee/Documents/Studium/TU/bachelorarbeit/tuw_hardware_interface/install/tuw_hardware_trinamic_driver/include/include/tuw_hardware_trinamic_driver/tuw_hardware_trinamic_definitions.hpp
[1.904s] -- Installing: /home/coffee/Documents/Studium/TU/bachelorarbeit/tuw_hardware_interface/install/tuw_hardware_trinamic_driver/lib/tuw_hardware_trinamic_driver/trinamic_test_node
[1.905s] -- Set non-toolchain portion of runtime path of "/home/coffee/Documents/Studium/TU/bachelorarbeit/tuw_hardware_interface/install/tuw_hardware_trinamic_driver/lib/tuw_hardware_trinamic_driver/trinamic_test_node" to ""
[1.905s] -- Installing: /home/coffee/Documents/Studium/TU/bachelorarbeit/tuw_hardware_interface/install/tuw_hardware_trinamic_driver/share/ament_index/resource_index/package_run_dependencies/tuw_hardware_trinamic_driver
[1.905s] -- Up-to-date: /home/coffee/Documents/Studium/TU/bachelorarbeit/tuw_hardware_interface/install/tuw_hardware_trinamic_driver/share/ament_index/resource_index/parent_prefix_path/tuw_hardware_trinamic_driver
[1.905s] -- Up-to-date: /home/coffee/Documents/Studium/TU/bachelorarbeit/tuw_hardware_interface/install/tuw_hardware_trinamic_driver/share/tuw_hardware_trinamic_driver/environment/ament_prefix_path.sh
[1.905s] -- Up-to-date: /home/coffee/Documents/Studium/TU/bachelorarbeit/tuw_hardware_interface/install/tuw_hardware_trinamic_driver/share/tuw_hardware_trinamic_driver/environment/ament_prefix_path.dsv
[1.906s] -- Up-to-date: /home/coffee/Documents/Studium/TU/bachelorarbeit/tuw_hardware_interface/install/tuw_hardware_trinamic_driver/share/tuw_hardware_trinamic_driver/environment/path.sh
[1.906s] -- Up-to-date: /home/coffee/Documents/Studium/TU/bachelorarbeit/tuw_hardware_interface/install/tuw_hardware_trinamic_driver/share/tuw_hardware_trinamic_driver/environment/path.dsv
[1.906s] -- Up-to-date: /home/coffee/Documents/Studium/TU/bachelorarbeit/tuw_hardware_interface/install/tuw_hardware_trinamic_driver/share/tuw_hardware_trinamic_driver/local_setup.bash
[1.906s] -- Up-to-date: /home/coffee/Documents/Studium/TU/bachelorarbeit/tuw_hardware_interface/install/tuw_hardware_trinamic_driver/share/tuw_hardware_trinamic_driver/local_setup.sh
[1.906s] -- Up-to-date: /home/coffee/Documents/Studium/TU/bachelorarbeit/tuw_hardware_interface/install/tuw_hardware_trinamic_driver/share/tuw_hardware_trinamic_driver/local_setup.zsh
[1.906s] -- Up-to-date: /home/coffee/Documents/Studium/TU/bachelorarbeit/tuw_hardware_interface/install/tuw_hardware_trinamic_driver/share/tuw_hardware_trinamic_driver/local_setup.dsv
[1.906s] -- Installing: /home/coffee/Documents/Studium/TU/bachelorarbeit/tuw_hardware_interface/install/tuw_hardware_trinamic_driver/share/tuw_hardware_trinamic_driver/package.dsv
[1.906s] -- Up-to-date: /home/coffee/Documents/Studium/TU/bachelorarbeit/tuw_hardware_interface/install/tuw_hardware_trinamic_driver/share/ament_index/resource_index/packages/tuw_hardware_trinamic_driver
[1.906s] -- Up-to-date: /home/coffee/Documents/Studium/TU/bachelorarbeit/tuw_hardware_interface/install/tuw_hardware_trinamic_driver/share/tuw_hardware_trinamic_driver/cmake/tuw_hardware_trinamic_driverConfig.cmake
[1.906s] -- Up-to-date: /home/coffee/Documents/Studium/TU/bachelorarbeit/tuw_hardware_interface/install/tuw_hardware_trinamic_driver/share/tuw_hardware_trinamic_driver/cmake/tuw_hardware_trinamic_driverConfig-version.cmake
[1.907s] -- Installing: /home/coffee/Documents/Studium/TU/bachelorarbeit/tuw_hardware_interface/install/tuw_hardware_trinamic_driver/share/tuw_hardware_trinamic_driver/package.xml
[1.908s] Invoked command in '/home/coffee/Documents/Studium/TU/bachelorarbeit/tuw_hardware_interface/build/tuw_hardware_trinamic_driver' returned '0': CMAKE_PREFIX_PATH=${CMAKE_PREFIX_PATH}:/opt/ros/jazzy DEBUGINFOD_URLS=https://debuginfod.ubuntu.com /usr/bin/cmake --install /home/coffee/Documents/Studium/TU/bachelorarbeit/tuw_hardware_interface/build/tuw_hardware_trinamic_driver
