[0.023s] Invoking command in '/home/coffee/Documents/Studium/TU/bachelorarbeit/tuw_hardware_interface/build/tuw_hardware_trinamic_driver': CMAKE_PREFIX_PATH=${CMAKE_PREFIX_PATH}:/opt/ros/jazzy DEBUGINFOD_URLS=https://debuginfod.ubuntu.com /usr/bin/cmake --build /home/coffee/Documents/Studium/TU/bachelorarbeit/tuw_hardware_interface/build/tuw_hardware_trinamic_driver -- -j14 -l14
[0.140s] [100%] Built target trinamic_test_node
[0.164s] Invoked command in '/home/coffee/Documents/Studium/TU/bachelorarbeit/tuw_hardware_interface/build/tuw_hardware_trinamic_driver' returned '0': CMAKE_PREFIX_PATH=${CMAKE_PREFIX_PATH}:/opt/ros/jazzy DEBUGINFOD_URLS=https://debuginfod.ubuntu.com /usr/bin/cmake --build /home/coffee/Documents/Studium/TU/bachelorarbeit/tuw_hardware_interface/build/tuw_hardware_trinamic_driver -- -j14 -l14
[0.186s] Invoking command in '/home/coffee/Documents/Studium/TU/bachelorarbeit/tuw_hardware_interface/build/tuw_hardware_trinamic_driver': CMAKE_PREFIX_PATH=${CMAKE_PREFIX_PATH}:/opt/ros/jazzy DEBUGINFOD_URLS=https://debuginfod.ubuntu.com /usr/bin/cmake --install /home/coffee/Documents/Studium/TU/bachelorarbeit/tuw_hardware_interface/build/tuw_hardware_trinamic_driver
[0.205s] -- Install configuration: ""
[0.206s] -- Up-to-date: /home/coffee/Documents/Studium/TU/bachelorarbeit/tuw_hardware_interface/install/tuw_hardware_trinamic_driver/include/include
[0.206s] -- Up-to-date: /home/coffee/Documents/Studium/TU/bachelorarbeit/tuw_hardware_interface/install/tuw_hardware_trinamic_driver/include/include/tuw_hardware_trinamic_driver
[0.206s] -- Installing: /home/coffee/Documents/Studium/TU/bachelorarbeit/tuw_hardware_interface/install/tuw_hardware_trinamic_driver/include/include/tuw_hardware_trinamic_driver/tuw_hardware_trinamic_connection.hpp
[0.206s] -- Installing: /home/coffee/Documents/Studium/TU/bachelorarbeit/tuw_hardware_interface/install/tuw_hardware_trinamic_driver/include/include/tuw_hardware_trinamic_driver/tuw_hardware_trinamic_definitions.hpp
[0.207s] -- Installing: /home/coffee/Documents/Studium/TU/bachelorarbeit/tuw_hardware_interface/install/tuw_hardware_trinamic_driver/lib/tuw_hardware_trinamic_driver/trinamic_test_node
[0.207s] -- Set non-toolchain portion of runtime path of "/home/coffee/Documents/Studium/TU/bachelorarbeit/tuw_hardware_interface/install/tuw_hardware_trinamic_driver/lib/tuw_hardware_trinamic_driver/trinamic_test_node" to ""
[0.208s] -- Up-to-date: /home/coffee/Documents/Studium/TU/bachelorarbeit/tuw_hardware_interface/install/tuw_hardware_trinamic_driver/share/ament_index/resource_index/package_run_dependencies/tuw_hardware_trinamic_driver
[0.208s] -- Up-to-date: /home/coffee/Documents/Studium/TU/bachelorarbeit/tuw_hardware_interface/install/tuw_hardware_trinamic_driver/share/ament_index/resource_index/parent_prefix_path/tuw_hardware_trinamic_driver
[0.208s] -- Installing: /home/coffee/Documents/Studium/TU/bachelorarbeit/tuw_hardware_interface/install/tuw_hardware_trinamic_driver/share/tuw_hardware_trinamic_driver/environment/ament_prefix_path.sh
[0.208s] -- Up-to-date: /home/coffee/Documents/Studium/TU/bachelorarbeit/tuw_hardware_interface/install/tuw_hardware_trinamic_driver/share/tuw_hardware_trinamic_driver/environment/ament_prefix_path.dsv
[0.208s] -- Installing: /home/coffee/Documents/Studium/TU/bachelorarbeit/tuw_hardware_interface/install/tuw_hardware_trinamic_driver/share/tuw_hardware_trinamic_driver/environment/path.sh
[0.208s] -- Up-to-date: /home/coffee/Documents/Studium/TU/bachelorarbeit/tuw_hardware_interface/install/tuw_hardware_trinamic_driver/share/tuw_hardware_trinamic_driver/environment/path.dsv
[0.209s] -- Up-to-date: /home/coffee/Documents/Studium/TU/bachelorarbeit/tuw_hardware_interface/install/tuw_hardware_trinamic_driver/share/tuw_hardware_trinamic_driver/local_setup.bash
[0.209s] -- Up-to-date: /home/coffee/Documents/Studium/TU/bachelorarbeit/tuw_hardware_interface/install/tuw_hardware_trinamic_driver/share/tuw_hardware_trinamic_driver/local_setup.sh
[0.209s] -- Up-to-date: /home/coffee/Documents/Studium/TU/bachelorarbeit/tuw_hardware_interface/install/tuw_hardware_trinamic_driver/share/tuw_hardware_trinamic_driver/local_setup.zsh
[0.209s] -- Up-to-date: /home/coffee/Documents/Studium/TU/bachelorarbeit/tuw_hardware_interface/install/tuw_hardware_trinamic_driver/share/tuw_hardware_trinamic_driver/local_setup.dsv
[0.209s] -- Up-to-date: /home/coffee/Documents/Studium/TU/bachelorarbeit/tuw_hardware_interface/install/tuw_hardware_trinamic_driver/share/tuw_hardware_trinamic_driver/package.dsv
[0.209s] -- Up-to-date: /home/coffee/Documents/Studium/TU/bachelorarbeit/tuw_hardware_interface/install/tuw_hardware_trinamic_driver/share/ament_index/resource_index/packages/tuw_hardware_trinamic_driver
[0.209s] -- Up-to-date: /home/coffee/Documents/Studium/TU/bachelorarbeit/tuw_hardware_interface/install/tuw_hardware_trinamic_driver/share/tuw_hardware_trinamic_driver/cmake/tuw_hardware_trinamic_driverConfig.cmake
[0.210s] -- Up-to-date: /home/coffee/Documents/Studium/TU/bachelorarbeit/tuw_hardware_interface/install/tuw_hardware_trinamic_driver/share/tuw_hardware_trinamic_driver/cmake/tuw_hardware_trinamic_driverConfig-version.cmake
[0.210s] -- Up-to-date: /home/coffee/Documents/Studium/TU/bachelorarbeit/tuw_hardware_interface/install/tuw_hardware_trinamic_driver/share/tuw_hardware_trinamic_driver/package.xml
[0.213s] Invoked command in '/home/coffee/Documents/Studium/TU/bachelorarbeit/tuw_hardware_interface/build/tuw_hardware_trinamic_driver' returned '0': CMAKE_PREFIX_PATH=${CMAKE_PREFIX_PATH}:/opt/ros/jazzy DEBUGINFOD_URLS=https://debuginfod.ubuntu.com /usr/bin/cmake --install /home/coffee/Documents/Studium/TU/bachelorarbeit/tuw_hardware_interface/build/tuw_hardware_trinamic_driver
