[0.020s] Invoking command in '/home/coffee/Documents/Studium/TU/bachelorarbeit/tuw_hardware_interface/build/tuw_hardware_trinamic_driver': CMAKE_PREFIX_PATH=${CMAKE_PREFIX_PATH}:/opt/ros/jazzy DEBUGINFOD_URLS=https://debuginfod.ubuntu.com /usr/bin/cmake --build /home/coffee/Documents/Studium/TU/bachelorarbeit/tuw_hardware_interface/build/tuw_hardware_trinamic_driver -- -j14 -l14
[0.156s] [ 33%] [32mBuilding CXX object CMakeFiles/trinamic_test_node.dir/src/test_node.cpp.o[0m
[4.869s] [ 66%] [32m[1mLinking CXX executable trinamic_test_node[0m
[5.091s] [100%] Built target trinamic_test_node
[5.115s] Invoked command in '/home/coffee/Documents/Studium/TU/bachelorarbeit/tuw_hardware_interface/build/tuw_hardware_trinamic_driver' returned '0': CMAKE_PREFIX_PATH=${CMAKE_PREFIX_PATH}:/opt/ros/jazzy DEBUGINFOD_URLS=https://debuginfod.ubuntu.com /usr/bin/cmake --build /home/coffee/Documents/Studium/TU/bachelorarbeit/tuw_hardware_interface/build/tuw_hardware_trinamic_driver -- -j14 -l14
[5.133s] Invoking command in '/home/coffee/Documents/Studium/TU/bachelorarbeit/tuw_hardware_interface/build/tuw_hardware_trinamic_driver': CMAKE_PREFIX_PATH=${CMAKE_PREFIX_PATH}:/opt/ros/jazzy DEBUGINFOD_URLS=https://debuginfod.ubuntu.com /usr/bin/cmake --install /home/coffee/Documents/Studium/TU/bachelorarbeit/tuw_hardware_interface/build/tuw_hardware_trinamic_driver
[5.149s] -- Install configuration: ""
[5.149s] -- Up-to-date: /home/coffee/Documents/Studium/TU/bachelorarbeit/tuw_hardware_interface/install/tuw_hardware_trinamic_driver/include/include
[5.150s] -- Up-to-date: /home/coffee/Documents/Studium/TU/bachelorarbeit/tuw_hardware_interface/install/tuw_hardware_trinamic_driver/include/include/tuw_hardware_trinamic_driver
[5.150s] -- Up-to-date: /home/coffee/Documents/Studium/TU/bachelorarbeit/tuw_hardware_interface/install/tuw_hardware_trinamic_driver/include/include/tuw_hardware_trinamic_driver/tuw_hardware_trinamic_connection.hpp
[5.150s] -- Up-to-date: /home/coffee/Documents/Studium/TU/bachelorarbeit/tuw_hardware_interface/install/tuw_hardware_trinamic_driver/include/include/tuw_hardware_trinamic_driver/tuw_hardware_trinamic_definitions.hpp
[5.150s] -- Installing: /home/coffee/Documents/Studium/TU/bachelorarbeit/tuw_hardware_interface/install/tuw_hardware_trinamic_driver/lib/tuw_hardware_trinamic_driver/trinamic_test_node
[5.150s] -- Set non-toolchain portion of runtime path of "/home/coffee/Documents/Studium/TU/bachelorarbeit/tuw_hardware_interface/install/tuw_hardware_trinamic_driver/lib/tuw_hardware_trinamic_driver/trinamic_test_node" to ""
[5.150s] -- Up-to-date: /home/coffee/Documents/Studium/TU/bachelorarbeit/tuw_hardware_interface/install/tuw_hardware_trinamic_driver/share/ament_index/resource_index/package_run_dependencies/tuw_hardware_trinamic_driver
[5.151s] -- Up-to-date: /home/coffee/Documents/Studium/TU/bachelorarbeit/tuw_hardware_interface/install/tuw_hardware_trinamic_driver/share/ament_index/resource_index/parent_prefix_path/tuw_hardware_trinamic_driver
[5.151s] -- Up-to-date: /home/coffee/Documents/Studium/TU/bachelorarbeit/tuw_hardware_interface/install/tuw_hardware_trinamic_driver/share/tuw_hardware_trinamic_driver/environment/ament_prefix_path.sh
[5.151s] -- Up-to-date: /home/coffee/Documents/Studium/TU/bachelorarbeit/tuw_hardware_interface/install/tuw_hardware_trinamic_driver/share/tuw_hardware_trinamic_driver/environment/ament_prefix_path.dsv
[5.151s] -- Up-to-date: /home/coffee/Documents/Studium/TU/bachelorarbeit/tuw_hardware_interface/install/tuw_hardware_trinamic_driver/share/tuw_hardware_trinamic_driver/environment/path.sh
[5.151s] -- Up-to-date: /home/coffee/Documents/Studium/TU/bachelorarbeit/tuw_hardware_interface/install/tuw_hardware_trinamic_driver/share/tuw_hardware_trinamic_driver/environment/path.dsv
[5.151s] -- Up-to-date: /home/coffee/Documents/Studium/TU/bachelorarbeit/tuw_hardware_interface/install/tuw_hardware_trinamic_driver/share/tuw_hardware_trinamic_driver/local_setup.bash
[5.151s] -- Up-to-date: /home/coffee/Documents/Studium/TU/bachelorarbeit/tuw_hardware_interface/install/tuw_hardware_trinamic_driver/share/tuw_hardware_trinamic_driver/local_setup.sh
[5.152s] -- Up-to-date: /home/coffee/Documents/Studium/TU/bachelorarbeit/tuw_hardware_interface/install/tuw_hardware_trinamic_driver/share/tuw_hardware_trinamic_driver/local_setup.zsh
[5.152s] -- Up-to-date: /home/coffee/Documents/Studium/TU/bachelorarbeit/tuw_hardware_interface/install/tuw_hardware_trinamic_driver/share/tuw_hardware_trinamic_driver/local_setup.dsv
[5.152s] -- Installing: /home/coffee/Documents/Studium/TU/bachelorarbeit/tuw_hardware_interface/install/tuw_hardware_trinamic_driver/share/tuw_hardware_trinamic_driver/package.dsv
[5.152s] -- Up-to-date: /home/coffee/Documents/Studium/TU/bachelorarbeit/tuw_hardware_interface/install/tuw_hardware_trinamic_driver/share/ament_index/resource_index/packages/tuw_hardware_trinamic_driver
[5.152s] -- Up-to-date: /home/coffee/Documents/Studium/TU/bachelorarbeit/tuw_hardware_interface/install/tuw_hardware_trinamic_driver/share/tuw_hardware_trinamic_driver/cmake/tuw_hardware_trinamic_driverConfig.cmake
[5.152s] -- Up-to-date: /home/coffee/Documents/Studium/TU/bachelorarbeit/tuw_hardware_interface/install/tuw_hardware_trinamic_driver/share/tuw_hardware_trinamic_driver/cmake/tuw_hardware_trinamic_driverConfig-version.cmake
[5.152s] -- Up-to-date: /home/coffee/Documents/Studium/TU/bachelorarbeit/tuw_hardware_interface/install/tuw_hardware_trinamic_driver/share/tuw_hardware_trinamic_driver/package.xml
[5.154s] Invoked command in '/home/coffee/Documents/Studium/TU/bachelorarbeit/tuw_hardware_interface/build/tuw_hardware_trinamic_driver' returned '0': CMAKE_PREFIX_PATH=${CMAKE_PREFIX_PATH}:/opt/ros/jazzy DEBUGINFOD_URLS=https://debuginfod.ubuntu.com /usr/bin/cmake --install /home/coffee/Documents/Studium/TU/bachelorarbeit/tuw_hardware_interface/build/tuw_hardware_trinamic_driver
