[0.019s] Invoking command in '/home/coffee/Documents/Studium/TU/bachelorarbeit/tuw_hardware_interface/build/tuw_hardware_trinamic_driver': CMAKE_PREFIX_PATH=${CMAKE_PREFIX_PATH}:/opt/ros/jazzy DEBUGINFOD_URLS=https://debuginfod.ubuntu.com /usr/bin/cmake --build /home/coffee/Documents/Studium/TU/bachelorarbeit/tuw_hardware_interface/build/tuw_hardware_trinamic_driver -- -j14 -l14
[0.069s] -- Found ament_cmake: 2.5.6 (/opt/ros/jazzy/share/ament_cmake/cmake)
[0.461s] -- Found rclcpp: 28.1.18 (/opt/ros/jazzy/share/rclcpp/cmake)
[0.507s] -- Found rosidl_generator_c: 4.6.7 (/opt/ros/jazzy/share/rosidl_generator_c/cmake)
[0.522s] -- Found rosidl_generator_cpp: 4.6.7 (/opt/ros/jazzy/share/rosidl_generator_cpp/cmake)
[0.539s] -- Using all available rosidl_typesupport_c: rosidl_typesupport_fastrtps_c;rosidl_typesupport_introspection_c
[0.559s] -- Using all available rosidl_typesupport_cpp: rosidl_typesupport_fastrtps_cpp;rosidl_typesupport_introspection_cpp
[0.655s] -- Found rmw_implementation_cmake: 7.3.3 (/opt/ros/jazzy/share/rmw_implementation_cmake/cmake)
[0.657s] -- Found rmw_fastrtps_cpp: 8.4.3 (/opt/ros/jazzy/share/rmw_fastrtps_cpp/cmake)
[0.777s] -- Using RMW implementation 'rmw_fastrtps_cpp' as default
[0.886s] -- Found ament_lint_auto: 0.17.5 (/opt/ros/jazzy/share/ament_lint_auto/cmake)
[1.050s] -- Added test 'cppcheck' to perform static code analysis on C / C++ code
[1.050s] -- Configured cppcheck include dirs: /home/coffee/Documents/Studium/TU/bachelorarbeit/tuw_hardware_interface/src/tuw_hardware_trinamic_driver/include
[1.050s] -- Configured cppcheck exclude dirs and/or files: 
[1.051s] -- Added test 'lint_cmake' to check CMake code style
[1.052s] -- Added test 'uncrustify' to check C / C++ code style
[1.053s] -- Configured uncrustify additional arguments: 
[1.053s] -- Added test 'xmllint' to check XML markup files
[1.054s] -- Configuring done (1.0s)
[1.072s] -- Generating done (0.0s)
[1.079s] -- Build files have been written to: /home/coffee/Documents/Studium/TU/bachelorarbeit/tuw_hardware_interface/build/tuw_hardware_trinamic_driver
[1.157s] [ 50%] [32mBuilding CXX object CMakeFiles/trinamic_test_node.dir/src/test_node.cpp.o[0m
[4.429s] [01m[K/home/coffee/Documents/Studium/TU/bachelorarbeit/tuw_hardware_interface/src/tuw_hardware_trinamic_driver/src/test_node.cpp:10:16:[m[K [01;31m[Kerror: [m[Ktemporary of non-literal type ‘[01m[Krclcpp::Node[m[K’ in a constant expression
[4.429s]    10 |     TestNode : [01;31m[KNode("trinamic_test_node")[m[K {
[4.430s]       |                [01;31m[K^~~~~~~~~~~~~~~~~~~~~~~~~~[m[K
[4.430s] In file included from [01m[K/opt/ros/jazzy/include/rclcpp/rclcpp/executors/single_threaded_executor.hpp:28[m[K,
[4.430s]                  from [01m[K/opt/ros/jazzy/include/rclcpp/rclcpp/executors.hpp:22[m[K,
[4.430s]                  from [01m[K/opt/ros/jazzy/include/rclcpp/rclcpp/rclcpp.hpp:172[m[K,
[4.431s]                  from [01m[K/home/coffee/Documents/Studium/TU/bachelorarbeit/tuw_hardware_interface/src/tuw_hardware_trinamic_driver/src/test_node.cpp:1[m[K:
[4.431s] [01m[K/opt/ros/jazzy/include/rclcpp/rclcpp/node.hpp:79:7:[m[K [01;36m[Knote: [m[K‘[01m[Krclcpp::Node[m[K’ is not literal because:
[4.431s]    79 | class [01;36m[KNode[m[K : public std::enable_shared_from_this<Node>
[4.431s]       |       [01;36m[K^~~~[m[K
[4.431s] [01m[K/opt/ros/jazzy/include/rclcpp/rclcpp/node.hpp:79:7:[m[K [01;36m[Knote: [m[K  ‘[01m[Krclcpp::Node[m[K’ has a non-trivial destructor
[4.431s] [01m[K/home/coffee/Documents/Studium/TU/bachelorarbeit/tuw_hardware_interface/src/tuw_hardware_trinamic_driver/src/test_node.cpp:10:43:[m[K [01;31m[Kerror: [m[Kdefault member initializer for unnamed bit-field
[4.431s]    10 |     TestNode : Node("trinamic_test_node") [01;31m[K{[m[K
[4.431s]       |                                           [01;31m[K^[m[K
[4.432s] [01m[K/home/coffee/Documents/Studium/TU/bachelorarbeit/tuw_hardware_interface/src/tuw_hardware_trinamic_driver/src/test_node.cpp:22:5:[m[K [01;31m[Kerror: [m[Kname ‘[01m[KTestNode[m[K’ has incomplete type
[4.432s]    22 |     [01;31m[K}[m[K
[4.432s]       |     [01;31m[K^[m[K
[4.432s] [01m[K/home/coffee/Documents/Studium/TU/bachelorarbeit/tuw_hardware_interface/src/tuw_hardware_trinamic_driver/src/test_node.cpp:22:5:[m[K [01;31m[Kerror: [m[Kexpected ‘[01m[K;[m[K’ at end of member declaration
[4.432s]    22 |     [01;31m[K}[m[K
[4.432s]       |     [01;31m[K^[m[K
[4.432s]       |      [32m[K;[m[K
[4.439s] [01m[K/home/coffee/Documents/Studium/TU/bachelorarbeit/tuw_hardware_interface/src/tuw_hardware_trinamic_driver/src/test_node.cpp:[m[K In member function ‘[01m[Kvoid TestNode::[01;32m[Ktest_code[m[K()[m[K’:
[4.439s] [01m[K/home/coffee/Documents/Studium/TU/bachelorarbeit/tuw_hardware_interface/src/tuw_hardware_trinamic_driver/src/test_node.cpp:28:13:[m[K [01;31m[Kerror: [m[K‘[01m[KTMCM1640Connection[m[K’ was not declared in this scope; did you mean ‘[01m[Ktmcm1640::TMCM1640Connection[m[K’?
[4.439s]    28 |             [01;31m[KTMCM1640Connection[m[K wheel(serial_port);
[4.440s]       |             [01;31m[K^~~~~~~~~~~~~~~~~~[m[K
[4.440s]       |             [32m[Ktmcm1640::TMCM1640Connection[m[K
[4.440s] In file included from [01m[K/home/coffee/Documents/Studium/TU/bachelorarbeit/tuw_hardware_interface/src/tuw_hardware_trinamic_driver/src/test_node.cpp:6[m[K:
[4.440s] [01m[K/home/coffee/Documents/Studium/TU/bachelorarbeit/tuw_hardware_interface/src/tuw_hardware_trinamic_driver/include/tuw_hardware_trinamic_driver/tuw_hardware_trinamic_connection.hpp:18:11:[m[K [01;36m[Knote: [m[K‘[01m[Ktmcm1640::TMCM1640Connection[m[K’ declared here
[4.440s]    18 |     class [01;36m[KTMCM1640Connection[m[K {
[4.440s]       |           [01;36m[K^~~~~~~~~~~~~~~~~~[m[K
[4.451s] [01m[K/home/coffee/Documents/Studium/TU/bachelorarbeit/tuw_hardware_interface/src/tuw_hardware_trinamic_driver/src/test_node.cpp:30:13:[m[K [01;31m[Kerror: [m[K‘[01m[Kwheel[m[K’ was not declared in this scope
[4.451s]    30 |             [01;31m[Kwheel[m[K.communicate(tmcm1640_cmd::ROR, 100);
[4.451s]       |             [01;31m[K^~~~~[m[K
[4.451s] [01m[K/home/coffee/Documents/Studium/TU/bachelorarbeit/tuw_hardware_interface/src/tuw_hardware_trinamic_driver/src/test_node.cpp:30:31:[m[K [01;31m[Kerror: [m[K‘[01m[Ktmcm1640_cmd[m[K’ has not been declared
[4.451s]    30 |             wheel.communicate([01;31m[Ktmcm1640_cmd[m[K::ROR, 100);
[4.452s]       |                               [01;31m[K^~~~~~~~~~~~[m[K
[4.452s] [01m[K/home/coffee/Documents/Studium/TU/bachelorarbeit/tuw_hardware_interface/src/tuw_hardware_trinamic_driver/src/test_node.cpp:34:31:[m[K [01;31m[Kerror: [m[K‘[01m[Ktmcm1640_cmd[m[K’ has not been declared
[4.452s]    34 |             wheel.communicate([01;31m[Ktmcm1640_cmd[m[K::MST);
[4.452s]       |                               [01;31m[K^~~~~~~~~~~~[m[K
[4.459s] [01m[K/home/coffee/Documents/Studium/TU/bachelorarbeit/tuw_hardware_interface/src/tuw_hardware_trinamic_driver/src/test_node.cpp:[m[K In function ‘[01m[Kint[01;32m[K main[m[K(int, char**)[m[K’:
[4.460s] [01m[K/home/coffee/Documents/Studium/TU/bachelorarbeit/tuw_hardware_interface/src/tuw_hardware_trinamic_driver/src/test_node.cpp:40:35:[m[K [01;31m[Kerror: [m[K‘[01m[KMinimalParam[m[K’ was not declared in this scope
[4.460s]    40 |     rclcpp::spin(std::make_shared<[01;31m[KMinimalParam[m[K>());
[4.460s]       |                                   [01;31m[K^~~~~~~~~~~~[m[K
[4.460s] [01m[K/home/coffee/Documents/Studium/TU/bachelorarbeit/tuw_hardware_interface/src/tuw_hardware_trinamic_driver/src/test_node.cpp:40:48:[m[K [01;31m[Kerror: [m[Kno matching function for call to ‘[01m[Kmake_shared<<expression error> >()[m[K’
[4.460s]    40 |     rclcpp::spin([01;31m[Kstd::make_shared<MinimalParam>()[m[K);
[4.461s]       |                  [01;31m[K~~~~~~~~~~~~~~~~~~~~~~~~~~~~~~^~[m[K
[4.462s] In file included from [01m[K/usr/include/c++/13/memory:80[m[K,
[4.462s]                  from [01m[K/opt/ros/jazzy/include/rclcpp/rclcpp/rclcpp.hpp:169[m[K:
[4.463s] [01m[K/usr/include/c++/13/bits/shared_ptr.h:1005:5:[m[K [01;36m[Knote: [m[Kcandidate: ‘[01m[Ktemplate<class _Tp, class ... _Args> std::shared_ptr<typename std::enable_if<(! std::is_array< <template-parameter-1-1> >::value), _Tp>::type> std::[01;32m[Kmake_shared[m[K(_Args&& ...)[m[K’
[4.463s]  1005 |     [01;36m[Kmake_shared[m[K(_Args&&... __args)
[4.463s]       |     [01;36m[K^~~~~~~~~~~[m[K
[4.463s] [01m[K/usr/include/c++/13/bits/shared_ptr.h:1005:5:[m[K [01;36m[Knote: [m[K  template argument deduction/substitution failed:
[4.463s] [01m[K/home/coffee/Documents/Studium/TU/bachelorarbeit/tuw_hardware_interface/src/tuw_hardware_trinamic_driver/src/test_node.cpp:40:48:[m[K [01;31m[Kerror: [m[Ktemplate argument 1 is invalid
[4.463s]    40 |     rclcpp::spin([01;31m[Kstd::make_shared<MinimalParam>()[m[K);
[4.463s]       |                  [01;31m[K~~~~~~~~~~~~~~~~~~~~~~~~~~~~~~^~[m[K
[5.428s] gmake[2]: *** [CMakeFiles/trinamic_test_node.dir/build.make:76: CMakeFiles/trinamic_test_node.dir/src/test_node.cpp.o] Error 1
[5.429s] gmake[1]: *** [CMakeFiles/Makefile2:137: CMakeFiles/trinamic_test_node.dir/all] Error 2
[5.429s] gmake: *** [Makefile:146: all] Error 2
[5.434s] Invoked command in '/home/coffee/Documents/Studium/TU/bachelorarbeit/tuw_hardware_interface/build/tuw_hardware_trinamic_driver' returned '2': CMAKE_PREFIX_PATH=${CMAKE_PREFIX_PATH}:/opt/ros/jazzy DEBUGINFOD_URLS=https://debuginfod.ubuntu.com /usr/bin/cmake --build /home/coffee/Documents/Studium/TU/bachelorarbeit/tuw_hardware_interface/build/tuw_hardware_trinamic_driver -- -j14 -l14
