[0.025s] Invoking command in '/home/coffee/Documents/Studium/TU/bachelorarbeit/tuw_hardware_interface/build/tuw_hardware_trinamic_driver': CMAKE_PREFIX_PATH=${CMAKE_PREFIX_PATH}:/opt/ros/jazzy DEBUGINFOD_URLS=https://debuginfod.ubuntu.com /usr/bin/cmake --build /home/coffee/Documents/Studium/TU/bachelorarbeit/tuw_hardware_interface/build/tuw_hardware_trinamic_driver -- -j14 -l14
[0.155s] [ 66%] [32mBuilding CXX object CMakeFiles/trinamic_test_node.dir/src/test_node.cpp.o[0m
[0.155s] [ 66%] [32mBuilding CXX object CMakeFiles/trinamic_test_node.dir/src/tuw_hardware_trinamic_connection.cpp.o[0m
[0.426s] [01m[K/home/coffee/Documents/Studium/TU/bachelorarbeit/tuw_hardware_interface/src/tuw_hardware_trinamic_driver/src/tuw_hardware_trinamic_connection.cpp:[m[K In constructor ‘[01m[Ktmcm1640::TMCM1640Connection::[01;32m[KTMCM1640Connection[m[K(std::string)[m[K’:
[0.427s] [01m[K/home/coffee/Documents/Studium/TU/bachelorarbeit/tuw_hardware_interface/src/tuw_hardware_trinamic_driver/src/tuw_hardware_trinamic_connection.cpp:8:28:[m[K [01;31m[Kerror: [m[Kcannot convert ‘[01m[Kstd::string[m[K’ {aka ‘[01m[Kstd::__cxx11::basic_string<char>[m[K’} to ‘[01m[Kconst char*[m[K’
[0.427s]     8 |         serial_port = open([01;31m[Kport[m[K, O_RDWR);
[0.427s]       |                            [01;31m[K^~~~[m[K
[0.427s]       |                            [01;31m[K|[m[K
[0.428s]       |                            [01;31m[Kstd::string {aka std::__cxx11::basic_string<char>}[m[K
[0.428s] In file included from [01m[K/home/coffee/Documents/Studium/TU/bachelorarbeit/tuw_hardware_interface/src/tuw_hardware_trinamic_driver/include/tuw_hardware_trinamic_driver/tuw_hardware_trinamic_connection.hpp:7[m[K,
[0.428s]                  from [01m[K/home/coffee/Documents/Studium/TU/bachelorarbeit/tuw_hardware_interface/src/tuw_hardware_trinamic_driver/src/tuw_hardware_trinamic_connection.cpp:1[m[K:
[0.428s] [01m[K/usr/include/fcntl.h:209:30:[m[K [01;36m[Knote: [m[K  initializing argument 1 of ‘[01m[Kint[01;32m[K open[m[K(const char*, int, ...)[m[K’
[0.428s]   209 | extern int open ([01;36m[Kconst char *__file[m[K, int __oflag, ...) __nonnull ((1));
[0.428s]       |                  [01;36m[K~~~~~~~~~~~~^~~~~~[m[K
[0.428s] [01m[K/home/coffee/Documents/Studium/TU/bachelorarbeit/tuw_hardware_interface/src/tuw_hardware_trinamic_driver/src/tuw_hardware_trinamic_connection.cpp:13:42:[m[K [01;31m[Kerror: [m[K‘[01m[Kboost[m[K’ has not been declared
[0.429s]    13 |             std::string error_message = ([01;31m[Kboost[m[K::format("Error %i from open: %s\n", errno, strerror(errno)).str();
[0.429s]       |                                          [01;31m[K^~~~~[m[K
[0.430s] [01m[K/home/coffee/Documents/Studium/TU/bachelorarbeit/tuw_hardware_interface/src/tuw_hardware_trinamic_driver/src/tuw_hardware_trinamic_connection.cpp:13:91:[m[K [01;31m[Kerror: [m[K‘[01m[Kstrerror[m[K’ was not declared in this scope; did you mean ‘[01m[Kstderr[m[K’?
[0.430s]    13 |             std::string error_message = (boost::format("Error %i from open: %s\n", errno, [01;31m[Kstrerror[m[K(errno)).str();
[0.430s]       |                                                                                           [01;31m[K^~~~~~~~[m[K
[0.430s]       |                                                                                           [32m[Kstderr[m[K
[0.430s] [01m[K/home/coffee/Documents/Studium/TU/bachelorarbeit/tuw_hardware_interface/src/tuw_hardware_trinamic_driver/src/tuw_hardware_trinamic_connection.cpp:13:113:[m[K [01;31m[Kerror: [m[Kexpected ‘[01m[K)[m[K’ before ‘[01m[K;[m[K’ token
[0.431s]    13 |             std::string error_message = [34m[K([m[Kboost::format("Error %i from open: %s\n", errno, strerror(errno)).str()[01;31m[K;[m[K
[0.431s]       |                                         [34m[K~[m[K                                                                       [01;31m[K^[m[K
[0.431s]       |                                                                                                                 [32m[K)[m[K
[0.431s] [01m[K/home/coffee/Documents/Studium/TU/bachelorarbeit/tuw_hardware_interface/src/tuw_hardware_trinamic_driver/src/tuw_hardware_trinamic_connection.cpp:22:42:[m[K [01;31m[Kerror: [m[K‘[01m[Kboost[m[K’ has not been declared
[0.431s]    22 |             std::string error_message = ([01;31m[Kboost[m[K::format("Error %i from tcgetattr: %s\n", errno, strerror(errno)).str();
[0.432s]       |                                          [01;31m[K^~~~~[m[K
[0.434s] [01m[K/home/coffee/Documents/Studium/TU/bachelorarbeit/tuw_hardware_interface/src/tuw_hardware_trinamic_driver/src/tuw_hardware_trinamic_connection.cpp:22:96:[m[K [01;31m[Kerror: [m[K‘[01m[Kstrerror[m[K’ was not declared in this scope; did you mean ‘[01m[Kstderr[m[K’?
[0.435s]    22 |             std::string error_message = (boost::format("Error %i from tcgetattr: %s\n", errno, [01;31m[Kstrerror[m[K(errno)).str();
[0.435s]       |                                                                                                [01;31m[K^~~~~~~~[m[K
[0.435s]       |                                                                                                [32m[Kstderr[m[K
[0.435s] [01m[K/home/coffee/Documents/Studium/TU/bachelorarbeit/tuw_hardware_interface/src/tuw_hardware_trinamic_driver/src/tuw_hardware_trinamic_connection.cpp:22:118:[m[K [01;31m[Kerror: [m[Kexpected ‘[01m[K)[m[K’ before ‘[01m[K;[m[K’ token
[0.435s]    22 |             std::string error_message = [34m[K([m[Kboost::format("Error %i from tcgetattr: %s\n", errno, strerror(errno)).str()[01;31m[K;[m[K
[0.436s]       |                                         [34m[K~[m[K                                                                            [01;31m[K^[m[K
[0.436s]       |                                                                                                                      [32m[K)[m[K
[0.436s] [01m[K/home/coffee/Documents/Studium/TU/bachelorarbeit/tuw_hardware_interface/src/tuw_hardware_trinamic_driver/src/tuw_hardware_trinamic_connection.cpp:66:21:[m[K [01;31m[Kerror: [m[Ktoo many arguments to function ‘[01m[Kint[01;32m[K tcgetattr[m[K(int, termios*)[m[K’
[0.436s]    66 |         if([01;31m[Ktcgetattr(serial_port, TCSANOW, &tty)[m[K != 0) {
[0.436s]       |            [01;31m[K~~~~~~~~~^~~~~~~~~~~~~~~~~~~~~~~~~~~~[m[K
[0.436s] In file included from [01m[K/home/coffee/Documents/Studium/TU/bachelorarbeit/tuw_hardware_interface/src/tuw_hardware_trinamic_driver/include/tuw_hardware_trinamic_driver/tuw_hardware_trinamic_connection.hpp:9[m[K:
[0.436s] [01m[K/usr/include/termios.h:66:12:[m[K [01;36m[Knote: [m[Kdeclared here
[0.437s]    66 | extern int [01;36m[Ktcgetattr[m[K (int __fd, struct termios *__termios_p) __THROW;
[0.437s]       |            [01;36m[K^~~~~~~~~[m[K
[0.437s] [01m[K/home/coffee/Documents/Studium/TU/bachelorarbeit/tuw_hardware_interface/src/tuw_hardware_trinamic_driver/src/tuw_hardware_trinamic_connection.cpp:69:42:[m[K [01;31m[Kerror: [m[K‘[01m[Kboost[m[K’ has not been declared
[0.437s]    69 |             std::string error_message = ([01;31m[Kboost[m[K::format("Error %i from tcsetattr: %s\n", errno, strerror(errno)).str();
[0.437s]       |                                          [01;31m[K^~~~~[m[K
[0.438s] [01m[K/home/coffee/Documents/Studium/TU/bachelorarbeit/tuw_hardware_interface/src/tuw_hardware_trinamic_driver/src/tuw_hardware_trinamic_connection.cpp:69:96:[m[K [01;31m[Kerror: [m[K‘[01m[Kstrerror[m[K’ was not declared in this scope; did you mean ‘[01m[Kstderr[m[K’?
[0.439s]    69 |             std::string error_message = (boost::format("Error %i from tcsetattr: %s\n", errno, [01;31m[Kstrerror[m[K(errno)).str();
[0.440s]       |                                                                                                [01;31m[K^~~~~~~~[m[K
[0.440s]       |                                                                                                [32m[Kstderr[m[K
[0.440s] [01m[K/home/coffee/Documents/Studium/TU/bachelorarbeit/tuw_hardware_interface/src/tuw_hardware_trinamic_driver/src/tuw_hardware_trinamic_connection.cpp:69:118:[m[K [01;31m[Kerror: [m[Kexpected ‘[01m[K)[m[K’ before ‘[01m[K;[m[K’ token
[0.440s]    69 |             std::string error_message = [34m[K([m[Kboost::format("Error %i from tcsetattr: %s\n", errno, strerror(errno)).str()[01;31m[K;[m[K
[0.440s]       |                                         [34m[K~[m[K                                                                            [01;31m[K^[m[K
[0.440s]       |                                                                                                                      [32m[K)[m[K
[0.441s] In file included from [01m[K/home/coffee/Documents/Studium/TU/bachelorarbeit/tuw_hardware_interface/src/tuw_hardware_trinamic_driver/include/tuw_hardware_trinamic_driver/tuw_hardware_trinamic_connection.hpp:4[m[K:
[0.441s] [01m[K/home/coffee/Documents/Studium/TU/bachelorarbeit/tuw_hardware_interface/src/tuw_hardware_trinamic_driver/include/tuw_hardware_trinamic_driver/tuw_hardware_trinamic_definitions.hpp:146:20:[m[K [01;31m[Kerror: [m[Kexpected unqualified-id before numeric constant
[0.442s]   146 |     #define TARGET [01;31m[K1[m[K
[0.442s]       |                    [01;31m[K^[m[K
[0.442s] [01m[K/home/coffee/Documents/Studium/TU/bachelorarbeit/tuw_hardware_interface/src/tuw_hardware_trinamic_driver/src/tuw_hardware_trinamic_connection.cpp:75:46:[m[K [01;36m[Knote: [m[Kin expansion of macro ‘[01m[KTARGET[m[K’
[0.442s]    75 |         command_message[tmcm1640_cmd_format::[01;36m[KTARGET[m[K] = TARGET;
[0.442s]       |                                              [01;36m[K^~~~~~[m[K
[0.442s] [01m[K/home/coffee/Documents/Studium/TU/bachelorarbeit/tuw_hardware_interface/src/tuw_hardware_trinamic_driver/src/tuw_hardware_trinamic_connection.cpp:75:44:[m[K [01;31m[Kerror: [m[Kexpected ‘[01m[K][m[K’ before numeric constant
[0.442s]    75 |         command_message[tmcm1640_cmd_format[01;31m[K:[m[K:TARGET] = TARGET;
[0.443s]       |                                            [01;31m[K^[m[K
[0.443s]       |                                            [32m[K][m[K
[0.443s] [01m[K/home/coffee/Documents/Studium/TU/bachelorarbeit/tuw_hardware_interface/src/tuw_hardware_trinamic_driver/src/tuw_hardware_trinamic_connection.cpp:76:24:[m[K [01;31m[Kerror: [m[Kno match for ‘[01m[Koperator[][m[K’ (operand types are ‘[01m[Kstd::array<unsigned char, 9>[m[K’ and ‘[01m[Ktmcm1640::tmcm1640_cmd_format[m[K’)
[0.444s]    76 |         command_message[01;31m[K[[m[Ktmcm1640_cmd_format::TYPE] = TYPE_DEFAULT;
[0.444s]       |                        [01;31m[K^[m[K
[0.444s] In file included from [01m[K/home/coffee/Documents/Studium/TU/bachelorarbeit/tuw_hardware_interface/src/tuw_hardware_trinamic_driver/include/tuw_hardware_trinamic_driver/tuw_hardware_trinamic_connection.hpp:13[m[K:
[0.444s] [01m[K/usr/include/c++/13/array:200:7:[m[K [01;36m[Knote: [m[Kcandidate: ‘[01m[Kconstexpr std::array<_Tp, _Nm>::value_type& std::array<_Tp, _Nm>::[01;32m[Koperator[][m[K(size_type) [35m[K[with _Tp = unsigned char; long unsigned int _Nm = 9; reference = unsigned char&; size_type = long unsigned int][m[K[m[K’
[0.444s]   200 |       [01;36m[Koperator[m[K[](size_type __n) noexcept
[0.444s]       |       [01;36m[K^~~~~~~~[m[K
[0.444s] [01m[K/usr/include/c++/13/array:200:28:[m[K [01;36m[Knote: [m[K  no known conversion for argument 1 from ‘[01m[Ktmcm1640::tmcm1640_cmd_format[m[K’ to ‘[01m[Kstd::array<unsigned char, 9>::size_type[m[K’ {aka ‘[01m[Klong unsigned int[m[K’}
[0.444s]   200 |       operator[]([01;36m[Ksize_type __n[m[K) noexcept
[0.445s]       |                  [01;36m[K~~~~~~~~~~^~~[m[K
[0.445s] [01m[K/usr/include/c++/13/array:208:7:[m[K [01;36m[Knote: [m[Kcandidate: ‘[01m[Kconstexpr const std::array<_Tp, _Nm>::value_type& std::array<_Tp, _Nm>::[01;32m[Koperator[][m[K(size_type) const [35m[K[with _Tp = unsigned char; long unsigned int _Nm = 9; const_reference = const unsigned char&; size_type = long unsigned int][m[K[m[K’
[0.445s]   208 |       [01;36m[Koperator[m[K[](size_type __n) const noexcept
[0.445s]       |       [01;36m[K^~~~~~~~[m[K
[0.445s] [01m[K/usr/include/c++/13/array:208:28:[m[K [01;36m[Knote: [m[K  no known conversion for argument 1 from ‘[01m[Ktmcm1640::tmcm1640_cmd_format[m[K’ to ‘[01m[Kstd::array<unsigned char, 9>::size_type[m[K’ {aka ‘[01m[Klong unsigned int[m[K’}
[0.445s]   208 |       operator[]([01;36m[Ksize_type __n[m[K) const noexcept
[0.445s]       |                  [01;36m[K~~~~~~~~~~^~~[m[K
[0.445s] [01m[K/home/coffee/Documents/Studium/TU/bachelorarbeit/tuw_hardware_interface/src/tuw_hardware_trinamic_driver/src/tuw_hardware_trinamic_connection.cpp:77:24:[m[K [01;31m[Kerror: [m[Kno match for ‘[01m[Koperator[][m[K’ (operand types are ‘[01m[Kstd::array<unsigned char, 9>[m[K’ and ‘[01m[Ktmcm1640::tmcm1640_cmd_format[m[K’)
[0.445s]    77 |         command_message[01;31m[K[[m[Ktmcm1640_cmd_format::MOT_BANK] = MOTOR_NUMBER;
[0.446s]       |                        [01;31m[K^[m[K
[0.446s] [01m[K/usr/include/c++/13/array:200:7:[m[K [01;36m[Knote: [m[Kcandidate: ‘[01m[Kconstexpr std::array<_Tp, _Nm>::value_type& std::array<_Tp, _Nm>::[01;32m[Koperator[][m[K(size_type) [35m[K[with _Tp = unsigned char; long unsigned int _Nm = 9; reference = unsigned char&; size_type = long unsigned int][m[K[m[K’
[0.446s]   200 |       [01;36m[Koperator[m[K[](size_type __n) noexcept
[0.446s]       |       [01;36m[K^~~~~~~~[m[K
[0.446s] [01m[K/usr/include/c++/13/array:200:28:[m[K [01;36m[Knote: [m[K  no known conversion for argument 1 from ‘[01m[Ktmcm1640::tmcm1640_cmd_format[m[K’ to ‘[01m[Kstd::array<unsigned char, 9>::size_type[m[K’ {aka ‘[01m[Klong unsigned int[m[K’}
[0.446s]   200 |       operator[]([01;36m[Ksize_type __n[m[K) noexcept
[0.446s]       |                  [01;36m[K~~~~~~~~~~^~~[m[K
[0.446s] [01m[K/usr/include/c++/13/array:208:7:[m[K [01;36m[Knote: [m[Kcandidate: ‘[01m[Kconstexpr const std::array<_Tp, _Nm>::value_type& std::array<_Tp, _Nm>::[01;32m[Koperator[][m[K(size_type) const [35m[K[with _Tp = unsigned char; long unsigned int _Nm = 9; const_reference = const unsigned char&; size_type = long unsigned int][m[K[m[K’
[0.446s]   208 |       [01;36m[Koperator[m[K[](size_type __n) const noexcept
[0.447s]       |       [01;36m[K^~~~~~~~[m[K
[0.447s] [01m[K/usr/include/c++/13/array:208:28:[m[K [01;36m[Knote: [m[K  no known conversion for argument 1 from ‘[01m[Ktmcm1640::tmcm1640_cmd_format[m[K’ to ‘[01m[Kstd::array<unsigned char, 9>::size_type[m[K’ {aka ‘[01m[Klong unsigned int[m[K’}
[0.447s]   208 |       operator[]([01;36m[Ksize_type __n[m[K) const noexcept
[0.447s]       |                  [01;36m[K~~~~~~~~~~^~~[m[K
[0.447s] [01m[K/home/coffee/Documents/Studium/TU/bachelorarbeit/tuw_hardware_interface/src/tuw_hardware_trinamic_driver/src/tuw_hardware_trinamic_connection.cpp:78:24:[m[K [01;31m[Kerror: [m[Kno match for ‘[01m[Koperator[][m[K’ (operand types are ‘[01m[Kstd::array<unsigned char, 9>[m[K’ and ‘[01m[Ktmcm1640::tmcm1640_cmd_format[m[K’)
[0.447s]    78 |         command_message[01;31m[K[[m[Ktmcm1640_cmd_format::VALUE3] = VALUE_DEFAULT;
[0.447s]       |                        [01;31m[K^[m[K
[0.447s] [01m[K/usr/include/c++/13/array:200:7:[m[K [01;36m[Knote: [m[Kcandidate: ‘[01m[Kconstexpr std::array<_Tp, _Nm>::value_type& std::array<_Tp, _Nm>::[01;32m[Koperator[][m[K(size_type) [35m[K[with _Tp = unsigned char; long unsigned int _Nm = 9; reference = unsigned char&; size_type = long unsigned int][m[K[m[K’
[0.447s]   200 |       [01;36m[Koperator[m[K[](size_type __n) noexcept
[0.447s]       |       [01;36m[K^~~~~~~~[m[K
[0.448s] [01m[K/usr/include/c++/13/array:200:28:[m[K [01;36m[Knote: [m[K  no known conversion for argument 1 from ‘[01m[Ktmcm1640::tmcm1640_cmd_format[m[K’ to ‘[01m[Kstd::array<unsigned char, 9>::size_type[m[K’ {aka ‘[01m[Klong unsigned int[m[K’}
[0.448s]   200 |       operator[]([01;36m[Ksize_type __n[m[K) noexcept
[0.448s]       |                  [01;36m[K~~~~~~~~~~^~~[m[K
[0.448s] [01m[K/usr/include/c++/13/array:208:7:[m[K [01;36m[Knote: [m[Kcandidate: ‘[01m[Kconstexpr const std::array<_Tp, _Nm>::value_type& std::array<_Tp, _Nm>::[01;32m[Koperator[][m[K(size_type) const [35m[K[with _Tp = unsigned char; long unsigned int _Nm = 9; const_reference = const unsigned char&; size_type = long unsigned int][m[K[m[K’
[0.448s]   208 |       [01;36m[Koperator[m[K[](size_type __n) const noexcept
[0.448s]       |       [01;36m[K^~~~~~~~[m[K
[0.448s] [01m[K/usr/include/c++/13/array:208:28:[m[K [01;36m[Knote: [m[K  no known conversion for argument 1 from ‘[01m[Ktmcm1640::tmcm1640_cmd_format[m[K’ to ‘[01m[Kstd::array<unsigned char, 9>::size_type[m[K’ {aka ‘[01m[Klong unsigned int[m[K’}
[0.448s]   208 |       operator[]([01;36m[Ksize_type __n[m[K) const noexcept
[0.448s]       |                  [01;36m[K~~~~~~~~~~^~~[m[K
[0.449s] [01m[K/home/coffee/Documents/Studium/TU/bachelorarbeit/tuw_hardware_interface/src/tuw_hardware_trinamic_driver/src/tuw_hardware_trinamic_connection.cpp:79:24:[m[K [01;31m[Kerror: [m[Kno match for ‘[01m[Koperator[][m[K’ (operand types are ‘[01m[Kstd::array<unsigned char, 9>[m[K’ and ‘[01m[Ktmcm1640::tmcm1640_cmd_format[m[K’)
[0.449s]    79 |         command_message[01;31m[K[[m[Ktmcm1640_cmd_format::VALUE2] = VALUE_DEFAULT;
[0.449s]       |                        [01;31m[K^[m[K
[0.449s] [01m[K/usr/include/c++/13/array:200:7:[m[K [01;36m[Knote: [m[Kcandidate: ‘[01m[Kconstexpr std::array<_Tp, _Nm>::value_type& std::array<_Tp, _Nm>::[01;32m[Koperator[][m[K(size_type) [35m[K[with _Tp = unsigned char; long unsigned int _Nm = 9; reference = unsigned char&; size_type = long unsigned int][m[K[m[K’
[0.449s]   200 |       [01;36m[Koperator[m[K[](size_type __n) noexcept
[0.449s]       |       [01;36m[K^~~~~~~~[m[K
[0.449s] [01m[K/usr/include/c++/13/array:200:28:[m[K [01;36m[Knote: [m[K  no known conversion for argument 1 from ‘[01m[Ktmcm1640::tmcm1640_cmd_format[m[K’ to ‘[01m[Kstd::array<unsigned char, 9>::size_type[m[K’ {aka ‘[01m[Klong unsigned int[m[K’}
[0.449s]   200 |       operator[]([01;36m[Ksize_type __n[m[K) noexcept
[0.449s]       |                  [01;36m[K~~~~~~~~~~^~~[m[K
[0.449s] [01m[K/usr/include/c++/13/array:208:7:[m[K [01;36m[Knote: [m[Kcandidate: ‘[01m[Kconstexpr const std::array<_Tp, _Nm>::value_type& std::array<_Tp, _Nm>::[01;32m[Koperator[][m[K(size_type) const [35m[K[with _Tp = unsigned char; long unsigned int _Nm = 9; const_reference = const unsigned char&; size_type = long unsigned int][m[K[m[K’
[0.449s]   208 |       [01;36m[Koperator[m[K[](size_type __n) const noexcept
[0.450s]       |       [01;36m[K^~~~~~~~[m[K
[0.450s] [01m[K/usr/include/c++/13/array:208:28:[m[K [01;36m[Knote: [m[K  no known conversion for argument 1 from ‘[01m[Ktmcm1640::tmcm1640_cmd_format[m[K’ to ‘[01m[Kstd::array<unsigned char, 9>::size_type[m[K’ {aka ‘[01m[Klong unsigned int[m[K’}
[0.450s]   208 |       operator[]([01;36m[Ksize_type __n[m[K) const noexcept
[0.450s]       |                  [01;36m[K~~~~~~~~~~^~~[m[K
[0.450s] [01m[K/home/coffee/Documents/Studium/TU/bachelorarbeit/tuw_hardware_interface/src/tuw_hardware_trinamic_driver/src/tuw_hardware_trinamic_connection.cpp:80:24:[m[K [01;31m[Kerror: [m[Kno match for ‘[01m[Koperator[][m[K’ (operand types are ‘[01m[Kstd::array<unsigned char, 9>[m[K’ and ‘[01m[Ktmcm1640::tmcm1640_cmd_format[m[K’)
[0.450s]    80 |         command_message[01;31m[K[[m[Ktmcm1640_cmd_format::VALUE1] = VALUE_DEFAULT;
[0.450s]       |                        [01;31m[K^[m[K
[0.450s] [01m[K/usr/include/c++/13/array:200:7:[m[K [01;36m[Knote: [m[Kcandidate: ‘[01m[Kconstexpr std::array<_Tp, _Nm>::value_type& std::array<_Tp, _Nm>::[01;32m[Koperator[][m[K(size_type) [35m[K[with _Tp = unsigned char; long unsigned int _Nm = 9; reference = unsigned char&; size_type = long unsigned int][m[K[m[K’
[0.450s]   200 |       [01;36m[Koperator[m[K[](size_type __n) noexcept
[0.450s]       |       [01;36m[K^~~~~~~~[m[K
[0.451s] [01m[K/usr/include/c++/13/array:200:28:[m[K [01;36m[Knote: [m[K  no known conversion for argument 1 from ‘[01m[Ktmcm1640::tmcm1640_cmd_format[m[K’ to ‘[01m[Kstd::array<unsigned char, 9>::size_type[m[K’ {aka ‘[01m[Klong unsigned int[m[K’}
[0.451s]   200 |       operator[]([01;36m[Ksize_type __n[m[K) noexcept
[0.451s]       |                  [01;36m[K~~~~~~~~~~^~~[m[K
[0.451s] [01m[K/usr/include/c++/13/array:208:7:[m[K [01;36m[Knote: [m[Kcandidate: ‘[01m[Kconstexpr const std::array<_Tp, _Nm>::value_type& std::array<_Tp, _Nm>::[01;32m[Koperator[][m[K(size_type) const [35m[K[with _Tp = unsigned char; long unsigned int _Nm = 9; const_reference = const unsigned char&; size_type = long unsigned int][m[K[m[K’
[0.451s]   208 |       [01;36m[Koperator[m[K[](size_type __n) const noexcept
[0.451s]       |       [01;36m[K^~~~~~~~[m[K
[0.451s] [01m[K/usr/include/c++/13/array:208:28:[m[K [01;36m[Knote: [m[K  no known conversion for argument 1 from ‘[01m[Ktmcm1640::tmcm1640_cmd_format[m[K’ to ‘[01m[Kstd::array<unsigned char, 9>::size_type[m[K’ {aka ‘[01m[Klong unsigned int[m[K’}
[0.451s]   208 |       operator[]([01;36m[Ksize_type __n[m[K) const noexcept
[0.451s]       |                  [01;36m[K~~~~~~~~~~^~~[m[K
[0.451s] [01m[K/home/coffee/Documents/Studium/TU/bachelorarbeit/tuw_hardware_interface/src/tuw_hardware_trinamic_driver/src/tuw_hardware_trinamic_connection.cpp:81:24:[m[K [01;31m[Kerror: [m[Kno match for ‘[01m[Koperator[][m[K’ (operand types are ‘[01m[Kstd::array<unsigned char, 9>[m[K’ and ‘[01m[Ktmcm1640::tmcm1640_cmd_format[m[K’)
[0.452s]    81 |         command_message[01;31m[K[[m[Ktmcm1640_cmd_format::VALUE0] = VALUE_DEFAULT;
[0.452s]       |                        [01;31m[K^[m[K
[0.452s] [01m[K/usr/include/c++/13/array:200:7:[m[K [01;36m[Knote: [m[Kcandidate: ‘[01m[Kconstexpr std::array<_Tp, _Nm>::value_type& std::array<_Tp, _Nm>::[01;32m[Koperator[][m[K(size_type) [35m[K[with _Tp = unsigned char; long unsigned int _Nm = 9; reference = unsigned char&; size_type = long unsigned int][m[K[m[K’
[0.452s]   200 |       [01;36m[Koperator[m[K[](size_type __n) noexcept
[0.452s]       |       [01;36m[K^~~~~~~~[m[K
[0.452s] [01m[K/usr/include/c++/13/array:200:28:[m[K [01;36m[Knote: [m[K  no known conversion for argument 1 from ‘[01m[Ktmcm1640::tmcm1640_cmd_format[m[K’ to ‘[01m[Kstd::array<unsigned char, 9>::size_type[m[K’ {aka ‘[01m[Klong unsigned int[m[K’}
[0.452s]   200 |       operator[]([01;36m[Ksize_type __n[m[K) noexcept
[0.452s]       |                  [01;36m[K~~~~~~~~~~^~~[m[K
[0.452s] [01m[K/usr/include/c++/13/array:208:7:[m[K [01;36m[Knote: [m[Kcandidate: ‘[01m[Kconstexpr const std::array<_Tp, _Nm>::value_type& std::array<_Tp, _Nm>::[01;32m[Koperator[][m[K(size_type) const [35m[K[with _Tp = unsigned char; long unsigned int _Nm = 9; const_reference = const unsigned char&; size_type = long unsigned int][m[K[m[K’
[0.452s]   208 |       [01;36m[Koperator[m[K[](size_type __n) const noexcept
[0.452s]       |       [01;36m[K^~~~~~~~[m[K
[0.453s] [01m[K/usr/include/c++/13/array:208:28:[m[K [01;36m[Knote: [m[K  no known conversion for argument 1 from ‘[01m[Ktmcm1640::tmcm1640_cmd_format[m[K’ to ‘[01m[Kstd::array<unsigned char, 9>::size_type[m[K’ {aka ‘[01m[Klong unsigned int[m[K’}
[0.453s]   208 |       operator[]([01;36m[Ksize_type __n[m[K) const noexcept
[0.453s]       |                  [01;36m[K~~~~~~~~~~^~~[m[K
[0.453s] [01m[K/home/coffee/Documents/Studium/TU/bachelorarbeit/tuw_hardware_interface/src/tuw_hardware_trinamic_driver/src/tuw_hardware_trinamic_connection.cpp:[m[K In member function ‘[01m[Kint32_t tmcm1640::TMCM1640Connection::[01;32m[Kcommunicate[m[K(tmcm1640::tmcm1640_cmd, int, int)[m[K’:
[0.453s] [01m[K/home/coffee/Documents/Studium/TU/bachelorarbeit/tuw_hardware_interface/src/tuw_hardware_trinamic_driver/src/tuw_hardware_trinamic_connection.cpp:99:24:[m[K [01;31m[Kerror: [m[Kno match for ‘[01m[Koperator[][m[K’ (operand types are ‘[01m[Kstd::array<unsigned char, 9>[m[K’ and ‘[01m[Ktmcm1640::tmcm1640_cmd_format[m[K’)
[0.453s]    99 |         command_message[01;31m[K[[m[Ktmcm1640_cmd_format::CMD] = cmd;
[0.453s]       |                        [01;31m[K^[m[K
[0.453s] [01m[K/usr/include/c++/13/array:200:7:[m[K [01;36m[Knote: [m[Kcandidate: ‘[01m[Kconstexpr std::array<_Tp, _Nm>::value_type& std::array<_Tp, _Nm>::[01;32m[Koperator[][m[K(size_type) [35m[K[with _Tp = unsigned char; long unsigned int _Nm = 9; reference = unsigned char&; size_type = long unsigned int][m[K[m[K’
[0.453s]   200 |       [01;36m[Koperator[m[K[](size_type __n) noexcept
[0.453s]       |       [01;36m[K^~~~~~~~[m[K
[0.454s] [01m[K/usr/include/c++/13/array:200:28:[m[K [01;36m[Knote: [m[K  no known conversion for argument 1 from ‘[01m[Ktmcm1640::tmcm1640_cmd_format[m[K’ to ‘[01m[Kstd::array<unsigned char, 9>::size_type[m[K’ {aka ‘[01m[Klong unsigned int[m[K’}
[0.454s]   200 |       operator[]([01;36m[Ksize_type __n[m[K) noexcept
[0.454s]       |                  [01;36m[K~~~~~~~~~~^~~[m[K
[0.454s] [01m[K/usr/include/c++/13/array:208:7:[m[K [01;36m[Knote: [m[Kcandidate: ‘[01m[Kconstexpr const std::array<_Tp, _Nm>::value_type& std::array<_Tp, _Nm>::[01;32m[Koperator[][m[K(size_type) const [35m[K[with _Tp = unsigned char; long unsigned int _Nm = 9; const_reference = const unsigned char&; size_type = long unsigned int][m[K[m[K’
[0.454s]   208 |       [01;36m[Koperator[m[K[](size_type __n) const noexcept
[0.454s]       |       [01;36m[K^~~~~~~~[m[K
[0.454s] [01m[K/usr/include/c++/13/array:208:28:[m[K [01;36m[Knote: [m[K  no known conversion for argument 1 from ‘[01m[Ktmcm1640::tmcm1640_cmd_format[m[K’ to ‘[01m[Kstd::array<unsigned char, 9>::size_type[m[K’ {aka ‘[01m[Klong unsigned int[m[K’}
[0.454s]   208 |       operator[]([01;36m[Ksize_type __n[m[K) const noexcept
[0.454s]       |                  [01;36m[K~~~~~~~~~~^~~[m[K
[0.454s] [01m[K/home/coffee/Documents/Studium/TU/bachelorarbeit/tuw_hardware_interface/src/tuw_hardware_trinamic_driver/src/tuw_hardware_trinamic_connection.cpp:100:24:[m[K [01;31m[Kerror: [m[Kno match for ‘[01m[Koperator[][m[K’ (operand types are ‘[01m[Kstd::array<unsigned char, 9>[m[K’ and ‘[01m[Ktmcm1640::tmcm1640_cmd_format[m[K’)
[0.454s]   100 |         command_message[01;31m[K[[m[Ktmcm1640_cmd_format::TYPE] = type;
[0.455s]       |                        [01;31m[K^[m[K
[0.455s] [01m[K/usr/include/c++/13/array:200:7:[m[K [01;36m[Knote: [m[Kcandidate: ‘[01m[Kconstexpr std::array<_Tp, _Nm>::value_type& std::array<_Tp, _Nm>::[01;32m[Koperator[][m[K(size_type) [35m[K[with _Tp = unsigned char; long unsigned int _Nm = 9; reference = unsigned char&; size_type = long unsigned int][m[K[m[K’
[0.455s]   200 |       [01;36m[Koperator[m[K[](size_type __n) noexcept
[0.455s]       |       [01;36m[K^~~~~~~~[m[K
[0.455s] [01m[K/usr/include/c++/13/array:200:28:[m[K [01;36m[Knote: [m[K  no known conversion for argument 1 from ‘[01m[Ktmcm1640::tmcm1640_cmd_format[m[K’ to ‘[01m[Kstd::array<unsigned char, 9>::size_type[m[K’ {aka ‘[01m[Klong unsigned int[m[K’}
[0.455s]   200 |       operator[]([01;36m[Ksize_type __n[m[K) noexcept
[0.455s]       |                  [01;36m[K~~~~~~~~~~^~~[m[K
[0.455s] [01m[K/usr/include/c++/13/array:208:7:[m[K [01;36m[Knote: [m[Kcandidate: ‘[01m[Kconstexpr const std::array<_Tp, _Nm>::value_type& std::array<_Tp, _Nm>::[01;32m[Koperator[][m[K(size_type) const [35m[K[with _Tp = unsigned char; long unsigned int _Nm = 9; const_reference = const unsigned char&; size_type = long unsigned int][m[K[m[K’
[0.455s]   208 |       [01;36m[Koperator[m[K[](size_type __n) const noexcept
[0.455s]       |       [01;36m[K^~~~~~~~[m[K
[0.456s] [01m[K/usr/include/c++/13/array:208:28:[m[K [01;36m[Knote: [m[K  no known conversion for argument 1 from ‘[01m[Ktmcm1640::tmcm1640_cmd_format[m[K’ to ‘[01m[Kstd::array<unsigned char, 9>::size_type[m[K’ {aka ‘[01m[Klong unsigned int[m[K’}
[0.456s]   208 |       operator[]([01;36m[Ksize_type __n[m[K) const noexcept
[0.456s]       |                  [01;36m[K~~~~~~~~~~^~~[m[K
[0.456s] [01m[K/home/coffee/Documents/Studium/TU/bachelorarbeit/tuw_hardware_interface/src/tuw_hardware_trinamic_driver/src/tuw_hardware_trinamic_connection.cpp:101:24:[m[K [01;31m[Kerror: [m[Kno match for ‘[01m[Koperator[][m[K’ (operand types are ‘[01m[Kstd::array<unsigned char, 9>[m[K’ and ‘[01m[Ktmcm1640::tmcm1640_cmd_format[m[K’)
[0.456s]   101 |         command_message[01;31m[K[[m[Ktmcm1640_cmd_format::VALUE3] = value >> 24;
[0.456s]       |                        [01;31m[K^[m[K
[0.456s] [01m[K/usr/include/c++/13/array:200:7:[m[K [01;36m[Knote: [m[Kcandidate: ‘[01m[Kconstexpr std::array<_Tp, _Nm>::value_type& std::array<_Tp, _Nm>::[01;32m[Koperator[][m[K(size_type) [35m[K[with _Tp = unsigned char; long unsigned int _Nm = 9; reference = unsigned char&; size_type = long unsigned int][m[K[m[K’
[0.456s]   200 |       [01;36m[Koperator[m[K[](size_type __n) noexcept
[0.456s]       |       [01;36m[K^~~~~~~~[m[K
[0.456s] [01m[K/usr/include/c++/13/array:200:28:[m[K [01;36m[Knote: [m[K  no known conversion for argument 1 from ‘[01m[Ktmcm1640::tmcm1640_cmd_format[m[K’ to ‘[01m[Kstd::array<unsigned char, 9>::size_type[m[K’ {aka ‘[01m[Klong unsigned int[m[K’}
[0.456s]   200 |       operator[]([01;36m[Ksize_type __n[m[K) noexcept
[0.457s]       |                  [01;36m[K~~~~~~~~~~^~~[m[K
[0.457s] [01m[K/usr/include/c++/13/array:208:7:[m[K [01;36m[Knote: [m[Kcandidate: ‘[01m[Kconstexpr const std::array<_Tp, _Nm>::value_type& std::array<_Tp, _Nm>::[01;32m[Koperator[][m[K(size_type) const [35m[K[with _Tp = unsigned char; long unsigned int _Nm = 9; const_reference = const unsigned char&; size_type = long unsigned int][m[K[m[K’
[0.457s]   208 |       [01;36m[Koperator[m[K[](size_type __n) const noexcept
[0.457s]       |       [01;36m[K^~~~~~~~[m[K
[0.457s] [01m[K/usr/include/c++/13/array:208:28:[m[K [01;36m[Knote: [m[K  no known conversion for argument 1 from ‘[01m[Ktmcm1640::tmcm1640_cmd_format[m[K’ to ‘[01m[Kstd::array<unsigned char, 9>::size_type[m[K’ {aka ‘[01m[Klong unsigned int[m[K’}
[0.457s]   208 |       operator[]([01;36m[Ksize_type __n[m[K) const noexcept
[0.457s]       |                  [01;36m[K~~~~~~~~~~^~~[m[K
[0.457s] [01m[K/home/coffee/Documents/Studium/TU/bachelorarbeit/tuw_hardware_interface/src/tuw_hardware_trinamic_driver/src/tuw_hardware_trinamic_connection.cpp:102:24:[m[K [01;31m[Kerror: [m[Kno match for ‘[01m[Koperator[][m[K’ (operand types are ‘[01m[Kstd::array<unsigned char, 9>[m[K’ and ‘[01m[Ktmcm1640::tmcm1640_cmd_format[m[K’)
[0.457s]   102 |         command_message[01;31m[K[[m[Ktmcm1640_cmd_format::VALUE2] = value >> 16;
[0.457s]       |                        [01;31m[K^[m[K
[0.458s] [01m[K/usr/include/c++/13/array:200:7:[m[K [01;36m[Knote: [m[Kcandidate: ‘[01m[Kconstexpr std::array<_Tp, _Nm>::value_type& std::array<_Tp, _Nm>::[01;32m[Koperator[][m[K(size_type) [35m[K[with _Tp = unsigned char; long unsigned int _Nm = 9; reference = unsigned char&; size_type = long unsigned int][m[K[m[K’
[0.458s]   200 |       [01;36m[Koperator[m[K[](size_type __n) noexcept
[0.458s]       |       [01;36m[K^~~~~~~~[m[K
[0.458s] [01m[K/usr/include/c++/13/array:200:28:[m[K [01;36m[Knote: [m[K  no known conversion for argument 1 from ‘[01m[Ktmcm1640::tmcm1640_cmd_format[m[K’ to ‘[01m[Kstd::array<unsigned char, 9>::size_type[m[K’ {aka ‘[01m[Klong unsigned int[m[K’}
[0.458s]   200 |       operator[]([01;36m[Ksize_type __n[m[K) noexcept
[0.458s]       |                  [01;36m[K~~~~~~~~~~^~~[m[K
[0.458s] [01m[K/usr/include/c++/13/array:208:7:[m[K [01;36m[Knote: [m[Kcandidate: ‘[01m[Kconstexpr const std::array<_Tp, _Nm>::value_type& std::array<_Tp, _Nm>::[01;32m[Koperator[][m[K(size_type) const [35m[K[with _Tp = unsigned char; long unsigned int _Nm = 9; const_reference = const unsigned char&; size_type = long unsigned int][m[K[m[K’
[0.458s]   208 |       [01;36m[Koperator[m[K[](size_type __n) const noexcept
[0.458s]       |       [01;36m[K^~~~~~~~[m[K
[0.458s] [01m[K/usr/include/c++/13/array:208:28:[m[K [01;36m[Knote: [m[K  no known conversion for argument 1 from ‘[01m[Ktmcm1640::tmcm1640_cmd_format[m[K’ to ‘[01m[Kstd::array<unsigned char, 9>::size_type[m[K’ {aka ‘[01m[Klong unsigned int[m[K’}
[0.458s]   208 |       operator[]([01;36m[Ksize_type __n[m[K) const noexcept
[0.459s]       |                  [01;36m[K~~~~~~~~~~^~~[m[K
[0.459s] [01m[K/home/coffee/Documents/Studium/TU/bachelorarbeit/tuw_hardware_interface/src/tuw_hardware_trinamic_driver/src/tuw_hardware_trinamic_connection.cpp:103:24:[m[K [01;31m[Kerror: [m[Kno match for ‘[01m[Koperator[][m[K’ (operand types are ‘[01m[Kstd::array<unsigned char, 9>[m[K’ and ‘[01m[Ktmcm1640::tmcm1640_cmd_format[m[K’)
[0.459s]   103 |         command_message[01;31m[K[[m[Ktmcm1640_cmd_format::VALUE1] = value >> 8;
[0.459s]       |                        [01;31m[K^[m[K
[0.459s] [01m[K/usr/include/c++/13/array:200:7:[m[K [01;36m[Knote: [m[Kcandidate: ‘[01m[Kconstexpr std::array<_Tp, _Nm>::value_type& std::array<_Tp, _Nm>::[01;32m[Koperator[][m[K(size_type) [35m[K[with _Tp = unsigned char; long unsigned int _Nm = 9; reference = unsigned char&; size_type = long unsigned int][m[K[m[K’
[0.459s]   200 |       [01;36m[Koperator[m[K[](size_type __n) noexcept
[0.459s]       |       [01;36m[K^~~~~~~~[m[K
[0.459s] [01m[K/usr/include/c++/13/array:200:28:[m[K [01;36m[Knote: [m[K  no known conversion for argument 1 from ‘[01m[Ktmcm1640::tmcm1640_cmd_format[m[K’ to ‘[01m[Kstd::array<unsigned char, 9>::size_type[m[K’ {aka ‘[01m[Klong unsigned int[m[K’}
[0.459s]   200 |       operator[]([01;36m[Ksize_type __n[m[K) noexcept
[0.459s]       |                  [01;36m[K~~~~~~~~~~^~~[m[K
[0.460s] [01m[K/usr/include/c++/13/array:208:7:[m[K [01;36m[Knote: [m[Kcandidate: ‘[01m[Kconstexpr const std::array<_Tp, _Nm>::value_type& std::array<_Tp, _Nm>::[01;32m[Koperator[][m[K(size_type) const [35m[K[with _Tp = unsigned char; long unsigned int _Nm = 9; const_reference = const unsigned char&; size_type = long unsigned int][m[K[m[K’
[0.460s]   208 |       [01;36m[Koperator[m[K[](size_type __n) const noexcept
[0.460s]       |       [01;36m[K^~~~~~~~[m[K
[0.460s] [01m[K/usr/include/c++/13/array:208:28:[m[K [01;36m[Knote: [m[K  no known conversion for argument 1 from ‘[01m[Ktmcm1640::tmcm1640_cmd_format[m[K’ to ‘[01m[Kstd::array<unsigned char, 9>::size_type[m[K’ {aka ‘[01m[Klong unsigned int[m[K’}
[0.460s]   208 |       operator[]([01;36m[Ksize_type __n[m[K) const noexcept
[0.460s]       |                  [01;36m[K~~~~~~~~~~^~~[m[K
[0.460s] [01m[K/home/coffee/Documents/Studium/TU/bachelorarbeit/tuw_hardware_interface/src/tuw_hardware_trinamic_driver/src/tuw_hardware_trinamic_connection.cpp:104:24:[m[K [01;31m[Kerror: [m[Kno match for ‘[01m[Koperator[][m[K’ (operand types are ‘[01m[Kstd::array<unsigned char, 9>[m[K’ and ‘[01m[Ktmcm1640::tmcm1640_cmd_format[m[K’)
[0.460s]   104 |         command_message[01;31m[K[[m[Ktmcm1640_cmd_format::VALUE0] = value;
[0.460s]       |                        [01;31m[K^[m[K
[0.460s] [01m[K/usr/include/c++/13/array:200:7:[m[K [01;36m[Knote: [m[Kcandidate: ‘[01m[Kconstexpr std::array<_Tp, _Nm>::value_type& std::array<_Tp, _Nm>::[01;32m[Koperator[][m[K(size_type) [35m[K[with _Tp = unsigned char; long unsigned int _Nm = 9; reference = unsigned char&; size_type = long unsigned int][m[K[m[K’
[0.460s]   200 |       [01;36m[Koperator[m[K[](size_type __n) noexcept
[0.461s]       |       [01;36m[K^~~~~~~~[m[K
[0.461s] [01m[K/usr/include/c++/13/array:200:28:[m[K [01;36m[Knote: [m[K  no known conversion for argument 1 from ‘[01m[Ktmcm1640::tmcm1640_cmd_format[m[K’ to ‘[01m[Kstd::array<unsigned char, 9>::size_type[m[K’ {aka ‘[01m[Klong unsigned int[m[K’}
[0.461s]   200 |       operator[]([01;36m[Ksize_type __n[m[K) noexcept
[0.461s]       |                  [01;36m[K~~~~~~~~~~^~~[m[K
[0.461s] [01m[K/usr/include/c++/13/array:208:7:[m[K [01;36m[Knote: [m[Kcandidate: ‘[01m[Kconstexpr const std::array<_Tp, _Nm>::value_type& std::array<_Tp, _Nm>::[01;32m[Koperator[][m[K(size_type) const [35m[K[with _Tp = unsigned char; long unsigned int _Nm = 9; const_reference = const unsigned char&; size_type = long unsigned int][m[K[m[K’
[0.461s]   208 |       [01;36m[Koperator[m[K[](size_type __n) const noexcept
[0.461s]       |       [01;36m[K^~~~~~~~[m[K
[0.461s] [01m[K/usr/include/c++/13/array:208:28:[m[K [01;36m[Knote: [m[K  no known conversion for argument 1 from ‘[01m[Ktmcm1640::tmcm1640_cmd_format[m[K’ to ‘[01m[Kstd::array<unsigned char, 9>::size_type[m[K’ {aka ‘[01m[Klong unsigned int[m[K’}
[0.461s]   208 |       operator[]([01;36m[Ksize_type __n[m[K) const noexcept
[0.461s]       |                  [01;36m[K~~~~~~~~~~^~~[m[K
[0.462s] [01m[K/home/coffee/Documents/Studium/TU/bachelorarbeit/tuw_hardware_interface/src/tuw_hardware_trinamic_driver/src/tuw_hardware_trinamic_connection.cpp:107:24:[m[K [01;31m[Kerror: [m[Kno match for ‘[01m[Koperator[][m[K’ (operand types are ‘[01m[Kstd::array<unsigned char, 9>[m[K’ and ‘[01m[Ktmcm1640::tmcm1640_cmd_format[m[K’)
[0.462s]   107 |         command_message[01;31m[K[[m[Ktmcm1640_cmd_format::CHECKSUM] = calc_checksum();
[0.462s]       |                        [01;31m[K^[m[K
[0.462s] [01m[K/usr/include/c++/13/array:200:7:[m[K [01;36m[Knote: [m[Kcandidate: ‘[01m[Kconstexpr std::array<_Tp, _Nm>::value_type& std::array<_Tp, _Nm>::[01;32m[Koperator[][m[K(size_type) [35m[K[with _Tp = unsigned char; long unsigned int _Nm = 9; reference = unsigned char&; size_type = long unsigned int][m[K[m[K’
[0.462s]   200 |       [01;36m[Koperator[m[K[](size_type __n) noexcept
[0.462s]       |       [01;36m[K^~~~~~~~[m[K
[0.462s] [01m[K/usr/include/c++/13/array:200:28:[m[K [01;36m[Knote: [m[K  no known conversion for argument 1 from ‘[01m[Ktmcm1640::tmcm1640_cmd_format[m[K’ to ‘[01m[Kstd::array<unsigned char, 9>::size_type[m[K’ {aka ‘[01m[Klong unsigned int[m[K’}
[0.462s]   200 |       operator[]([01;36m[Ksize_type __n[m[K) noexcept
[0.462s]       |                  [01;36m[K~~~~~~~~~~^~~[m[K
[0.462s] [01m[K/usr/include/c++/13/array:208:7:[m[K [01;36m[Knote: [m[Kcandidate: ‘[01m[Kconstexpr const std::array<_Tp, _Nm>::value_type& std::array<_Tp, _Nm>::[01;32m[Koperator[][m[K(size_type) const [35m[K[with _Tp = unsigned char; long unsigned int _Nm = 9; const_reference = const unsigned char&; size_type = long unsigned int][m[K[m[K’
[0.462s]   208 |       [01;36m[Koperator[m[K[](size_type __n) const noexcept
[0.463s]       |       [01;36m[K^~~~~~~~[m[K
[0.463s] [01m[K/usr/include/c++/13/array:208:28:[m[K [01;36m[Knote: [m[K  no known conversion for argument 1 from ‘[01m[Ktmcm1640::tmcm1640_cmd_format[m[K’ to ‘[01m[Kstd::array<unsigned char, 9>::size_type[m[K’ {aka ‘[01m[Klong unsigned int[m[K’}
[0.463s]   208 |       operator[]([01;36m[Ksize_type __n[m[K) const noexcept
[0.463s]       |                  [01;36m[K~~~~~~~~~~^~~[m[K
[0.463s] [01m[K/home/coffee/Documents/Studium/TU/bachelorarbeit/tuw_hardware_interface/src/tuw_hardware_trinamic_driver/src/tuw_hardware_trinamic_connection.cpp:107:71:[m[K [01;31m[Kerror: [m[Kno matching function for call to ‘[01m[Ktmcm1640::TMCM1640Connection::calc_checksum()[m[K’
[0.463s]   107 |         command_message[tmcm1640_cmd_format::CHECKSUM] = [01;31m[Kcalc_checksum()[m[K;
[0.463s]       |                                                          [01;31m[K~~~~~~~~~~~~~^~[m[K
[0.463s] [01m[K/home/coffee/Documents/Studium/TU/bachelorarbeit/tuw_hardware_interface/src/tuw_hardware_trinamic_driver/include/tuw_hardware_trinamic_driver/tuw_hardware_trinamic_connection.hpp:31:26:[m[K [01;36m[Knote: [m[Kcandidate: ‘[01m[Kuint8_t tmcm1640::TMCM1640Connection::[01;32m[Kcalc_checksum[m[K(std::array<unsigned char, 9>)[m[K’
[0.463s]    31 |             std::uint8_t [01;36m[Kcalc_checksum[m[K(std::array<std::uint8_t, 9> msg);
[0.463s]       |                          [01;36m[K^~~~~~~~~~~~~[m[K
[0.463s] [01m[K/home/coffee/Documents/Studium/TU/bachelorarbeit/tuw_hardware_interface/src/tuw_hardware_trinamic_driver/include/tuw_hardware_trinamic_driver/tuw_hardware_trinamic_connection.hpp:31:26:[m[K [01;36m[Knote: [m[K  candidate expects 1 argument, 0 provided
[0.464s] [01m[K/home/coffee/Documents/Studium/TU/bachelorarbeit/tuw_hardware_interface/src/tuw_hardware_trinamic_driver/src/tuw_hardware_trinamic_connection.cpp:120:42:[m[K [01;31m[Kerror: [m[K‘[01m[Kboost[m[K’ has not been declared
[0.464s]   120 |             std::string error_message = ([01;31m[Kboost[m[K::format("Reply wrong: %i", reply_status).str();
[0.464s]       |                                          [01;31m[K^~~~~[m[K
[0.464s] [01m[K/home/coffee/Documents/Studium/TU/bachelorarbeit/tuw_hardware_interface/src/tuw_hardware_trinamic_driver/src/tuw_hardware_trinamic_connection.cpp:120:94:[m[K [01;31m[Kerror: [m[Kexpected ‘[01m[K)[m[K’ before ‘[01m[K;[m[K’ token
[0.464s]   120 |             std::string error_message = [34m[K([m[Kboost::format("Reply wrong: %i", reply_status).str()[01;31m[K;[m[K
[0.464s]       |                                         [34m[K~[m[K                                                    [01;31m[K^[m[K
[0.464s]       |                                                                                              [32m[K)[m[K
[0.464s] [01m[K/home/coffee/Documents/Studium/TU/bachelorarbeit/tuw_hardware_interface/src/tuw_hardware_trinamic_driver/src/tuw_hardware_trinamic_connection.cpp:[m[K In member function ‘[01m[Kbool tmcm1640::TMCM1640Connection::[01;32m[Ksend_and_receive[m[K()[m[K’:
[0.464s] [01m[K/home/coffee/Documents/Studium/TU/bachelorarbeit/tuw_hardware_interface/src/tuw_hardware_trinamic_driver/src/tuw_hardware_trinamic_connection.cpp:138:28:[m[K [01;31m[Kerror: [m[Kcannot convert ‘[01m[Kstd::array<unsigned char, 9>[m[K’ to ‘[01m[Kconst void*[m[K’
[0.464s]   138 |         write(serial_port, [01;31m[Kcommand_message[m[K, 9);
[0.465s]       |                            [01;31m[K^~~~~~~~~~~~~~~[m[K
[0.465s]       |                            [01;31m[K|[m[K
[0.465s]       |                            [01;31m[Kstd::array<unsigned char, 9>[m[K
[0.465s] In file included from [01m[K/home/coffee/Documents/Studium/TU/bachelorarbeit/tuw_hardware_interface/src/tuw_hardware_trinamic_driver/include/tuw_hardware_trinamic_driver/tuw_hardware_trinamic_connection.hpp:10[m[K:
[0.465s] [01m[K/usr/include/unistd.h:378:45:[m[K [01;36m[Knote: [m[K  initializing argument 2 of ‘[01m[Kssize_t[01;32m[K write[m[K(int, const void*, size_t)[m[K’
[0.465s]   378 | extern ssize_t write (int __fd, [01;36m[Kconst void *__buf[m[K, size_t __n) __wur
[0.465s]       |                                 [01;36m[K~~~~~~~~~~~~^~~~~[m[K
[0.465s] [01m[K/home/coffee/Documents/Studium/TU/bachelorarbeit/tuw_hardware_interface/src/tuw_hardware_trinamic_driver/src/tuw_hardware_trinamic_connection.cpp:141:43:[m[K [01;31m[Kerror: [m[Kcannot convert ‘[01m[Kstd::array<unsigned char, 9>[m[K’ to ‘[01m[Kvoid*[m[K’
[0.465s]   141 |         int num_bytes = read(serial_port, [01;31m[Kreply_message[m[K, 9);
[0.465s]       |                                           [01;31m[K^~~~~~~~~~~~~[m[K
[0.465s]       |                                           [01;31m[K|[m[K
[0.466s]       |                                           [01;31m[Kstd::array<unsigned char, 9>[m[K
[0.466s] [01m[K/usr/include/unistd.h:371:38:[m[K [01;36m[Knote: [m[K  initializing argument 2 of ‘[01m[Kssize_t[01;32m[K read[m[K(int, void*, size_t)[m[K’
[0.466s]   371 | extern ssize_t read (int __fd, [01;36m[Kvoid *__buf[m[K, size_t __nbytes) __wur
[0.466s]       |                                [01;36m[K~~~~~~^~~~~[m[K
[0.466s] [01m[K/home/coffee/Documents/Studium/TU/bachelorarbeit/tuw_hardware_interface/src/tuw_hardware_trinamic_driver/src/tuw_hardware_trinamic_connection.cpp:147:18:[m[K [01;35m[Kwarning: [m[Kstatement has no effect [[01;35m[K]8;;https://gcc.gnu.org/onlinedocs/gcc/Warning-Options.html#index-Wunused-value-Wunused-value]8;;[m[K]
[0.466s]   147 |         else true[01;35m[K;[m[K
[0.466s]       |                  [01;35m[K^[m[K
[0.466s] [01m[K/home/coffee/Documents/Studium/TU/bachelorarbeit/tuw_hardware_interface/src/tuw_hardware_trinamic_driver/src/tuw_hardware_trinamic_connection.cpp:[m[K In member function ‘[01m[Ktmcm1640::tmcm1640_status_codes tmcm1640::TMCM1640Connection::[01;32m[Kcheck_reply[m[K()[m[K’:
[0.466s] [01m[K/home/coffee/Documents/Studium/TU/bachelorarbeit/tuw_hardware_interface/src/tuw_hardware_trinamic_driver/src/tuw_hardware_trinamic_connection.cpp:163:44:[m[K [01;31m[Kerror: [m[Kno match for ‘[01m[Koperator[][m[K’ (operand types are ‘[01m[Kstd::array<unsigned char, 9>[m[K’ and ‘[01m[Ktmcm1640::tmcm1640_reply_format[m[K’)
[0.466s]   163 |         if(!(calc_checksum == reply_message[01;31m[K[[m[Ktmcm1640_reply_format::CHECKSUM])) {
[0.467s]       |                                            [01;31m[K^[m[K
[0.467s] [01m[K/usr/include/c++/13/array:200:7:[m[K [01;36m[Knote: [m[Kcandidate: ‘[01m[Kconstexpr std::array<_Tp, _Nm>::value_type& std::array<_Tp, _Nm>::[01;32m[Koperator[][m[K(size_type) [35m[K[with _Tp = unsigned char; long unsigned int _Nm = 9; reference = unsigned char&; size_type = long unsigned int][m[K[m[K’
[0.467s]   200 |       [01;36m[Koperator[m[K[](size_type __n) noexcept
[0.467s]       |       [01;36m[K^~~~~~~~[m[K
[0.467s] [01m[K/usr/include/c++/13/array:200:28:[m[K [01;36m[Knote: [m[K  no known conversion for argument 1 from ‘[01m[Ktmcm1640::tmcm1640_reply_format[m[K’ to ‘[01m[Kstd::array<unsigned char, 9>::size_type[m[K’ {aka ‘[01m[Klong unsigned int[m[K’}
[0.467s]   200 |       operator[]([01;36m[Ksize_type __n[m[K) noexcept
[0.467s]       |                  [01;36m[K~~~~~~~~~~^~~[m[K
[0.467s] [01m[K/usr/include/c++/13/array:208:7:[m[K [01;36m[Knote: [m[Kcandidate: ‘[01m[Kconstexpr const std::array<_Tp, _Nm>::value_type& std::array<_Tp, _Nm>::[01;32m[Koperator[][m[K(size_type) const [35m[K[with _Tp = unsigned char; long unsigned int _Nm = 9; const_reference = const unsigned char&; size_type = long unsigned int][m[K[m[K’
[0.467s]   208 |       [01;36m[Koperator[m[K[](size_type __n) const noexcept
[0.467s]       |       [01;36m[K^~~~~~~~[m[K
[0.467s] [01m[K/usr/include/c++/13/array:208:28:[m[K [01;36m[Knote: [m[K  no known conversion for argument 1 from ‘[01m[Ktmcm1640::tmcm1640_reply_format[m[K’ to ‘[01m[Kstd::array<unsigned char, 9>::size_type[m[K’ {aka ‘[01m[Klong unsigned int[m[K’}
[0.468s]   208 |       operator[]([01;36m[Ksize_type __n[m[K) const noexcept
[0.468s]       |                  [01;36m[K~~~~~~~~~~^~~[m[K
[0.468s] [01m[K/home/coffee/Documents/Studium/TU/bachelorarbeit/tuw_hardware_interface/src/tuw_hardware_trinamic_driver/src/tuw_hardware_trinamic_connection.cpp:170:29:[m[K [01;31m[Kerror: [m[Kno match for ‘[01m[Koperator[][m[K’ (operand types are ‘[01m[Kstd::array<unsigned char, 9>[m[K’ and ‘[01m[Ktmcm1640::tmcm1640_reply_format[m[K’)
[0.468s]   170 |         return reply_message[01;31m[K[[m[Ktmcm1640_reply_format::STATUS];
[0.468s]       |                             [01;31m[K^[m[K
[0.468s] [01m[K/usr/include/c++/13/array:200:7:[m[K [01;36m[Knote: [m[Kcandidate: ‘[01m[Kconstexpr std::array<_Tp, _Nm>::value_type& std::array<_Tp, _Nm>::[01;32m[Koperator[][m[K(size_type) [35m[K[with _Tp = unsigned char; long unsigned int _Nm = 9; reference = unsigned char&; size_type = long unsigned int][m[K[m[K’
[0.468s]   200 |       [01;36m[Koperator[m[K[](size_type __n) noexcept
[0.468s]       |       [01;36m[K^~~~~~~~[m[K
[0.468s] [01m[K/usr/include/c++/13/array:200:28:[m[K [01;36m[Knote: [m[K  no known conversion for argument 1 from ‘[01m[Ktmcm1640::tmcm1640_reply_format[m[K’ to ‘[01m[Kstd::array<unsigned char, 9>::size_type[m[K’ {aka ‘[01m[Klong unsigned int[m[K’}
[0.468s]   200 |       operator[]([01;36m[Ksize_type __n[m[K) noexcept
[0.469s]       |                  [01;36m[K~~~~~~~~~~^~~[m[K
[0.469s] [01m[K/usr/include/c++/13/array:208:7:[m[K [01;36m[Knote: [m[Kcandidate: ‘[01m[Kconstexpr const std::array<_Tp, _Nm>::value_type& std::array<_Tp, _Nm>::[01;32m[Koperator[][m[K(size_type) const [35m[K[with _Tp = unsigned char; long unsigned int _Nm = 9; const_reference = const unsigned char&; size_type = long unsigned int][m[K[m[K’
[0.469s]   208 |       [01;36m[Koperator[m[K[](size_type __n) const noexcept
[0.469s]       |       [01;36m[K^~~~~~~~[m[K
[0.469s] [01m[K/usr/include/c++/13/array:208:28:[m[K [01;36m[Knote: [m[K  no known conversion for argument 1 from ‘[01m[Ktmcm1640::tmcm1640_reply_format[m[K’ to ‘[01m[Kstd::array<unsigned char, 9>::size_type[m[K’ {aka ‘[01m[Klong unsigned int[m[K’}
[0.469s]   208 |       operator[]([01;36m[Ksize_type __n[m[K) const noexcept
[0.469s]       |                  [01;36m[K~~~~~~~~~~^~~[m[K
[0.469s] [01m[K/home/coffee/Documents/Studium/TU/bachelorarbeit/tuw_hardware_interface/src/tuw_hardware_trinamic_driver/src/tuw_hardware_trinamic_connection.cpp:[m[K In member function ‘[01m[Kvoid tmcm1640::TMCM1640Connection::[01;32m[Kset_value[m[K()[m[K’:
[0.469s] [01m[K/home/coffee/Documents/Studium/TU/bachelorarbeit/tuw_hardware_interface/src/tuw_hardware_trinamic_driver/src/tuw_hardware_trinamic_connection.cpp:174:31:[m[K [01;31m[Kerror: [m[Kno match for ‘[01m[Koperator[][m[K’ (operand types are ‘[01m[Kstd::array<unsigned char, 9>[m[K’ and ‘[01m[Ktmcm1640::tmcm1640_reply_format[m[K’)
[0.469s]   174 |         value = (reply_message[01;31m[K[[m[Ktmcm1640_reply_format::VALUE3] << 24 |
[0.469s]       |                               [01;31m[K^[m[K
[0.470s] [01m[K/usr/include/c++/13/array:200:7:[m[K [01;36m[Knote: [m[Kcandidate: ‘[01m[Kconstexpr std::array<_Tp, _Nm>::value_type& std::array<_Tp, _Nm>::[01;32m[Koperator[][m[K(size_type) [35m[K[with _Tp = unsigned char; long unsigned int _Nm = 9; reference = unsigned char&; size_type = long unsigned int][m[K[m[K’
[0.470s]   200 |       [01;36m[Koperator[m[K[](size_type __n) noexcept
[0.470s]       |       [01;36m[K^~~~~~~~[m[K
[0.470s] [01m[K/usr/include/c++/13/array:200:28:[m[K [01;36m[Knote: [m[K  no known conversion for argument 1 from ‘[01m[Ktmcm1640::tmcm1640_reply_format[m[K’ to ‘[01m[Kstd::array<unsigned char, 9>::size_type[m[K’ {aka ‘[01m[Klong unsigned int[m[K’}
[0.470s]   200 |       operator[]([01;36m[Ksize_type __n[m[K) noexcept
[0.470s]       |                  [01;36m[K~~~~~~~~~~^~~[m[K
[0.470s] [01m[K/usr/include/c++/13/array:208:7:[m[K [01;36m[Knote: [m[Kcandidate: ‘[01m[Kconstexpr const std::array<_Tp, _Nm>::value_type& std::array<_Tp, _Nm>::[01;32m[Koperator[][m[K(size_type) const [35m[K[with _Tp = unsigned char; long unsigned int _Nm = 9; const_reference = const unsigned char&; size_type = long unsigned int][m[K[m[K’
[0.470s]   208 |       [01;36m[Koperator[m[K[](size_type __n) const noexcept
[0.470s]       |       [01;36m[K^~~~~~~~[m[K
[0.470s] [01m[K/usr/include/c++/13/array:208:28:[m[K [01;36m[Knote: [m[K  no known conversion for argument 1 from ‘[01m[Ktmcm1640::tmcm1640_reply_format[m[K’ to ‘[01m[Kstd::array<unsigned char, 9>::size_type[m[K’ {aka ‘[01m[Klong unsigned int[m[K’}
[0.471s]   208 |       operator[]([01;36m[Ksize_type __n[m[K) const noexcept
[0.471s]       |                  [01;36m[K~~~~~~~~~~^~~[m[K
[0.471s] [01m[K/home/coffee/Documents/Studium/TU/bachelorarbeit/tuw_hardware_interface/src/tuw_hardware_trinamic_driver/src/tuw_hardware_trinamic_connection.cpp:175:31:[m[K [01;31m[Kerror: [m[Kno match for ‘[01m[Koperator[][m[K’ (operand types are ‘[01m[Kstd::array<unsigned char, 9>[m[K’ and ‘[01m[Ktmcm1640::tmcm1640_reply_format[m[K’)
[0.471s]   175 |                  reply_message[01;31m[K[[m[Ktmcm1640_reply_format::VALUE2] << 16 |
[0.471s]       |                               [01;31m[K^[m[K
[0.471s] [01m[K/usr/include/c++/13/array:200:7:[m[K [01;36m[Knote: [m[Kcandidate: ‘[01m[Kconstexpr std::array<_Tp, _Nm>::value_type& std::array<_Tp, _Nm>::[01;32m[Koperator[][m[K(size_type) [35m[K[with _Tp = unsigned char; long unsigned int _Nm = 9; reference = unsigned char&; size_type = long unsigned int][m[K[m[K’
[0.471s]   200 |       [01;36m[Koperator[m[K[](size_type __n) noexcept
[0.471s]       |       [01;36m[K^~~~~~~~[m[K
[0.471s] [01m[K/usr/include/c++/13/array:200:28:[m[K [01;36m[Knote: [m[K  no known conversion for argument 1 from ‘[01m[Ktmcm1640::tmcm1640_reply_format[m[K’ to ‘[01m[Kstd::array<unsigned char, 9>::size_type[m[K’ {aka ‘[01m[Klong unsigned int[m[K’}
[0.471s]   200 |       operator[]([01;36m[Ksize_type __n[m[K) noexcept
[0.471s]       |                  [01;36m[K~~~~~~~~~~^~~[m[K
[0.472s] [01m[K/usr/include/c++/13/array:208:7:[m[K [01;36m[Knote: [m[Kcandidate: ‘[01m[Kconstexpr const std::array<_Tp, _Nm>::value_type& std::array<_Tp, _Nm>::[01;32m[Koperator[][m[K(size_type) const [35m[K[with _Tp = unsigned char; long unsigned int _Nm = 9; const_reference = const unsigned char&; size_type = long unsigned int][m[K[m[K’
[0.472s]   208 |       [01;36m[Koperator[m[K[](size_type __n) const noexcept
[0.472s]       |       [01;36m[K^~~~~~~~[m[K
[0.472s] [01m[K/usr/include/c++/13/array:208:28:[m[K [01;36m[Knote: [m[K  no known conversion for argument 1 from ‘[01m[Ktmcm1640::tmcm1640_reply_format[m[K’ to ‘[01m[Kstd::array<unsigned char, 9>::size_type[m[K’ {aka ‘[01m[Klong unsigned int[m[K’}
[0.472s]   208 |       operator[]([01;36m[Ksize_type __n[m[K) const noexcept
[0.472s]       |                  [01;36m[K~~~~~~~~~~^~~[m[K
[0.472s] [01m[K/home/coffee/Documents/Studium/TU/bachelorarbeit/tuw_hardware_interface/src/tuw_hardware_trinamic_driver/src/tuw_hardware_trinamic_connection.cpp:176:31:[m[K [01;31m[Kerror: [m[Kno match for ‘[01m[Koperator[][m[K’ (operand types are ‘[01m[Kstd::array<unsigned char, 9>[m[K’ and ‘[01m[Ktmcm1640::tmcm1640_reply_format[m[K’)
[0.472s]   176 |                  reply_message[01;31m[K[[m[Ktmcm1640_reply_format::VALUE1] << 8  |
[0.472s]       |                               [01;31m[K^[m[K
[0.472s] [01m[K/usr/include/c++/13/array:200:7:[m[K [01;36m[Knote: [m[Kcandidate: ‘[01m[Kconstexpr std::array<_Tp, _Nm>::value_type& std::array<_Tp, _Nm>::[01;32m[Koperator[][m[K(size_type) [35m[K[with _Tp = unsigned char; long unsigned int _Nm = 9; reference = unsigned char&; size_type = long unsigned int][m[K[m[K’
[0.473s]   200 |       [01;36m[Koperator[m[K[](size_type __n) noexcept
[0.473s]       |       [01;36m[K^~~~~~~~[m[K
[0.473s] [01m[K/usr/include/c++/13/array:200:28:[m[K [01;36m[Knote: [m[K  no known conversion for argument 1 from ‘[01m[Ktmcm1640::tmcm1640_reply_format[m[K’ to ‘[01m[Kstd::array<unsigned char, 9>::size_type[m[K’ {aka ‘[01m[Klong unsigned int[m[K’}
[0.473s]   200 |       operator[]([01;36m[Ksize_type __n[m[K) noexcept
[0.473s]       |                  [01;36m[K~~~~~~~~~~^~~[m[K
[0.473s] [01m[K/usr/include/c++/13/array:208:7:[m[K [01;36m[Knote: [m[Kcandidate: ‘[01m[Kconstexpr const std::array<_Tp, _Nm>::value_type& std::array<_Tp, _Nm>::[01;32m[Koperator[][m[K(size_type) const [35m[K[with _Tp = unsigned char; long unsigned int _Nm = 9; const_reference = const unsigned char&; size_type = long unsigned int][m[K[m[K’
[0.473s]   208 |       [01;36m[Koperator[m[K[](size_type __n) const noexcept
[0.473s]       |       [01;36m[K^~~~~~~~[m[K
[0.473s] [01m[K/usr/include/c++/13/array:208:28:[m[K [01;36m[Knote: [m[K  no known conversion for argument 1 from ‘[01m[Ktmcm1640::tmcm1640_reply_format[m[K’ to ‘[01m[Kstd::array<unsigned char, 9>::size_type[m[K’ {aka ‘[01m[Klong unsigned int[m[K’}
[0.473s]   208 |       operator[]([01;36m[Ksize_type __n[m[K) const noexcept
[0.473s]       |                  [01;36m[K~~~~~~~~~~^~~[m[K
[0.474s] [01m[K/home/coffee/Documents/Studium/TU/bachelorarbeit/tuw_hardware_interface/src/tuw_hardware_trinamic_driver/src/tuw_hardware_trinamic_connection.cpp:177:31:[m[K [01;31m[Kerror: [m[Kno match for ‘[01m[Koperator[][m[K’ (operand types are ‘[01m[Kstd::array<unsigned char, 9>[m[K’ and ‘[01m[Ktmcm1640::tmcm1640_reply_format[m[K’)
[0.474s]   177 |                  reply_message[01;31m[K[[m[Ktmcm1640_reply_format::VALUE0]);
[0.474s]       |                               [01;31m[K^[m[K
[0.474s] [01m[K/usr/include/c++/13/array:200:7:[m[K [01;36m[Knote: [m[Kcandidate: ‘[01m[Kconstexpr std::array<_Tp, _Nm>::value_type& std::array<_Tp, _Nm>::[01;32m[Koperator[][m[K(size_type) [35m[K[with _Tp = unsigned char; long unsigned int _Nm = 9; reference = unsigned char&; size_type = long unsigned int][m[K[m[K’
[0.474s]   200 |       [01;36m[Koperator[m[K[](size_type __n) noexcept
[0.474s]       |       [01;36m[K^~~~~~~~[m[K
[0.474s] [01m[K/usr/include/c++/13/array:200:28:[m[K [01;36m[Knote: [m[K  no known conversion for argument 1 from ‘[01m[Ktmcm1640::tmcm1640_reply_format[m[K’ to ‘[01m[Kstd::array<unsigned char, 9>::size_type[m[K’ {aka ‘[01m[Klong unsigned int[m[K’}
[0.474s]   200 |       operator[]([01;36m[Ksize_type __n[m[K) noexcept
[0.474s]       |                  [01;36m[K~~~~~~~~~~^~~[m[K
[0.474s] [01m[K/usr/include/c++/13/array:208:7:[m[K [01;36m[Knote: [m[Kcandidate: ‘[01m[Kconstexpr const std::array<_Tp, _Nm>::value_type& std::array<_Tp, _Nm>::[01;32m[Koperator[][m[K(size_type) const [35m[K[with _Tp = unsigned char; long unsigned int _Nm = 9; const_reference = const unsigned char&; size_type = long unsigned int][m[K[m[K’
[0.474s]   208 |       [01;36m[Koperator[m[K[](size_type __n) const noexcept
[0.475s]       |       [01;36m[K^~~~~~~~[m[K
[0.475s] [01m[K/usr/include/c++/13/array:208:28:[m[K [01;36m[Knote: [m[K  no known conversion for argument 1 from ‘[01m[Ktmcm1640::tmcm1640_reply_format[m[K’ to ‘[01m[Kstd::array<unsigned char, 9>::size_type[m[K’ {aka ‘[01m[Klong unsigned int[m[K’}
[0.475s]   208 |       operator[]([01;36m[Ksize_type __n[m[K) const noexcept
[0.475s]       |                  [01;36m[K~~~~~~~~~~^~~[m[K
[0.476s] [01m[K/home/coffee/Documents/Studium/TU/bachelorarbeit/tuw_hardware_interface/src/tuw_hardware_trinamic_driver/src/tuw_hardware_trinamic_connection.cpp:[m[K In member function ‘[01m[Kbool tmcm1640::TMCM1640Connection::[01;32m[Ksend_and_receive[m[K()[m[K’:
[0.476s] [01m[K/home/coffee/Documents/Studium/TU/bachelorarbeit/tuw_hardware_interface/src/tuw_hardware_trinamic_driver/src/tuw_hardware_trinamic_connection.cpp:148:5:[m[K [01;35m[Kwarning: [m[Kcontrol reaches end of non-void function [[01;35m[K]8;;https://gcc.gnu.org/onlinedocs/gcc/Warning-Options.html#index-Wreturn-type-Wreturn-type]8;;[m[K]
[0.476s]   148 |     [01;35m[K}[m[K
[0.476s]       |     [01;35m[K^[m[K
[0.485s] gmake[2]: *** [CMakeFiles/trinamic_test_node.dir/build.make:90: CMakeFiles/trinamic_test_node.dir/src/tuw_hardware_trinamic_connection.cpp.o] Error 1
[0.486s] gmake[2]: *** Waiting for unfinished jobs....
[4.826s] gmake[1]: *** [CMakeFiles/Makefile2:137: CMakeFiles/trinamic_test_node.dir/all] Error 2
[4.826s] gmake: *** [Makefile:146: all] Error 2
[4.831s] Invoked command in '/home/coffee/Documents/Studium/TU/bachelorarbeit/tuw_hardware_interface/build/tuw_hardware_trinamic_driver' returned '2': CMAKE_PREFIX_PATH=${CMAKE_PREFIX_PATH}:/opt/ros/jazzy DEBUGINFOD_URLS=https://debuginfod.ubuntu.com /usr/bin/cmake --build /home/coffee/Documents/Studium/TU/bachelorarbeit/tuw_hardware_interface/build/tuw_hardware_trinamic_driver -- -j14 -l14
